Archive member included to satisfy reference by file (symbol)

/usr/local/sbin/gcc-arm-none-eabi-5_2-2015q4/bin/../lib/gcc/arm-none-eabi/5.2.1/armv6-m/libgcc.a(_udivsi3.o)
                              ./cmsis_boot/system_stm32f0xx.o (__aeabi_uidiv)
/usr/local/sbin/gcc-arm-none-eabi-5_2-2015q4/bin/../lib/gcc/arm-none-eabi/5.2.1/armv6-m/libgcc.a(_dvmd_tls.o)
                              /usr/local/sbin/gcc-arm-none-eabi-5_2-2015q4/bin/../lib/gcc/arm-none-eabi/5.2.1/armv6-m/libgcc.a(_udivsi3.o) (__aeabi_idiv0)
/usr/local/sbin/gcc-arm-none-eabi-5_2-2015q4/bin/../lib/gcc/arm-none-eabi/5.2.1/armv6-m/libgcc.a(_fixunssfsi.o)
                              ./src/main.o (__aeabi_f2uiz)
/usr/local/sbin/gcc-arm-none-eabi-5_2-2015q4/bin/../lib/gcc/arm-none-eabi/5.2.1/armv6-m/libgcc.a(mulsf3.o)
                              ./src/main.o (__aeabi_fmul)
/usr/local/sbin/gcc-arm-none-eabi-5_2-2015q4/bin/../lib/gcc/arm-none-eabi/5.2.1/armv6-m/libgcc.a(subsf3.o)
                              ./src/main.o (__aeabi_fsub)
/usr/local/sbin/gcc-arm-none-eabi-5_2-2015q4/bin/../lib/gcc/arm-none-eabi/5.2.1/armv6-m/libgcc.a(fixsfsi.o)
                              /usr/local/sbin/gcc-arm-none-eabi-5_2-2015q4/bin/../lib/gcc/arm-none-eabi/5.2.1/armv6-m/libgcc.a(_fixunssfsi.o) (__aeabi_f2iz)
/usr/local/sbin/gcc-arm-none-eabi-5_2-2015q4/bin/../lib/gcc/arm-none-eabi/5.2.1/armv6-m/libgcc.a(floatsisf.o)
                              ./src/main.o (__aeabi_i2f)
/usr/local/sbin/gcc-arm-none-eabi-5_2-2015q4/bin/../lib/gcc/arm-none-eabi/5.2.1/armv6-m/libgcc.a(floatunsisf.o)
                              ./src/main.o (__aeabi_ui2f)
/usr/local/sbin/gcc-arm-none-eabi-5_2-2015q4/bin/../lib/gcc/arm-none-eabi/5.2.1/armv6-m/libgcc.a(muldf3.o)
                              ./src/main.o (__aeabi_dmul)
/usr/local/sbin/gcc-arm-none-eabi-5_2-2015q4/bin/../lib/gcc/arm-none-eabi/5.2.1/armv6-m/libgcc.a(floatsidf.o)
                              ./src/main.o (__aeabi_i2d)
/usr/local/sbin/gcc-arm-none-eabi-5_2-2015q4/bin/../lib/gcc/arm-none-eabi/5.2.1/armv6-m/libgcc.a(truncdfsf2.o)
                              ./src/main.o (__aeabi_d2f)
/usr/local/sbin/gcc-arm-none-eabi-5_2-2015q4/bin/../lib/gcc/arm-none-eabi/5.2.1/armv6-m/libgcc.a(_arm_cmpsf2.o)
                              /usr/local/sbin/gcc-arm-none-eabi-5_2-2015q4/bin/../lib/gcc/arm-none-eabi/5.2.1/armv6-m/libgcc.a(_fixunssfsi.o) (__aeabi_fcmpge)
/usr/local/sbin/gcc-arm-none-eabi-5_2-2015q4/bin/../lib/gcc/arm-none-eabi/5.2.1/armv6-m/libgcc.a(_clzsi2.o)
                              /usr/local/sbin/gcc-arm-none-eabi-5_2-2015q4/bin/../lib/gcc/arm-none-eabi/5.2.1/armv6-m/libgcc.a(mulsf3.o) (__clzsi2)
/usr/local/sbin/gcc-arm-none-eabi-5_2-2015q4/bin/../lib/gcc/arm-none-eabi/5.2.1/armv6-m/libgcc.a(eqsf2.o)
                              /usr/local/sbin/gcc-arm-none-eabi-5_2-2015q4/bin/../lib/gcc/arm-none-eabi/5.2.1/armv6-m/libgcc.a(_arm_cmpsf2.o) (__eqsf2)
/usr/local/sbin/gcc-arm-none-eabi-5_2-2015q4/bin/../lib/gcc/arm-none-eabi/5.2.1/armv6-m/libgcc.a(gesf2.o)
                              /usr/local/sbin/gcc-arm-none-eabi-5_2-2015q4/bin/../lib/gcc/arm-none-eabi/5.2.1/armv6-m/libgcc.a(_arm_cmpsf2.o) (__gesf2)
/usr/local/sbin/gcc-arm-none-eabi-5_2-2015q4/bin/../lib/gcc/arm-none-eabi/5.2.1/armv6-m/libgcc.a(lesf2.o)
                              /usr/local/sbin/gcc-arm-none-eabi-5_2-2015q4/bin/../lib/gcc/arm-none-eabi/5.2.1/armv6-m/libgcc.a(_arm_cmpsf2.o) (__lesf2)
/usr/local/sbin/gcc-arm-none-eabi-5_2-2015q4/bin/../lib/gcc/arm-none-eabi/5.2.1/../../../../arm-none-eabi/lib/armv6-m/libc_nano.a(lib_a-atoi.o)
                              ./src/tcp_transceiver.o (atoi)
/usr/local/sbin/gcc-arm-none-eabi-5_2-2015q4/bin/../lib/gcc/arm-none-eabi/5.2.1/../../../../arm-none-eabi/lib/armv6-m/libc_nano.a(lib_a-memcmp.o)
                              ./paho.mqtt.embedded-c/MQTTPacket/src/MQTTConnectServer.o (memcmp)
/usr/local/sbin/gcc-arm-none-eabi-5_2-2015q4/bin/../lib/gcc/arm-none-eabi/5.2.1/../../../../arm-none-eabi/lib/armv6-m/libc_nano.a(lib_a-memcpy-stub.o)
                              ./src/main.o (memcpy)
/usr/local/sbin/gcc-arm-none-eabi-5_2-2015q4/bin/../lib/gcc/arm-none-eabi/5.2.1/../../../../arm-none-eabi/lib/armv6-m/libc_nano.a(lib_a-memset.o)
                              ./src/tcp_transceiver.o (memset)
/usr/local/sbin/gcc-arm-none-eabi-5_2-2015q4/bin/../lib/gcc/arm-none-eabi/5.2.1/../../../../arm-none-eabi/lib/armv6-m/libc_nano.a(lib_a-rand.o)
                              ./src/dsp.o (srand)
/usr/local/sbin/gcc-arm-none-eabi-5_2-2015q4/bin/../lib/gcc/arm-none-eabi/5.2.1/../../../../arm-none-eabi/lib/armv6-m/libc_nano.a(lib_a-snprintf.o)
                              ./paho.mqtt.embedded-c/MQTTPacket/src/MQTTFormat.o (snprintf)
/usr/local/sbin/gcc-arm-none-eabi-5_2-2015q4/bin/../lib/gcc/arm-none-eabi/5.2.1/../../../../arm-none-eabi/lib/armv6-m/libc_nano.a(lib_a-sprintf.o)
                              ./src/main.o (sprintf)
[...]
Memory Configuration

Name             Origin             Length             Attributes
FLASH            0x08000000         0x00010000         xr
RAM              0x20000000         0x00002000         xrw
*default*        0x00000000         0xffffffff

Linker script and memory map

LOAD ./src/main.o
LOAD ./cmsis_boot/system_stm32f0xx.o
LOAD ./cmsis_boot/syscalls/syscalls.o
LOAD ../STM32F0xx_StdPeriph_Lib_V1.3.1/Libraries/STM32F0xx_StdPeriph_Driver/src/stm32f0xx_exti.o
LOAD ../STM32F0xx_StdPeriph_Lib_V1.3.1/Libraries/STM32F0xx_StdPeriph_Driver/src/stm32f0xx_flash.o
LOAD ../STM32F0xx_StdPeriph_Lib_V1.3.1/Libraries/STM32F0xx_StdPeriph_Driver/src/stm32f0xx_gpio.o
LOAD ../STM32F0xx_StdPeriph_Lib_V1.3.1/Libraries/STM32F0xx_StdPeriph_Driver/src/stm32f0xx_misc.o
LOAD ../STM32F0xx_StdPeriph_Lib_V1.3.1/Libraries/STM32F0xx_StdPeriph_Driver/src/stm32f0xx_rcc.o
LOAD ../STM32F0xx_StdPeriph_Lib_V1.3.1/Libraries/STM32F0xx_StdPeriph_Driver/src/stm32f0xx_spi.o
LOAD ../STM32F0xx_StdPeriph_Lib_V1.3.1/Libraries/STM32F0xx_StdPeriph_Driver/src/stm32f0xx_usart.o
LOAD ./src/stm32f0xx_it.o
LOAD ./src/gpio.o
LOAD ./src/tim.o
LOAD ./src/adc.o
LOAD ./src/uart.o
LOAD ./src/flash_program.o
LOAD ./src/dsp.o
LOAD ./src/hard.o
LOAD ./src/tcp_transceiver.o
LOAD ./cmsis_core/core_cm0.o
LOAD ./paho.mqtt.embedded-c/MQTTPacket/src/MQTTConnectClient.o
LOAD ./paho.mqtt.embedded-c/MQTTPacket/src/MQTTConnectServer.o
LOAD ./paho.mqtt.embedded-c/MQTTPacket/src/MQTTDeserializePublish.o
LOAD ./paho.mqtt.embedded-c/MQTTPacket/src/MQTTFormat.o
LOAD ./paho.mqtt.embedded-c/MQTTPacket/src/MQTTPacket.o
LOAD ./paho.mqtt.embedded-c/MQTTPacket/src/MQTTSerializePublish.o
LOAD ./paho.mqtt.embedded-c/MQTTPacket/src/MQTTSubscribeClient.o
LOAD ./paho.mqtt.embedded-c/MQTTPacket/src/MQTTSubscribeServer.o
LOAD ./paho.mqtt.embedded-c/MQTTPacket/src/MQTTUnsubscribeClient.o
LOAD ./paho.mqtt.embedded-c/MQTTPacket/src/MQTTUnsubscribeServer.o
LOAD ./src/gps_vktel.o
LOAD ./src/sim900_800.o
LOAD ./src/funcs_gsm.o
LOAD ./cmsis_boot/startup/startup_stm32f0xx.o
START GROUP
LOAD /usr/local/sbin/gcc-arm-none-eabi-5_2-2015q4/bin/../lib/gcc/arm-none-eabi/5.2.1/armv6-m/libgcc.a
LOAD /usr/local/sbin/gcc-arm-none-eabi-5_2-2015q4/bin/../lib/gcc/arm-none-eabi/5.2.1/../../../../arm-none-eabi/lib/armv6-m/libc_nano.a
END GROUP
START GROUP
LOAD /usr/local/sbin/gcc-arm-none-eabi-5_2-2015q4/bin/../lib/gcc/arm-none-eabi/5.2.1/armv6-m/libgcc.a
LOAD /usr/local/sbin/gcc-arm-none-eabi-5_2-2015q4/bin/../lib/gcc/arm-none-eabi/5.2.1/../../../../arm-none-eabi/lib/armv6-m/libc_nano.a
END GROUP
                0x20002000                _estack = 0x20002000
                0x00000000                _Min_Heap_Size = 0x0
                0x00000400                _Min_Stack_Size = 0x400

.isr_vector     0x08000000       0xc4
                0x08000000                . = ALIGN (0x4)
 *(.isr_vector)
 .isr_vector    0x08000000       0xc4 ./cmsis_boot/startup/startup_stm32f0xx.o
                0x08000000                g_pfnVectors
                0x080000c4                . = ALIGN (0x4)

.text           0x080000c4     0x3e58
                0x080000c4                . = ALIGN (0x4)
 *(.text)
 .text          0x080000c4      0x114 /usr/local/sbin/gcc-arm-none-eabi-5_2-2015q4/bin/../lib/gcc/arm-none-eabi/5.2.1/armv6-m/libgcc.a(_udivsi3.o)
                0x080000c4                __udivsi3
                0x080000c4                __aeabi_uidiv
                0x080001d0                __aeabi_uidivmod
 .text          0x080001d8        0x4 /usr/local/sbin/gcc-arm-none-eabi-5_2-2015q4/bin/../lib/gcc/arm-none-eabi/5.2.1/armv6-m/libgcc.a(_dvmd_tls.o)
                0x080001d8                __aeabi_ldiv0
                0x080001d8                __aeabi_idiv0
 .text          0x080001dc       0x30 /usr/local/sbin/gcc-arm-none-eabi-5_2-2015q4/bin/../lib/gcc/arm-none-eabi/5.2.1/armv6-m/libgcc.a(_fixunssfsi.o)
                0x080001dc                __aeabi_f2uiz
                0x080001dc                __fixunssfsi
 .text          0x0800020c      0x228 /usr/local/sbin/gcc-arm-none-eabi-5_2-2015q4/bin/../lib/gcc/arm-none-eabi/5.2.1/armv6-m/libgcc.a(mulsf3.o)
                0x0800020c                __aeabi_fmul
 .text          0x08000434      0x30c /usr/local/sbin/gcc-arm-none-eabi-5_2-2015q4/bin/../lib/gcc/arm-none-eabi/5.2.1/armv6-m/libgcc.a(subsf3.o)
                0x08000434                __aeabi_fsub
 .text          0x08000740       0x44 /usr/local/sbin/gcc-arm-none-eabi-5_2-2015q4/bin/../lib/gcc/arm-none-eabi/5.2.1/armv6-m/libgcc.a(fixsfsi.o)
                0x08000740                __aeabi_f2iz
 .text          0x08000784       0x90 /usr/local/sbin/gcc-arm-none-eabi-5_2-2015q4/bin/../lib/gcc/arm-none-eabi/5.2.1/armv6-m/libgcc.a(floatsisf.o)
                0x08000784                __aeabi_i2f
 .text          0x08000814       0x7c /usr/local/sbin/gcc-arm-none-eabi-5_2-2015q4/bin/../lib/gcc/arm-none-eabi/5.2.1/armv6-m/libgcc.a(floatunsisf.o)
                0x08000814                __aeabi_ui2f
 .text          0x08000890      0x4f4 /usr/local/sbin/gcc-arm-none-eabi-5_2-2015q4/bin/../lib/gcc/arm-none-eabi/5.2.1/armv6-m/libgcc.a(muldf3.o)
                0x08000890                __aeabi_dmul
 .text          0x08000d84       0x84 /usr/local/sbin/gcc-arm-none-eabi-5_2-2015q4/bin/../lib/gcc/arm-none-eabi/5.2.1/armv6-m/libgcc.a(floatsidf.o)
                0x08000d84                __aeabi_i2d
 .text          0x08000e08      0x118 /usr/local/sbin/gcc-arm-none-eabi-5_2-2015q4/bin/../lib/gcc/arm-none-eabi/5.2.1/armv6-m/libgcc.a(truncdfsf2.o)
                0x08000e08                __aeabi_d2f
 .text          0x08000f20       0x74 /usr/local/sbin/gcc-arm-none-eabi-5_2-2015q4/bin/../lib/gcc/arm-none-eabi/5.2.1/armv6-m/libgcc.a(_arm_cmpsf2.o)
                0x08000f20                __aeabi_cfrcmple
                0x08000f28                __aeabi_cfcmple
                0x08000f28                __aeabi_cfcmpeq
                0x08000f38                __aeabi_fcmpeq
                0x08000f44                __aeabi_fcmplt
                0x08000f58                __aeabi_fcmple
                0x08000f6c                __aeabi_fcmpgt
                0x08000f80                __aeabi_fcmpge
 .text          0x08000f94       0x3c /usr/local/sbin/gcc-arm-none-eabi-5_2-2015q4/bin/../lib/gcc/arm-none-eabi/5.2.1/armv6-m/libgcc.a(_clzsi2.o)
                0x08000f94                __clzsi2
 .text          0x08000fd0       0x50 /usr/local/sbin/gcc-arm-none-eabi-5_2-2015q4/bin/../lib/gcc/arm-none-eabi/5.2.1/armv6-m/libgcc.a(eqsf2.o)
                0x08000fd0                __nesf2
                0x08000fd0                __eqsf2
 .text          0x08001020       0x88 /usr/local/sbin/gcc-arm-none-eabi-5_2-2015q4/bin/../lib/gcc/arm-none-eabi/5.2.1/armv6-m/libgcc.a(gesf2.o)
                0x08001020                __gtsf2
                0x08001020                __gesf2
 .text          0x080010a8       0x88 /usr/local/sbin/gcc-arm-none-eabi-5_2-2015q4/bin/../lib/gcc/arm-none-eabi/5.2.1/armv6-m/libgcc.a(lesf2.o)
                0x080010a8                __lesf2
                0x080010a8                __ltsf2
 .text          0x08001130        0xe /usr/local/sbin/gcc-arm-none-eabi-5_2-2015q4/bin/../lib/gcc/arm-none-eabi/5.2.1/../../../../arm-none-eabi/lib/armv6-m/libc_nano.a(lib_a-strlen.o)
                0x08001130                strlen
 *(.text*)
 *fill*         0x0800113e        0x2 
 .text.NVIC_SetPriority
                0x08001140       0xec ./src/main.o
 .text.SysTick_Config
                0x0800122c       0x48 ./src/main.o
 .text.main     0x08001274      0x4b8 ./src/main.o
                0x08001274                main
 .text.TimingDelay_Decrement
                0x0800172c      0x164 ./src/main.o
                0x0800172c                TimingDelay_Decrement
 .text.SystemInit
                0x08001890       0x88 ./cmsis_boot/system_stm32f0xx.o
                0x08001890                SystemInit
 .text.SetSysClockInternalRC
                0x08001918       0xac ./cmsis_boot/system_stm32f0xx.o
                0x08001918                SetSysClockInternalRC
 .text._sbrk    0x080019c4       0x34 ./cmsis_boot/syscalls/syscalls.o
                0x080019c4                _sbrk
 .text.NMI_Handler
                0x080019f8        0x4 ./src/stm32f0xx_it.o
                0x080019f8                NMI_Handler
 .text.HardFault_Handler
                0x080019fc        0x4 ./src/stm32f0xx_it.o
                0x080019fc                HardFault_Handler
 .text.SVC_Handler
                0x08001a00        0x4 ./src/stm32f0xx_it.o
                0x08001a00                SVC_Handler
 .text.PendSV_Handler
                0x08001a04        0x4 ./src/stm32f0xx_it.o
                0x08001a04                PendSV_Handler
 .text.SysTick_Handler
                0x08001a08        0xc ./src/stm32f0xx_it.o
                0x08001a08                SysTick_Handler
 .text.GPIO_Config
                0x08001a14      0x118 ./src/gpio.o
                0x08001a14                GPIO_Config
 .text.EXTIOff  0x08001b2c       0x18 ./src/gpio.o
                0x08001b2c                EXTIOff
 .text.Update_TIM3_CH1
                0x08001b44       0x20 ./src/tim.o
                0x08001b44                Update_TIM3_CH1
 .text.Wait_ms  0x08001b64       0x2c ./src/tim.o
                0x08001b64                Wait_ms
 .text.TIM3_IRQHandler
                0x08001b90       0x1c ./src/tim.o
                0x08001b90                TIM3_IRQHandler
 .text.TIM_3_Init
                0x08001bac       0xa0 ./src/tim.o
                0x08001bac                TIM_3_Init
 .text.TIM14_IRQHandler
                0x08001c4c       0x1c ./src/tim.o
                0x08001c4c                TIM14_IRQHandler
 .text.TIM16_IRQHandler
                0x08001c68       0x1c ./src/tim.o
                0x08001c68                TIM16_IRQHandler
 .text.TIM_16_Init
                0x08001c84       0x48 ./src/tim.o
                0x08001c84                TIM_16_Init
 .text.TIM16Enable
                0x08001ccc       0x18 ./src/tim.o
                0x08001ccc                TIM16Enable
 .text.TIM17_IRQHandler
                0x08001ce4       0x1c ./src/tim.o
                0x08001ce4                TIM17_IRQHandler
 .text.NVIC_EnableIRQ
                0x08001d00       0x2c ./src/adc.o
 .text.NVIC_SetPriority
                0x08001d2c       0xec ./src/adc.o
 .text.AdcConfig
                0x08001e18       0xc0 ./src/adc.o
                0x08001e18                AdcConfig
 .text.ADC1_COMP_IRQHandler
                0x08001ed8       0x78 ./src/adc.o
                0x08001ed8                ADC1_COMP_IRQHandler
 .text.ADCGetCalibrationFactor
                0x08001f50       0x5c ./src/adc.o
                0x08001f50                ADCGetCalibrationFactor
 .text.NVIC_EnableIRQ
                0x08001fac       0x2c ./src/uart.o
 .text.NVIC_SetPriority
                0x08001fd8       0xec ./src/uart.o
 .text.Usart1Mode
                0x080020c4      0x10c ./src/uart.o
                0x080020c4                Usart1Mode
 .text.ReadUsart1Buffer
                0x080021d0       0x60 ./src/uart.o
                0x080021d0                ReadUsart1Buffer
 .text.USART1_IRQHandler
                0x08002230      0x118 ./src/uart.o
                0x08002230                USART1_IRQHandler
 .text.USART2_IRQHandler
                0x08002348       0xc4 ./src/uart.o
                0x08002348                USART2_IRQHandler
 .text.Usart2Send
                0x0800240c       0x2c ./src/uart.o
                0x0800240c                Usart2Send
 .text.Usart2SendUnsigned
                0x08002438       0x60 ./src/uart.o
                0x08002438                Usart2SendUnsigned
 .text.Usart1Send
                0x08002498       0x2c ./src/uart.o
                0x08002498                Usart1Send
 .text.Usart1SendUnsigned
                0x080024c4       0x60 ./src/uart.o
                0x080024c4                Usart1SendUnsigned
 .text.USART2Config
                0x08002524       0x98 ./src/uart.o
                0x08002524                USART2Config
 .text.USART1Config
                0x080025bc       0x6c ./src/uart.o
                0x080025bc                USART1Config
 .text.MAFilter8
                0x08002628       0x98 ./src/dsp.o
                0x08002628                MAFilter8
 .text.UpdateRelay
                0x080026c0      0x170 ./src/hard.o
                0x080026c0                UpdateRelay
 .text.UpdateVGrid
                0x08002830       0x70 ./src/hard.o
                0x08002830                UpdateVGrid
 .text.UpdateIGrid
                0x080028a0       0x90 ./src/hard.o
                0x080028a0                UpdateIGrid
 .text.GetVGrid
                0x08002930       0x28 ./src/hard.o
                0x08002930                GetVGrid
 .text.GetIGrid
                0x08002958       0x28 ./src/hard.o
                0x08002958                GetIGrid
 .text.PowerCalc
                0x08002980       0x30 ./src/hard.o
                0x08002980                PowerCalc
 .text.PowerCalcMean8
                0x080029b0      0x170 ./src/hard.o
                0x080029b0                PowerCalcMean8
 .text.GSMProcess
                0x08002b20       0x5c ./src/sim900_800.o
                0x08002b20                GSMProcess
 .text.GSM_Start
                0x08002b7c       0xfc ./src/sim900_800.o
                0x08002b7c                GSM_Start
 .text.GSM_Start_Stop_ResetSM
                0x08002c78       0x10 ./src/sim900_800.o
                0x08002c78                GSM_Start_Stop_ResetSM
 .text.GSM_Stop
                0x08002c88       0xbc ./src/sim900_800.o
                0x08002c88                GSM_Stop
 .text.GSM_Delay
                0x08002d44       0x70 ./src/sim900_800.o
                0x08002d44                GSM_Delay
 .text.GSMReceive
                0x08002db4      0x298 ./src/sim900_800.o
                0x08002db4                GSMReceive
 .text.GSMSendCommand
                0x0800304c      0x150 ./src/sim900_800.o
                0x0800304c                GSMSendCommand
 .text.GSMSendSMS
                0x0800319c      0x170 ./src/sim900_800.o
                0x0800319c                GSMSendSMS
 .text.GSMTimeoutCounters
                0x0800330c       0xf8 ./src/sim900_800.o
                0x0800330c                GSMTimeoutCounters
 .text.FuncsGSM
                0x08003404      0x1c4 ./src/funcs_gsm.o
                0x08003404                FuncsGSM
 .text.FuncsGSMReset
                0x080035c8       0x14 ./src/funcs_gsm.o
                0x080035c8                FuncsGSMReset
 .text.FuncsGSMSendSMS
                0x080035dc       0x38 ./src/funcs_gsm.o
                0x080035dc                FuncsGSMSendSMS
 .text.FuncsGSMReady
                0x08003614       0x18 ./src/funcs_gsm.o
                0x08003614                FuncsGSMReady
 .text.Reset_Handler
                0x0800362c       0x44 ./cmsis_boot/startup/startup_stm32f0xx.o
                0x0800362c                Reset_Handler
 .text.Default_Handler
                0x08003670        0x2 ./cmsis_boot/startup/startup_stm32f0xx.o
                0x08003670                TIM1_CC_IRQHandler
                0x08003670                PVD_IRQHandler
                0x08003670                I2C1_IRQHandler
                0x08003670                SPI1_IRQHandler
                0x08003670                TIM6_DAC_IRQHandler
                0x08003670                EXTI2_3_IRQHandler
                0x08003670                I2C2_IRQHandler
                0x08003670                RTC_IRQHandler
                0x08003670                EXTI4_15_IRQHandler
                0x08003670                RCC_IRQHandler
                0x08003670                DMA1_Channel1_IRQHandler
                0x08003670                Default_Handler
                0x08003670                CEC_IRQHandler
                0x08003670                DMA1_Channel4_5_IRQHandler
                0x08003670                TIM15_IRQHandler
                0x08003670                EXTI0_1_IRQHandler
                0x08003670                SPI2_IRQHandler
                0x08003670                TS_IRQHandler
                0x08003670                WWDG_IRQHandler
                0x08003670                TIM2_IRQHandler
                0x08003670                DMA1_Channel2_3_IRQHandler
                0x08003670                FLASH_IRQHandler
                0x08003670                TIM1_BRK_UP_TRG_COM_IRQHandler
 .text.memcpy   0x08003672       0x12 /usr/local/sbin/gcc-arm-none-eabi-5_2-2015q4/bin/../lib/gcc/arm-none-eabi/5.2.1/../../../../arm-none-eabi/lib/armv6-m/libc_nano.a(lib_a-memcpy-stub.o)
                0x08003672                memcpy
 .text.sprintf  0x08003684       0x44 /usr/local/sbin/gcc-arm-none-eabi-5_2-2015q4/bin/../lib/gcc/arm-none-eabi/5.2.1/../../../../arm-none-eabi/lib/armv6-m/libc_nano.a(lib_a-sprintf.o)
                0x08003684                sprintf
                0x08003684                siprintf
 .text.strcat   0x080036c8       0x1a /usr/local/sbin/gcc-arm-none-eabi-5_2-2015q4/bin/../lib/gcc/arm-none-eabi/5.2.1/../../../../arm-none-eabi/lib/armv6-m/libc_nano.a(lib_a-strcat.o)
                0x080036c8                strcat
 .text.strcpy   0x080036e2       0x10 /usr/local/sbin/gcc-arm-none-eabi-5_2-2015q4/bin/../lib/gcc/arm-none-eabi/5.2.1/../../../../arm-none-eabi/lib/armv6-m/libc_nano.a(lib_a-strcpy.o)
                0x080036e2                strcpy
 .text.strncmp  0x080036f2       0x24 /usr/local/sbin/gcc-arm-none-eabi-5_2-2015q4/bin/../lib/gcc/arm-none-eabi/5.2.1/../../../../arm-none-eabi/lib/armv6-m/libc_nano.a(lib_a-strncmp.o)
                0x080036f2                strncmp
 .text.strncpy  0x08003716       0x26 /usr/local/sbin/gcc-arm-none-eabi-5_2-2015q4/bin/../lib/gcc/arm-none-eabi/5.2.1/../../../../arm-none-eabi/lib/armv6-m/libc_nano.a(lib_a-strncpy.o)
                0x08003716                strncpy
 .text._free_r  0x0800373c       0x8c /usr/local/sbin/gcc-arm-none-eabi-5_2-2015q4/bin/../lib/gcc/arm-none-eabi/5.2.1/../../../../arm-none-eabi/lib/armv6-m/libc_nano.a(lib_a-nano-freer.o)
                0x0800373c                _free_r
 .text._malloc_r
                0x080037c8       0xac /usr/local/sbin/gcc-arm-none-eabi-5_2-2015q4/bin/../lib/gcc/arm-none-eabi/5.2.1/../../../../arm-none-eabi/lib/armv6-m/libc_nano.a(lib_a-nano-mallocr.o)
                0x080037c8                _malloc_r
 .text.__ssputs_r
                0x08003874       0xc4 /usr/local/sbin/gcc-arm-none-eabi-5_2-2015q4/bin/../lib/gcc/arm-none-eabi/5.2.1/../../../../arm-none-eabi/lib/armv6-m/libc_nano.a(lib_a-nano-svfprintf.o)
                0x08003874                __ssputs_r
 .text._svfprintf_r
                0x08003938      0x1fc /usr/local/sbin/gcc-arm-none-eabi-5_2-2015q4/bin/../lib/gcc/arm-none-eabi/5.2.1/../../../../arm-none-eabi/lib/armv6-m/libc_nano.a(lib_a-nano-svfprintf.o)
                0x08003938                _svfprintf_r
                0x08003938                _svfiprintf_r
 .text._printf_common
                0x08003b34       0xdc /usr/local/sbin/gcc-arm-none-eabi-5_2-2015q4/bin/../lib/gcc/arm-none-eabi/5.2.1/../../../../arm-none-eabi/lib/armv6-m/libc_nano.a(lib_a-nano-vfprintf_i.o)
                0x08003b34                _printf_common
 .text._printf_i
                0x08003c10      0x244 /usr/local/sbin/gcc-arm-none-eabi-5_2-2015q4/bin/../lib/gcc/arm-none-eabi/5.2.1/../../../../arm-none-eabi/lib/armv6-m/libc_nano.a(lib_a-nano-vfprintf_i.o)
                0x08003c10                _printf_i
 .text._sbrk_r  0x08003e54       0x24 /usr/local/sbin/gcc-arm-none-eabi-5_2-2015q4/bin/../lib/gcc/arm-none-eabi/5.2.1/../../../../arm-none-eabi/lib/armv6-m/libc_nano.a(lib_a-sbrkr.o)
                0x08003e54                _sbrk_r
 .text.memchr   0x08003e78       0x16 /usr/local/sbin/gcc-arm-none-eabi-5_2-2015q4/bin/../lib/gcc/arm-none-eabi/5.2.1/../../../../arm-none-eabi/lib/armv6-m/libc_nano.a(lib_a-memchr-stub.o)
                0x08003e78                memchr
 .text.memmove  0x08003e8e       0x2a /usr/local/sbin/gcc-arm-none-eabi-5_2-2015q4/bin/../lib/gcc/arm-none-eabi/5.2.1/../../../../arm-none-eabi/lib/armv6-m/libc_nano.a(lib_a-memmove.o)
                0x08003e8e                memmove
 .text._realloc_r
                0x08003eb8       0x4c /usr/local/sbin/gcc-arm-none-eabi-5_2-2015q4/bin/../lib/gcc/arm-none-eabi/5.2.1/../../../../arm-none-eabi/lib/armv6-m/libc_nano.a(lib_a-nano-reallocr.o)
                0x08003eb8                _realloc_r
 .text._malloc_usable_size_r
                0x08003f04       0x16 /usr/local/sbin/gcc-arm-none-eabi-5_2-2015q4/bin/../lib/gcc/arm-none-eabi/5.2.1/../../../../arm-none-eabi/lib/armv6-m/libc_nano.a(lib_a-nano-msizer.o)
                0x08003f04                _malloc_usable_size_r
 *(.glue_7)
 .glue_7        0x08003f1a        0x0 linker stubs
 *(.glue_7t)
 .glue_7t       0x08003f1a        0x0 linker stubs
 *(.eh_frame)
 *(.init)
 *(.fini)
                0x08003f1c                . = ALIGN (0x4)
 *fill*         0x08003f1a        0x2 
                0x08003f1c                _etext = .

.vfp11_veneer   0x08003f1c        0x0
 .vfp11_veneer  0x08003f1c        0x0 linker stubs

.v4_bx          0x08003f1c        0x0
 .v4_bx         0x08003f1c        0x0 linker stubs

.iplt           0x08003f1c        0x0
 .iplt          0x08003f1c        0x0 ./src/main.o

.rodata         0x08003f1c      0x508
                0x08003f1c                . = ALIGN (0x4)
 *(.rodata)
 .rodata        0x08003f1c      0x163 ./src/main.o
 *fill*         0x0800407f        0x1 
 .rodata        0x08004080      0x266 ./src/sim900_800.o
 *fill*         0x080042e6        0x2 
 .rodata        0x080042e8        0x5 ./src/funcs_gsm.o
 *fill*         0x080042ed        0x3 
 .rodata        0x080042f0       0x40 /usr/local/sbin/gcc-arm-none-eabi-5_2-2015q4/bin/../lib/gcc/arm-none-eabi/5.2.1/armv6-m/libgcc.a(mulsf3.o)
 .rodata        0x08004330       0x40 /usr/local/sbin/gcc-arm-none-eabi-5_2-2015q4/bin/../lib/gcc/arm-none-eabi/5.2.1/armv6-m/libgcc.a(muldf3.o)
 *(.rodata*)
 .rodata.main   0x08004370       0x20 ./src/main.o
 .rodata.UpdateRelay
                0x08004390       0x18 ./src/hard.o
 .rodata.GSM_IPSTATE
                0x080043a8        0x7 ./src/sim900_800.o
                0x080043a8                GSM_IPSTATE
 *fill*         0x080043af        0x1 
 .rodata.GSM_SENDOK
                0x080043b0        0x8 ./src/sim900_800.o
                0x080043b0                GSM_SENDOK
 .rodata.FuncsGSM
                0x080043b8       0x34 ./src/funcs_gsm.o
 .rodata.str1.1
                0x080043ec        0x2 /usr/local/sbin/gcc-arm-none-eabi-5_2-2015q4/bin/../lib/gcc/arm-none-eabi/5.2.1/../../../../arm-none-eabi/lib/armv6-m/libc_nano.a(lib_a-impure.o)
 .rodata.str1.1
                0x080043ee       0x11 /usr/local/sbin/gcc-arm-none-eabi-5_2-2015q4/bin/../lib/gcc/arm-none-eabi/5.2.1/../../../../arm-none-eabi/lib/armv6-m/libc_nano.a(lib_a-nano-svfprintf.o)
 .rodata.str1.1
                0x080043ff       0x22 /usr/local/sbin/gcc-arm-none-eabi-5_2-2015q4/bin/../lib/gcc/arm-none-eabi/5.2.1/../../../../arm-none-eabi/lib/armv6-m/libc_nano.a(lib_a-nano-vfprintf_i.o)
                0x08004424                . = ALIGN (0x4)
 *fill*         0x08004421        0x3 

.rel.dyn        0x08004424        0x0
 .rel.iplt      0x08004424        0x0 ./src/main.o

.ARM.extab
 *(.ARM.extab* .gnu.linkonce.armextab.*)

.ARM            0x08004424        0x0
                0x08004424                __exidx_start = .
 *(.ARM.exidx*)
                0x08004424                __exidx_end = .

.memParams      0x08007c00        0x0
                0x08007c00                . = ALIGN (0x4)
 *(memParams)
 *(memParams1)
                0x08007c00                . = ALIGN (0x4)

.preinit_array  0x08004424        0x0
                [!provide]                PROVIDE (__preinit_array_start, .)
 *(.preinit_array*)
                [!provide]                PROVIDE (__preinit_array_end, .)

.init_array     0x08004424        0x0
                [!provide]                PROVIDE (__init_array_start, .)
 *(SORT(.init_array.*))
 *(.init_array*)
                [!provide]                PROVIDE (__init_array_end, .)

.fini_array     0x08004424        0x0
                [!provide]                PROVIDE (__fini_array_start, .)
 *(SORT(.fini_array.*))
 *(.fini_array*)
                [!provide]                PROVIDE (__fini_array_end, .)
                0x08004424                _sidata = LOADADDR (.data)

.data           0x20000000       0x68 load address 0x08004424
                0x20000000                . = ALIGN (0x4)
                0x20000000                _sdata = .
 *(.data)
 *(.data*)
 .data.usart_mode
                0x20000000        0x1 ./src/uart.o
                0x20000000                usart_mode
 .data.prestadorSimTime
                0x20000001        0x1 ./src/sim900_800.o
                0x20000001                prestadorSimTime
 *fill*         0x20000002        0x2 
 .data.impure_data
                0x20000004       0x60 /usr/local/sbin/gcc-arm-none-eabi-5_2-2015q4/bin/../lib/gcc/arm-none-eabi/5.2.1/../../../../arm-none-eabi/lib/armv6-m/libc_nano.a(lib_a-impure.o)
 .data._impure_ptr
                0x20000064        0x4 /usr/local/sbin/gcc-arm-none-eabi-5_2-2015q4/bin/../lib/gcc/arm-none-eabi/5.2.1/../../../../arm-none-eabi/lib/armv6-m/libc_nano.a(lib_a-impure.o)
                0x20000064                _impure_ptr
                0x20000068                . = ALIGN (0x4)
                0x20000068                _edata = .

.igot.plt       0x20000068        0x0 load address 0x0800448c
 .igot.plt      0x20000068        0x0 ./src/main.o
                0x20000068                . = ALIGN (0x4)

.bss            0x20000068      0xb30 load address 0x0800448c
                0x20000068                _sbss = .
                0x20000068                __bss_start__ = _sbss
 *(.bss)
 *(.bss*)
 .bss.acswitch_timer
                0x20000068        0x1 ./src/main.o
                0x20000068                acswitch_timer
 *fill*         0x20000069        0x1 
 .bss.take_temp_sample
                0x2000006a        0x2 ./src/main.o
                0x2000006a                take_temp_sample
 .bss.timer_relay
                0x2000006c        0x2 ./src/main.o
                0x2000006c                timer_relay
 .bss.seq_ready
                0x2000006e        0x1 ./src/main.o
                0x2000006e                seq_ready
 *fill*         0x2000006f        0x1 
 .bss.power_2secs_acum
                0x20000070        0x4 ./src/main.o
                0x20000070                power_2secs_acum
 .bss.power_2secs_index
                0x20000074        0x1 ./src/main.o
                0x20000074                power_2secs_index
 *fill*         0x20000075        0x1 
 .bss.power_minutes
                0x20000076        0x2 ./src/main.o
                0x20000076                power_minutes
 .bss.power_minutes_index
                0x20000078        0x1 ./src/main.o
                0x20000078                power_minutes_index
 *fill*         0x20000079        0x1 
 .bss.power_hours
                0x2000007a        0x2 ./src/main.o
                0x2000007a                power_hours
 .bss.wait_ms_var
                0x2000007c        0x2 ./src/main.o
                0x2000007c                wait_ms_var
 .bss.secs      0x2000007e        0x2 ./src/main.o
                0x2000007e                secs
 .bss.hours     0x20000080        0x1 ./src/main.o
                0x20000080                hours
 .bss.minutes   0x20000081        0x1 ./src/main.o
                0x20000081                minutes
 *fill*         0x20000082        0x2 
 .bss.heap.5298
                0x20000084        0x4 ./cmsis_boot/syscalls/syscalls.o
 .bss.relay_state
                0x20000088        0x1 ./src/hard.o
                0x20000088                relay_state
 .bss.GSMStartState
                0x20000089        0x1 ./src/sim900_800.o
                0x20000089                GSMStartState
 .bss.GSMSendCommandState
                0x2000008a        0x1 ./src/sim900_800.o
                0x2000008a                GSMSendCommandState
 .bss.GSMSendCommandFlag
                0x2000008b        0x1 ./src/sim900_800.o
                0x2000008b                GSMSendCommandFlag
 .bss.GSMSendCommandIntento
                0x2000008c        0x1 ./src/sim900_800.o
                0x2000008c                GSMSendCommandIntento
 .bss.GSMSendSMSState
                0x2000008d        0x1 ./src/sim900_800.o
                0x2000008d                GSMSendSMSState
 .bss.GSMSendSMSFlag
                0x2000008e        0x1 ./src/sim900_800.o
                0x2000008e                GSMSendSMSFlag
 .bss.GSMConfigGPRSflag
                0x2000008f        0x1 ./src/sim900_800.o
                0x2000008f                GSMConfigGPRSflag
 .bss.GSMCantSMS
                0x20000090        0x1 ./src/sim900_800.o
                0x20000090                GSMCantSMS
 .bss.GSMCantSMS2
                0x20000091        0x1 ./src/sim900_800.o
                0x20000091                GSMCantSMS2
 .bss.flagCloseIP
                0x20000092        0x1 ./src/sim900_800.o
                0x20000092                flagCloseIP
 .bss.gsm_state
                0x20000093        0x1 ./src/funcs_gsm.o
                0x20000093                gsm_state
 .bss.gsm_sms_error_counter
                0x20000094        0x1 ./src/funcs_gsm.o
                0x20000094                gsm_sms_error_counter
 *fill*         0x20000095        0x3 
 .bss.__malloc_sbrk_start
                0x20000098        0x4 /usr/local/sbin/gcc-arm-none-eabi-5_2-2015q4/bin/../lib/gcc/arm-none-eabi/5.2.1/../../../../arm-none-eabi/lib/armv6-m/libc_nano.a(lib_a-nano-mallocr.o)
                0x20000098                __malloc_sbrk_start
 .bss.__malloc_free_list
                0x2000009c        0x4 /usr/local/sbin/gcc-arm-none-eabi-5_2-2015q4/bin/../lib/gcc/arm-none-eabi/5.2.1/../../../../arm-none-eabi/lib/armv6-m/libc_nano.a(lib_a-nano-mallocr.o)
                0x2000009c                __malloc_free_list
 *(COMMON)
 COMMON         0x200000a0      0x55e ./src/main.o
                0x200000a0                saved_mode
                0x200000a2                tcp_kalive_timer
                0x200000a4                vpote
                0x200000c8                param_struct
                0x200000d4                usart2_mini_timeout
                0x200000d5                usart2_pckt_ready
                0x200000d6                standalone_timer
                0x200000d8                gsmNUM
                0x200000ec                tt_take_photo_sample
                0x200000ee                sac_aux
                0x200000ef                usart2_pckt_bytes
                0x200000f0                power_vect
                0x20000104                s1
                0x20000106                usart1_pckt_bytes
                0x20000108                adc_ch
                0x20000110                rx2buff
                0x20000210                usart1_mini_timeout
                0x20000211                usart2_have_data
                0x20000212                usart1_have_data
                0x20000213                usart1_pckt_ready
                0x20000214                tx1buff
                0x20000314                tx2buff
                0x20000414                s2
                0x20000418                vtemp
                0x2000043a                standalone_enable_menu_timer
                0x2000043c                gsmMSG
                0x200004f0                filter_timer
                0x200004f2                zero_current
                0x200004f4                sac
                0x200004f6                grouped_master_timeout_timer
                0x200004f8                timer_standby
                0x200004fc                rx1buff
                0x200005fc                tt_relay_on_off
 *fill*         0x200005fe        0x2 
 COMMON         0x20000600       0x44 ./src/adc.o
                0x20000600                p_channel
                0x20000604                VoltagePhoto
 COMMON         0x20000644       0x18 ./src/uart.o
                0x20000644                ptx2_pckt_index
                0x20000648                ptx2
                0x2000064c                ptx1
                0x20000650                prx2
                0x20000654                ptx1_pckt_index
                0x20000658                prx1
 COMMON         0x2000065c       0x16 ./src/hard.o
                0x2000065c                last_edge
                0x2000065e                max_igrid
                0x20000660                min_igrid
                0x20000662                min_igrid_last
                0x20000664                min_vgrid
                0x20000666                min_vgrid_last
                0x20000668                vgrid_update_samples
                0x2000066a                max_vgrid
                0x2000066c                igrid_update_samples
                0x2000066e                max_igrid_last
                0x20000670                max_vgrid_last
 *fill*         0x20000672        0x2 
 COMMON         0x20000674      0x518 ./src/sim900_800.o
                0x20000674                GSMSendIPTimeOut
                0x20000676                GSMSendCommandTimeOut
                0x20000678                buffUARTGSMtx
                0x20000778                GSMbuffRtaCommand
                0x20000878                GSMIPadd
                0x20000888                pBuffUARTGSMrxW
                0x2000088c                buffUARTGSMrx2
                0x2000098c                GSMStartTime
                0x2000098e                PacketReadyUARTGSM
                0x20000990                GSMGeneralTimeOut
                0x20000992                GSMConfigGPRSTimeOut
                0x20000994                GSMConfigTime
                0x20000998                GSMSendSMSbuffAux
                0x200009b8                GSMbuffGPRSCommand
                0x200009f8                DB300flagConnGPRS
                0x200009fc                GSMSendIPbuffAux
                0x20000a1c                buffUARTGSMrx
                0x20000b1c                GSMSendSMSTimeOut
                0x20000b1e                GSMConfigTimeOut
                0x20000b20                pBuffUARTGSMtxR
                0x20000b24                GSMbuffStatus
                0x20000b44                pBuffUARTGSMtxW
                0x20000b48                pBuffUARTGSMrxR
                0x20000b4c                GSMReadSMSrepIn
                0x20000b6c                GSMReadSMScommand
 COMMON         0x20000b8c        0x8 ./src/funcs_gsm.o
                0x20000b8c                p_MSG
                0x20000b90                p_NUM
 COMMON         0x20000b94        0x4 /usr/local/sbin/gcc-arm-none-eabi-5_2-2015q4/bin/../lib/gcc/arm-none-eabi/5.2.1/../../../../arm-none-eabi/lib/armv6-m/libc_nano.a(lib_a-reent.o)
                0x20000b94                errno
                0x20000b98                . = ALIGN (0x4)
                0x20000b98                _ebss = .
                0x20000b98                __bss_end__ = _ebss

._user_heap_stack
                0x20000b98      0x400 load address 0x0800448c
                0x20000b98                . = ALIGN (0x4)
                [!provide]                PROVIDE (end, .)
                0x20000b98                PROVIDE (_end, .)
                0x20000b98                . = (. + _Min_Heap_Size)
                0x20000f98                . = (. + _Min_Stack_Size)
 *fill*         0x20000b98      0x400 
                0x20000f98                . = ALIGN (0x4)

/DISCARD/
 libc.a(*)
 libm.a(*)
 libgcc.a(*)

.ARM.attributes
                0x00000000       0x2f
 *(.ARM.attributes)
 .ARM.attributes
                0x00000000       0x31 ./src/main.o
 .ARM.attributes
                0x00000031       0x31 ./cmsis_boot/system_stm32f0xx.o
 .ARM.attributes
                0x00000062       0x31 ./cmsis_boot/syscalls/syscalls.o
 .ARM.attributes
                0x00000093       0x31 ./src/stm32f0xx_it.o
 .ARM.attributes
                0x000000c4       0x31 ./src/gpio.o
 .ARM.attributes
                0x000000f5       0x31 ./src/tim.o
 .ARM.attributes
                0x00000126       0x31 ./src/adc.o
 .ARM.attributes
                0x00000157       0x31 ./src/uart.o
 .ARM.attributes
                0x00000188       0x31 ./src/dsp.o
 .ARM.attributes
                0x000001b9       0x31 ./src/hard.o
 .ARM.attributes
                0x000001ea       0x31 ./src/sim900_800.o
 .ARM.attributes
                0x0000021b       0x31 ./src/funcs_gsm.o
 .ARM.attributes
                0x0000024c       0x21 ./cmsis_boot/startup/startup_stm32f0xx.o
 .ARM.attributes
                0x0000026d       0x1e /usr/local/sbin/gcc-arm-none-eabi-5_2-2015q4/bin/../lib/gcc/arm-none-eabi/5.2.1/armv6-m/libgcc.a(_udivsi3.o)
 .ARM.attributes
                0x0000028b       0x1e /usr/local/sbin/gcc-arm-none-eabi-5_2-2015q4/bin/../lib/gcc/arm-none-eabi/5.2.1/armv6-m/libgcc.a(_dvmd_tls.o)
 .ARM.attributes
                0x000002a9       0x2c /usr/local/sbin/gcc-arm-none-eabi-5_2-2015q4/bin/../lib/gcc/arm-none-eabi/5.2.1/armv6-m/libgcc.a(_fixunssfsi.o)
 .ARM.attributes
                0x000002d5       0x2c /usr/local/sbin/gcc-arm-none-eabi-5_2-2015q4/bin/../lib/gcc/arm-none-eabi/5.2.1/armv6-m/libgcc.a(mulsf3.o)
 .ARM.attributes
                0x00000301       0x2c /usr/local/sbin/gcc-arm-none-eabi-5_2-2015q4/bin/../lib/gcc/arm-none-eabi/5.2.1/armv6-m/libgcc.a(subsf3.o)
 .ARM.attributes
                0x0000032d       0x2c /usr/local/sbin/gcc-arm-none-eabi-5_2-2015q4/bin/../lib/gcc/arm-none-eabi/5.2.1/armv6-m/libgcc.a(fixsfsi.o)
 .ARM.attributes
                0x00000359       0x2c /usr/local/sbin/gcc-arm-none-eabi-5_2-2015q4/bin/../lib/gcc/arm-none-eabi/5.2.1/armv6-m/libgcc.a(floatsisf.o)
 .ARM.attributes
                0x00000385       0x2c /usr/local/sbin/gcc-arm-none-eabi-5_2-2015q4/bin/../lib/gcc/arm-none-eabi/5.2.1/armv6-m/libgcc.a(floatunsisf.o)
 .ARM.attributes
                0x000003b1       0x2c /usr/local/sbin/gcc-arm-none-eabi-5_2-2015q4/bin/../lib/gcc/arm-none-eabi/5.2.1/armv6-m/libgcc.a(muldf3.o)
 .ARM.attributes
                0x000003dd       0x2c /usr/local/sbin/gcc-arm-none-eabi-5_2-2015q4/bin/../lib/gcc/arm-none-eabi/5.2.1/armv6-m/libgcc.a(floatsidf.o)
 .ARM.attributes
                0x00000409       0x2c /usr/local/sbin/gcc-arm-none-eabi-5_2-2015q4/bin/../lib/gcc/arm-none-eabi/5.2.1/armv6-m/libgcc.a(truncdfsf2.o)
 .ARM.attributes
                0x00000435       0x1e /usr/local/sbin/gcc-arm-none-eabi-5_2-2015q4/bin/../lib/gcc/arm-none-eabi/5.2.1/armv6-m/libgcc.a(_arm_cmpsf2.o)
 .ARM.attributes
                0x00000453       0x1e /usr/local/sbin/gcc-arm-none-eabi-5_2-2015q4/bin/../lib/gcc/arm-none-eabi/5.2.1/armv6-m/libgcc.a(_clzsi2.o)
 .ARM.attributes
                0x00000471       0x2c /usr/local/sbin/gcc-arm-none-eabi-5_2-2015q4/bin/../lib/gcc/arm-none-eabi/5.2.1/armv6-m/libgcc.a(eqsf2.o)
 .ARM.attributes
                0x0000049d       0x2c /usr/local/sbin/gcc-arm-none-eabi-5_2-2015q4/bin/../lib/gcc/arm-none-eabi/5.2.1/armv6-m/libgcc.a(gesf2.o)
 .ARM.attributes
                0x000004c9       0x2c /usr/local/sbin/gcc-arm-none-eabi-5_2-2015q4/bin/../lib/gcc/arm-none-eabi/5.2.1/armv6-m/libgcc.a(lesf2.o)
 .ARM.attributes
                0x000004f5       0x2c /usr/local/sbin/gcc-arm-none-eabi-5_2-2015q4/bin/../lib/gcc/arm-none-eabi/5.2.1/../../../../arm-none-eabi/lib/armv6-m/libc_nano.a(lib_a-memcpy-stub.o)
 .ARM.attributes
                0x00000521       0x2c /usr/local/sbin/gcc-arm-none-eabi-5_2-2015q4/bin/../lib/gcc/arm-none-eabi/5.2.1/../../../../arm-none-eabi/lib/armv6-m/libc_nano.a(lib_a-sprintf.o)
 .ARM.attributes
                0x0000054d       0x2c /usr/local/sbin/gcc-arm-none-eabi-5_2-2015q4/bin/../lib/gcc/arm-none-eabi/5.2.1/../../../../arm-none-eabi/lib/armv6-m/libc_nano.a(lib_a-strcat.o)
 .ARM.attributes
                0x00000579       0x2c /usr/local/sbin/gcc-arm-none-eabi-5_2-2015q4/bin/../lib/gcc/arm-none-eabi/5.2.1/../../../../arm-none-eabi/lib/armv6-m/libc_nano.a(lib_a-strcpy.o)
 .ARM.attributes
                0x000005a5       0x1c /usr/local/sbin/gcc-arm-none-eabi-5_2-2015q4/bin/../lib/gcc/arm-none-eabi/5.2.1/../../../../arm-none-eabi/lib/armv6-m/libc_nano.a(lib_a-strlen.o)
 .ARM.attributes
                0x000005c1       0x2c /usr/local/sbin/gcc-arm-none-eabi-5_2-2015q4/bin/../lib/gcc/arm-none-eabi/5.2.1/../../../../arm-none-eabi/lib/armv6-m/libc_nano.a(lib_a-strncmp.o)
 .ARM.attributes
                0x000005ed       0x2c /usr/local/sbin/gcc-arm-none-eabi-5_2-2015q4/bin/../lib/gcc/arm-none-eabi/5.2.1/../../../../arm-none-eabi/lib/armv6-m/libc_nano.a(lib_a-strncpy.o)
 .ARM.attributes
                0x00000619       0x2c /usr/local/sbin/gcc-arm-none-eabi-5_2-2015q4/bin/../lib/gcc/arm-none-eabi/5.2.1/../../../../arm-none-eabi/lib/armv6-m/libc_nano.a(lib_a-impure.o)
 .ARM.attributes
                0x00000645       0x2c /usr/local/sbin/gcc-arm-none-eabi-5_2-2015q4/bin/../lib/gcc/arm-none-eabi/5.2.1/../../../../arm-none-eabi/lib/armv6-m/libc_nano.a(lib_a-nano-freer.o)
 .ARM.attributes
                0x00000671       0x2c /usr/local/sbin/gcc-arm-none-eabi-5_2-2015q4/bin/../lib/gcc/arm-none-eabi/5.2.1/../../../../arm-none-eabi/lib/armv6-m/libc_nano.a(lib_a-nano-mallocr.o)
 .ARM.attributes
                0x0000069d       0x2c /usr/local/sbin/gcc-arm-none-eabi-5_2-2015q4/bin/../lib/gcc/arm-none-eabi/5.2.1/../../../../arm-none-eabi/lib/armv6-m/libc_nano.a(lib_a-nano-svfprintf.o)
 .ARM.attributes
                0x000006c9       0x2c /usr/local/sbin/gcc-arm-none-eabi-5_2-2015q4/bin/../lib/gcc/arm-none-eabi/5.2.1/../../../../arm-none-eabi/lib/armv6-m/libc_nano.a(lib_a-nano-vfprintf_i.o)
 .ARM.attributes
                0x000006f5       0x2c /usr/local/sbin/gcc-arm-none-eabi-5_2-2015q4/bin/../lib/gcc/arm-none-eabi/5.2.1/../../../../arm-none-eabi/lib/armv6-m/libc_nano.a(lib_a-sbrkr.o)
 .ARM.attributes
                0x00000721       0x2c /usr/local/sbin/gcc-arm-none-eabi-5_2-2015q4/bin/../lib/gcc/arm-none-eabi/5.2.1/../../../../arm-none-eabi/lib/armv6-m/libc_nano.a(lib_a-memchr-stub.o)
 .ARM.attributes
                0x0000074d       0x2c /usr/local/sbin/gcc-arm-none-eabi-5_2-2015q4/bin/../lib/gcc/arm-none-eabi/5.2.1/../../../../arm-none-eabi/lib/armv6-m/libc_nano.a(lib_a-memmove.o)
 .ARM.attributes
                0x00000779       0x2c /usr/local/sbin/gcc-arm-none-eabi-5_2-2015q4/bin/../lib/gcc/arm-none-eabi/5.2.1/../../../../arm-none-eabi/lib/armv6-m/libc_nano.a(lib_a-nano-reallocr.o)
 .ARM.attributes
                0x000007a5       0x2c /usr/local/sbin/gcc-arm-none-eabi-5_2-2015q4/bin/../lib/gcc/arm-none-eabi/5.2.1/../../../../arm-none-eabi/lib/armv6-m/libc_nano.a(lib_a-reent.o)
 .ARM.attributes
                0x000007d1       0x2c /usr/local/sbin/gcc-arm-none-eabi-5_2-2015q4/bin/../lib/gcc/arm-none-eabi/5.2.1/../../../../arm-none-eabi/lib/armv6-m/libc_nano.a(lib_a-nano-msizer.o)
OUTPUT(Template_F050_rom.elf elf32-littlearm)

.debug_info     0x00000000     0x4f85
 .debug_info    0x00000000      0xe0a ./src/main.o
 .debug_info    0x00000e0a      0x34f ./cmsis_boot/system_stm32f0xx.o
 .debug_info    0x00001159      0x44a ./cmsis_boot/syscalls/syscalls.o
 .debug_info    0x000015a3       0xe1 ./src/stm32f0xx_it.o
 .debug_info    0x00001684      0x353 ./src/gpio.o
 .debug_info    0x000019d7      0x9e8 ./src/tim.o
 .debug_info    0x000023bf      0x7d5 ./src/adc.o
 .debug_info    0x00002b94      0xa7c ./src/uart.o
 .debug_info    0x00003610      0x220 ./src/dsp.o
 .debug_info    0x00003830      0x74c ./src/hard.o
 .debug_info    0x00003f7c      0xd5f ./src/sim900_800.o
 .debug_info    0x00004cdb      0x229 ./src/funcs_gsm.o
 .debug_info    0x00004f04       0x81 ./cmsis_boot/startup/startup_stm32f0xx.o

.debug_abbrev   0x00000000     0x10ff
 .debug_abbrev  0x00000000      0x230 ./src/main.o
 .debug_abbrev  0x00000230      0x152 ./cmsis_boot/system_stm32f0xx.o
 .debug_abbrev  0x00000382       0xe7 ./cmsis_boot/syscalls/syscalls.o
 .debug_abbrev  0x00000469       0x5c ./src/stm32f0xx_it.o
 .debug_abbrev  0x000004c5       0xcb ./src/gpio.o
 .debug_abbrev  0x00000590      0x1ac ./src/tim.o
 .debug_abbrev  0x0000073c      0x24b ./src/adc.o
 .debug_abbrev  0x00000987      0x223 ./src/uart.o
 .debug_abbrev  0x00000baa       0x8b ./src/dsp.o
 .debug_abbrev  0x00000c35      0x209 ./src/hard.o
 .debug_abbrev  0x00000e3e      0x1ac ./src/sim900_800.o
 .debug_abbrev  0x00000fea      0x103 ./src/funcs_gsm.o
 .debug_abbrev  0x000010ed       0x12 ./cmsis_boot/startup/startup_stm32f0xx.o

.debug_loc      0x00000000      0xbd6
 .debug_loc     0x00000000       0xd2 ./src/main.o
 .debug_loc     0x000000d2       0x6c ./cmsis_boot/system_stm32f0xx.o
 .debug_loc     0x0000013e      0x100 ./cmsis_boot/syscalls/syscalls.o
 .debug_loc     0x0000023e       0x20 ./src/stm32f0xx_it.o
 .debug_loc     0x0000025e       0x20 ./src/gpio.o
 .debug_loc     0x0000027e      0x14c ./src/tim.o
 .debug_loc     0x000003ca      0x158 ./src/adc.o
 .debug_loc     0x00000522      0x258 ./src/uart.o
 .debug_loc     0x0000077a       0xac ./src/dsp.o
 .debug_loc     0x00000826       0xec ./src/hard.o
 .debug_loc     0x00000912      0x238 ./src/sim900_800.o
 .debug_loc     0x00000b4a       0x8c ./src/funcs_gsm.o

.debug_aranges  0x00000000      0x4c0
 .debug_aranges
                0x00000000       0x40 ./src/main.o
 .debug_aranges
                0x00000040       0x38 ./cmsis_boot/system_stm32f0xx.o
 .debug_aranges
                0x00000078       0x60 ./cmsis_boot/syscalls/syscalls.o
 .debug_aranges
                0x000000d8       0x40 ./src/stm32f0xx_it.o
 .debug_aranges
                0x00000118       0x30 ./src/gpio.o
 .debug_aranges
                0x00000148       0xb0 ./src/tim.o
 .debug_aranges
                0x000001f8       0x70 ./src/adc.o
 .debug_aranges
                0x00000268       0x90 ./src/uart.o
 .debug_aranges
                0x000002f8       0x40 ./src/dsp.o
 .debug_aranges
                0x00000338       0x80 ./src/hard.o
 .debug_aranges
                0x000003b8       0xa0 ./src/sim900_800.o
 .debug_aranges
                0x00000458       0x40 ./src/funcs_gsm.o
 .debug_aranges
                0x00000498       0x28 ./cmsis_boot/startup/startup_stm32f0xx.o

.debug_ranges   0x00000000      0x3f8
 .debug_ranges  0x00000000       0x30 ./src/main.o
 .debug_ranges  0x00000030       0x28 ./cmsis_boot/system_stm32f0xx.o
 .debug_ranges  0x00000058       0x50 ./cmsis_boot/syscalls/syscalls.o
 .debug_ranges  0x000000a8       0x30 ./src/stm32f0xx_it.o
 .debug_ranges  0x000000d8       0x20 ./src/gpio.o
 .debug_ranges  0x000000f8       0xa0 ./src/tim.o
 .debug_ranges  0x00000198       0x60 ./src/adc.o
 .debug_ranges  0x000001f8       0x80 ./src/uart.o
 .debug_ranges  0x00000278       0x30 ./src/dsp.o
 .debug_ranges  0x000002a8       0x70 ./src/hard.o
 .debug_ranges  0x00000318       0x90 ./src/sim900_800.o
 .debug_ranges  0x000003a8       0x30 ./src/funcs_gsm.o
 .debug_ranges  0x000003d8       0x20 ./cmsis_boot/startup/startup_stm32f0xx.o

.debug_line     0x00000000     0x1bbf
 .debug_line    0x00000000      0x2a8 ./src/main.o
 .debug_line    0x000002a8      0x1df ./cmsis_boot/system_stm32f0xx.o
 .debug_line    0x00000487      0x158 ./cmsis_boot/syscalls/syscalls.o
 .debug_line    0x000005df       0x8c ./src/stm32f0xx_it.o
 .debug_line    0x0000066b      0x150 ./src/gpio.o
 .debug_line    0x000007bb      0x2c9 ./src/tim.o
 .debug_line    0x00000a84      0x285 ./src/adc.o
 .debug_line    0x00000d09      0x2d9 ./src/uart.o
 .debug_line    0x00000fe2       0xc5 ./src/dsp.o
 .debug_line    0x000010a7      0x2b5 ./src/hard.o
 .debug_line    0x0000135c      0x6f0 ./src/sim900_800.o
 .debug_line    0x00001a4c       0xee ./src/funcs_gsm.o
 .debug_line    0x00001b3a       0x85 ./cmsis_boot/startup/startup_stm32f0xx.o

.debug_str      0x00000000     0x1bb7
 .debug_str     0x00000000      0x9e2 ./src/main.o
                                0xa5a (size before relaxing)
 .debug_str     0x000009e2      0x12f ./cmsis_boot/system_stm32f0xx.o
                                0x2e1 (size before relaxing)
 .debug_str     0x00000b11      0x140 ./cmsis_boot/syscalls/syscalls.o
                                0x2eb (size before relaxing)
 .debug_str     0x00000c51       0x5c ./src/stm32f0xx_it.o
                                0x1c9 (size before relaxing)
 .debug_str     0x00000cad       0x43 ./src/gpio.o
                                0x28a (size before relaxing)
 .debug_str     0x00000cf0      0x1bf ./src/tim.o
                                0x656 (size before relaxing)
 .debug_str     0x00000eaf      0x114 ./src/adc.o
                                0x5b8 (size before relaxing)
 .debug_str     0x00000fc3      0x16a ./src/uart.o
                                0x65d (size before relaxing)
 .debug_str     0x0000112d       0x8e ./src/dsp.o
                                0x21f (size before relaxing)
 .debug_str     0x000011bb      0x1b4 ./src/hard.o
                                0x499 (size before relaxing)
 .debug_str     0x0000136f      0x6b2 ./src/sim900_800.o
                                0x91f (size before relaxing)
 .debug_str     0x00001a21      0x196 ./src/funcs_gsm.o
                                0x35f (size before relaxing)

.comment        0x00000000       0x6e
 .comment       0x00000000       0x6e ./src/main.o
                                 0x6f (size before relaxing)
 .comment       0x0000006e       0x6f ./cmsis_boot/system_stm32f0xx.o
 .comment       0x0000006e       0x6f ./cmsis_boot/syscalls/syscalls.o
 .comment       0x0000006e       0x6f ./src/stm32f0xx_it.o
 .comment       0x0000006e       0x6f ./src/gpio.o
 .comment       0x0000006e       0x6f ./src/tim.o
 .comment       0x0000006e       0x6f ./src/adc.o
 .comment       0x0000006e       0x6f ./src/uart.o
 .comment       0x0000006e       0x6f ./src/dsp.o
 .comment       0x0000006e       0x6f ./src/hard.o
 .comment       0x0000006e       0x6f ./src/sim900_800.o
 .comment       0x0000006e       0x6f ./src/funcs_gsm.o

.debug_frame    0x00000000      0xffc
 .debug_frame   0x00000000       0xa4 ./src/main.o
 .debug_frame   0x000000a4       0x6c ./cmsis_boot/system_stm32f0xx.o
 .debug_frame   0x00000110       0xc0 ./cmsis_boot/syscalls/syscalls.o
 .debug_frame   0x000001d0       0x6c ./src/stm32f0xx_it.o
 .debug_frame   0x0000023c       0x44 ./src/gpio.o
 .debug_frame   0x00000280      0x17c ./src/tim.o
 .debug_frame   0x000003fc      0x10c ./src/adc.o
 .debug_frame   0x00000508      0x198 ./src/uart.o
 .debug_frame   0x000006a0       0x7c ./src/dsp.o
 .debug_frame   0x0000071c      0x114 ./src/hard.o
 .debug_frame   0x00000830      0x1b8 ./src/sim900_800.o
 .debug_frame   0x000009e8       0x88 ./src/funcs_gsm.o
 .debug_frame   0x00000a70       0x20 /usr/local/sbin/gcc-arm-none-eabi-5_2-2015q4/bin/../lib/gcc/arm-none-eabi/5.2.1/armv6-m/libgcc.a(_udivsi3.o)
 .debug_frame   0x00000a90       0x28 /usr/local/sbin/gcc-arm-none-eabi-5_2-2015q4/bin/../lib/gcc/arm-none-eabi/5.2.1/armv6-m/libgcc.a(_fixunssfsi.o)
 .debug_frame   0x00000ab8       0x38 /usr/local/sbin/gcc-arm-none-eabi-5_2-2015q4/bin/../lib/gcc/arm-none-eabi/5.2.1/armv6-m/libgcc.a(mulsf3.o)
 .debug_frame   0x00000af0       0x30 /usr/local/sbin/gcc-arm-none-eabi-5_2-2015q4/bin/../lib/gcc/arm-none-eabi/5.2.1/armv6-m/libgcc.a(subsf3.o)
 .debug_frame   0x00000b20       0x20 /usr/local/sbin/gcc-arm-none-eabi-5_2-2015q4/bin/../lib/gcc/arm-none-eabi/5.2.1/armv6-m/libgcc.a(fixsfsi.o)
 .debug_frame   0x00000b40       0x2c /usr/local/sbin/gcc-arm-none-eabi-5_2-2015q4/bin/../lib/gcc/arm-none-eabi/5.2.1/armv6-m/libgcc.a(floatsisf.o)
 .debug_frame   0x00000b6c       0x2c /usr/local/sbin/gcc-arm-none-eabi-5_2-2015q4/bin/../lib/gcc/arm-none-eabi/5.2.1/armv6-m/libgcc.a(floatunsisf.o)
 .debug_frame   0x00000b98       0x3c /usr/local/sbin/gcc-arm-none-eabi-5_2-2015q4/bin/../lib/gcc/arm-none-eabi/5.2.1/armv6-m/libgcc.a(muldf3.o)
 .debug_frame   0x00000bd4       0x2c /usr/local/sbin/gcc-arm-none-eabi-5_2-2015q4/bin/../lib/gcc/arm-none-eabi/5.2.1/armv6-m/libgcc.a(floatsidf.o)
 .debug_frame   0x00000c00       0x2c /usr/local/sbin/gcc-arm-none-eabi-5_2-2015q4/bin/../lib/gcc/arm-none-eabi/5.2.1/armv6-m/libgcc.a(truncdfsf2.o)
 .debug_frame   0x00000c2c       0x2c /usr/local/sbin/gcc-arm-none-eabi-5_2-2015q4/bin/../lib/gcc/arm-none-eabi/5.2.1/armv6-m/libgcc.a(eqsf2.o)
 .debug_frame   0x00000c58       0x30 /usr/local/sbin/gcc-arm-none-eabi-5_2-2015q4/bin/../lib/gcc/arm-none-eabi/5.2.1/armv6-m/libgcc.a(gesf2.o)
 .debug_frame   0x00000c88       0x30 /usr/local/sbin/gcc-arm-none-eabi-5_2-2015q4/bin/../lib/gcc/arm-none-eabi/5.2.1/armv6-m/libgcc.a(lesf2.o)
 .debug_frame   0x00000cb8       0x28 /usr/local/sbin/gcc-arm-none-eabi-5_2-2015q4/bin/../lib/gcc/arm-none-eabi/5.2.1/../../../../arm-none-eabi/lib/armv6-m/libc_nano.a(lib_a-memcpy-stub.o)
 .debug_frame   0x00000ce0       0x50 /usr/local/sbin/gcc-arm-none-eabi-5_2-2015q4/bin/../lib/gcc/arm-none-eabi/5.2.1/../../../../arm-none-eabi/lib/armv6-m/libc_nano.a(lib_a-sprintf.o)
 .debug_frame   0x00000d30       0x28 /usr/local/sbin/gcc-arm-none-eabi-5_2-2015q4/bin/../lib/gcc/arm-none-eabi/5.2.1/../../../../arm-none-eabi/lib/armv6-m/libc_nano.a(lib_a-strcat.o)
 .debug_frame   0x00000d58       0x20 /usr/local/sbin/gcc-arm-none-eabi-5_2-2015q4/bin/../lib/gcc/arm-none-eabi/5.2.1/../../../../arm-none-eabi/lib/armv6-m/libc_nano.a(lib_a-strcpy.o)
 .debug_frame   0x00000d78       0x2c /usr/local/sbin/gcc-arm-none-eabi-5_2-2015q4/bin/../lib/gcc/arm-none-eabi/5.2.1/../../../../arm-none-eabi/lib/armv6-m/libc_nano.a(lib_a-strncmp.o)
 .debug_frame   0x00000da4       0x2c /usr/local/sbin/gcc-arm-none-eabi-5_2-2015q4/bin/../lib/gcc/arm-none-eabi/5.2.1/../../../../arm-none-eabi/lib/armv6-m/libc_nano.a(lib_a-strncpy.o)
 .debug_frame   0x00000dd0       0x2c /usr/local/sbin/gcc-arm-none-eabi-5_2-2015q4/bin/../lib/gcc/arm-none-eabi/5.2.1/../../../../arm-none-eabi/lib/armv6-m/libc_nano.a(lib_a-nano-freer.o)
 .debug_frame   0x00000dfc       0x2c /usr/local/sbin/gcc-arm-none-eabi-5_2-2015q4/bin/../lib/gcc/arm-none-eabi/5.2.1/../../../../arm-none-eabi/lib/armv6-m/libc_nano.a(lib_a-nano-mallocr.o)
 .debug_frame   0x00000e28       0x74 /usr/local/sbin/gcc-arm-none-eabi-5_2-2015q4/bin/../lib/gcc/arm-none-eabi/5.2.1/../../../../arm-none-eabi/lib/armv6-m/libc_nano.a(lib_a-nano-svfprintf.o)
 .debug_frame   0x00000e9c       0x54 /usr/local/sbin/gcc-arm-none-eabi-5_2-2015q4/bin/../lib/gcc/arm-none-eabi/5.2.1/../../../../arm-none-eabi/lib/armv6-m/libc_nano.a(lib_a-nano-vfprintf_i.o)
 .debug_frame   0x00000ef0       0x2c /usr/local/sbin/gcc-arm-none-eabi-5_2-2015q4/bin/../lib/gcc/arm-none-eabi/5.2.1/../../../../arm-none-eabi/lib/armv6-m/libc_nano.a(lib_a-sbrkr.o)
 .debug_frame   0x00000f1c       0x20 /usr/local/sbin/gcc-arm-none-eabi-5_2-2015q4/bin/../lib/gcc/arm-none-eabi/5.2.1/../../../../arm-none-eabi/lib/armv6-m/libc_nano.a(lib_a-memchr-stub.o)
 .debug_frame   0x00000f3c       0x28 /usr/local/sbin/gcc-arm-none-eabi-5_2-2015q4/bin/../lib/gcc/arm-none-eabi/5.2.1/../../../../arm-none-eabi/lib/armv6-m/libc_nano.a(lib_a-memmove.o)
 .debug_frame   0x00000f64       0x30 /usr/local/sbin/gcc-arm-none-eabi-5_2-2015q4/bin/../lib/gcc/arm-none-eabi/5.2.1/../../../../arm-none-eabi/lib/armv6-m/libc_nano.a(lib_a-nano-reallocr.o)
 .debug_frame   0x00000f94       0x48 /usr/local/sbin/gcc-arm-none-eabi-5_2-2015q4/bin/../lib/gcc/arm-none-eabi/5.2.1/../../../../arm-none-eabi/lib/armv6-m/libc_nano.a(lib_a-reent.o)
 .debug_frame   0x00000fdc       0x20 /usr/local/sbin/gcc-arm-none-eabi-5_2-2015q4/bin/../lib/gcc/arm-none-eabi/5.2.1/../../../../arm-none-eabi/lib/armv6-m/libc_nano.a(lib_a-nano-msizer.o)

Cross Reference Table

Symbol                                            File
ADC1_COMP_IRQHandler                              ./src/adc.o
ADCGetCalibrationFactor                           ./src/adc.o
AHBPrescTable                                     ./cmsis_boot/system_stm32f0xx.o
AdcConfig                                         ./src/adc.o
                                                  ./src/main.o
BackupPage                                        ./src/flash_program.o
CEC_IRQHandler                                    ./cmsis_boot/startup/startup_stm32f0xx.o
CheckTCPMessage                                   ./src/tcp_transceiver.o
DB300flagConnGPRS                                 ./src/sim900_800.o
DMA1_Channel1_IRQHandler                          ./cmsis_boot/startup/startup_stm32f0xx.o
DMA1_Channel2_3_IRQHandler                        ./cmsis_boot/startup/startup_stm32f0xx.o
DMA1_Channel4_5_IRQHandler                        ./cmsis_boot/startup/startup_stm32f0xx.o
Default_Handler                                   ./cmsis_boot/startup/startup_stm32f0xx.o
ESP_SendData                                      ./src/tcp_transceiver.o
ESP_SendDataResetSM                               ./src/tcp_transceiver.o
EXTI0_1_IRQHandler                                ./cmsis_boot/startup/startup_stm32f0xx.o
EXTI2_3_IRQHandler                                ./cmsis_boot/startup/startup_stm32f0xx.o
EXTI4_15_IRQHandler                               ./cmsis_boot/startup/startup_stm32f0xx.o
EXTIOff                                           ./src/gpio.o
                                                  ./src/main.o
EXTIOn                                            ./src/gpio.o
EXTI_ClearFlag                                    ../STM32F0xx_StdPeriph_Lib_V1.3.1/Libraries/STM32F0xx_StdPeriph_Driver/src/stm32f0xx_exti.o
EXTI_ClearITPendingBit                            ../STM32F0xx_StdPeriph_Lib_V1.3.1/Libraries/STM32F0xx_StdPeriph_Driver/src/stm32f0xx_exti.o
EXTI_DeInit                                       ../STM32F0xx_StdPeriph_Lib_V1.3.1/Libraries/STM32F0xx_StdPeriph_Driver/src/stm32f0xx_exti.o
EXTI_GenerateSWInterrupt                          ../STM32F0xx_StdPeriph_Lib_V1.3.1/Libraries/STM32F0xx_StdPeriph_Driver/src/stm32f0xx_exti.o
EXTI_GetFlagStatus                                ../STM32F0xx_StdPeriph_Lib_V1.3.1/Libraries/STM32F0xx_StdPeriph_Driver/src/stm32f0xx_exti.o
EXTI_GetITStatus                                  ../STM32F0xx_StdPeriph_Lib_V1.3.1/Libraries/STM32F0xx_StdPeriph_Driver/src/stm32f0xx_exti.o
EXTI_Init                                         ../STM32F0xx_StdPeriph_Lib_V1.3.1/Libraries/STM32F0xx_StdPeriph_Driver/src/stm32f0xx_exti.o
EXTI_StructInit                                   ../STM32F0xx_StdPeriph_Lib_V1.3.1/Libraries/STM32F0xx_StdPeriph_Driver/src/stm32f0xx_exti.o
EraseAllMemory_FLASH                              ./src/flash_program.o
ErasePage                                         ./src/flash_program.o
FLASH_ClearFlag                                   ../STM32F0xx_StdPeriph_Lib_V1.3.1/Libraries/STM32F0xx_StdPeriph_Driver/src/stm32f0xx_flash.o
FLASH_EraseAllPages                               ../STM32F0xx_StdPeriph_Lib_V1.3.1/Libraries/STM32F0xx_StdPeriph_Driver/src/stm32f0xx_flash.o
FLASH_ErasePage                                   ../STM32F0xx_StdPeriph_Lib_V1.3.1/Libraries/STM32F0xx_StdPeriph_Driver/src/stm32f0xx_flash.o
                                                  ./src/flash_program.o
FLASH_GetFlagStatus                               ../STM32F0xx_StdPeriph_Lib_V1.3.1/Libraries/STM32F0xx_StdPeriph_Driver/src/stm32f0xx_flash.o
FLASH_GetPrefetchBufferStatus                     ../STM32F0xx_StdPeriph_Lib_V1.3.1/Libraries/STM32F0xx_StdPeriph_Driver/src/stm32f0xx_flash.o
FLASH_GetStatus                                   ../STM32F0xx_StdPeriph_Lib_V1.3.1/Libraries/STM32F0xx_StdPeriph_Driver/src/stm32f0xx_flash.o
FLASH_IRQHandler                                  ./cmsis_boot/startup/startup_stm32f0xx.o
FLASH_ITConfig                                    ../STM32F0xx_StdPeriph_Lib_V1.3.1/Libraries/STM32F0xx_StdPeriph_Driver/src/stm32f0xx_flash.o
FLASH_Lock                                        ../STM32F0xx_StdPeriph_Lib_V1.3.1/Libraries/STM32F0xx_StdPeriph_Driver/src/stm32f0xx_flash.o
                                                  ./src/flash_program.o
FLASH_OB_BOOT0Config                              ../STM32F0xx_StdPeriph_Lib_V1.3.1/Libraries/STM32F0xx_StdPeriph_Driver/src/stm32f0xx_flash.o
FLASH_OB_BOOT0SWConfig                            ../STM32F0xx_StdPeriph_Lib_V1.3.1/Libraries/STM32F0xx_StdPeriph_Driver/src/stm32f0xx_flash.o
FLASH_OB_BOOTConfig                               ../STM32F0xx_StdPeriph_Lib_V1.3.1/Libraries/STM32F0xx_StdPeriph_Driver/src/stm32f0xx_flash.o
FLASH_OB_EnableWRP                                ../STM32F0xx_StdPeriph_Lib_V1.3.1/Libraries/STM32F0xx_StdPeriph_Driver/src/stm32f0xx_flash.o
FLASH_OB_Erase                                    ../STM32F0xx_StdPeriph_Lib_V1.3.1/Libraries/STM32F0xx_StdPeriph_Driver/src/stm32f0xx_flash.o
FLASH_OB_GetRDP                                   ../STM32F0xx_StdPeriph_Lib_V1.3.1/Libraries/STM32F0xx_StdPeriph_Driver/src/stm32f0xx_flash.o
FLASH_OB_GetUser                                  ../STM32F0xx_StdPeriph_Lib_V1.3.1/Libraries/STM32F0xx_StdPeriph_Driver/src/stm32f0xx_flash.o
FLASH_OB_GetWRP                                   ../STM32F0xx_StdPeriph_Lib_V1.3.1/Libraries/STM32F0xx_StdPeriph_Driver/src/stm32f0xx_flash.o
FLASH_OB_Launch                                   ../STM32F0xx_StdPeriph_Lib_V1.3.1/Libraries/STM32F0xx_StdPeriph_Driver/src/stm32f0xx_flash.o
FLASH_OB_Lock                                     ../STM32F0xx_StdPeriph_Lib_V1.3.1/Libraries/STM32F0xx_StdPeriph_Driver/src/stm32f0xx_flash.o
FLASH_OB_ProgramData                              ../STM32F0xx_StdPeriph_Lib_V1.3.1/Libraries/STM32F0xx_StdPeriph_Driver/src/stm32f0xx_flash.o
FLASH_OB_RDPConfig                                ../STM32F0xx_StdPeriph_Lib_V1.3.1/Libraries/STM32F0xx_StdPeriph_Driver/src/stm32f0xx_flash.o
FLASH_OB_SRAMParityConfig                         ../STM32F0xx_StdPeriph_Lib_V1.3.1/Libraries/STM32F0xx_StdPeriph_Driver/src/stm32f0xx_flash.o
FLASH_OB_Unlock                                   ../STM32F0xx_StdPeriph_Lib_V1.3.1/Libraries/STM32F0xx_StdPeriph_Driver/src/stm32f0xx_flash.o
FLASH_OB_UserConfig                               ../STM32F0xx_StdPeriph_Lib_V1.3.1/Libraries/STM32F0xx_StdPeriph_Driver/src/stm32f0xx_flash.o
FLASH_OB_VDDAConfig                               ../STM32F0xx_StdPeriph_Lib_V1.3.1/Libraries/STM32F0xx_StdPeriph_Driver/src/stm32f0xx_flash.o
FLASH_OB_WriteUser                                ../STM32F0xx_StdPeriph_Lib_V1.3.1/Libraries/STM32F0xx_StdPeriph_Driver/src/stm32f0xx_flash.o
FLASH_PrefetchBufferCmd                           ../STM32F0xx_StdPeriph_Lib_V1.3.1/Libraries/STM32F0xx_StdPeriph_Driver/src/stm32f0xx_flash.o
FLASH_ProgramHalfWord                             ../STM32F0xx_StdPeriph_Lib_V1.3.1/Libraries/STM32F0xx_StdPeriph_Driver/src/stm32f0xx_flash.o
FLASH_ProgramWord                                 ../STM32F0xx_StdPeriph_Lib_V1.3.1/Libraries/STM32F0xx_StdPeriph_Driver/src/stm32f0xx_flash.o
                                                  ./src/flash_program.o
FLASH_SetLatency                                  ../STM32F0xx_StdPeriph_Lib_V1.3.1/Libraries/STM32F0xx_StdPeriph_Driver/src/stm32f0xx_flash.o
FLASH_Unlock                                      ../STM32F0xx_StdPeriph_Lib_V1.3.1/Libraries/STM32F0xx_StdPeriph_Driver/src/stm32f0xx_flash.o
                                                  ./src/flash_program.o
FLASH_WaitForLastOperation                        ../STM32F0xx_StdPeriph_Lib_V1.3.1/Libraries/STM32F0xx_StdPeriph_Driver/src/stm32f0xx_flash.o
FillPhotoBuffer                                   ./src/adc.o
FuncsGSM                                          ./src/funcs_gsm.o
                                                  ./src/main.o
FuncsGSMReady                                     ./src/funcs_gsm.o
                                                  ./src/main.o
FuncsGSMReset                                     ./src/funcs_gsm.o
                                                  ./src/main.o
FuncsGSMSendSMS                                   ./src/funcs_gsm.o
                                                  ./src/main.o
FuncsGSMShutdown                                  ./src/funcs_gsm.o
GPIO_Config                                       ./src/gpio.o
                                                  ./src/main.o
GPIO_DeInit                                       ../STM32F0xx_StdPeriph_Lib_V1.3.1/Libraries/STM32F0xx_StdPeriph_Driver/src/stm32f0xx_gpio.o
GPIO_Init                                         ../STM32F0xx_StdPeriph_Lib_V1.3.1/Libraries/STM32F0xx_StdPeriph_Driver/src/stm32f0xx_gpio.o
GPIO_PinAFConfig                                  ../STM32F0xx_StdPeriph_Lib_V1.3.1/Libraries/STM32F0xx_StdPeriph_Driver/src/stm32f0xx_gpio.o
GPIO_PinLockConfig                                ../STM32F0xx_StdPeriph_Lib_V1.3.1/Libraries/STM32F0xx_StdPeriph_Driver/src/stm32f0xx_gpio.o
GPIO_ReadInputData                                ../STM32F0xx_StdPeriph_Lib_V1.3.1/Libraries/STM32F0xx_StdPeriph_Driver/src/stm32f0xx_gpio.o
GPIO_ReadInputDataBit                             ../STM32F0xx_StdPeriph_Lib_V1.3.1/Libraries/STM32F0xx_StdPeriph_Driver/src/stm32f0xx_gpio.o
GPIO_ReadOutputData                               ../STM32F0xx_StdPeriph_Lib_V1.3.1/Libraries/STM32F0xx_StdPeriph_Driver/src/stm32f0xx_gpio.o
GPIO_ReadOutputDataBit                            ../STM32F0xx_StdPeriph_Lib_V1.3.1/Libraries/STM32F0xx_StdPeriph_Driver/src/stm32f0xx_gpio.o
GPIO_ResetBits                                    ../STM32F0xx_StdPeriph_Lib_V1.3.1/Libraries/STM32F0xx_StdPeriph_Driver/src/stm32f0xx_gpio.o
GPIO_SetBits                                      ../STM32F0xx_StdPeriph_Lib_V1.3.1/Libraries/STM32F0xx_StdPeriph_Driver/src/stm32f0xx_gpio.o
GPIO_StructInit                                   ../STM32F0xx_StdPeriph_Lib_V1.3.1/Libraries/STM32F0xx_StdPeriph_Driver/src/stm32f0xx_gpio.o
GPIO_Write                                        ../STM32F0xx_StdPeriph_Lib_V1.3.1/Libraries/STM32F0xx_StdPeriph_Driver/src/stm32f0xx_gpio.o
GPIO_WriteBit                                     ../STM32F0xx_StdPeriph_Lib_V1.3.1/Libraries/STM32F0xx_StdPeriph_Driver/src/stm32f0xx_gpio.o
GPRSrssi                                          ./src/sim900_800.o
GPSConfig                                         ./src/gps_vktel.o
GPSConfigResetSM                                  ./src/gps_vktel.o
GPSProcess                                        ./src/gps_vktel.o
GPSResetFactory                                   ./src/gps_vktel.o
GPSStart                                          ./src/gps_vktel.o
GPSTimeoutCounters                                ./src/gps_vktel.o
GSMCantSMS                                        ./src/sim900_800.o
GSMCantSMS2                                       ./src/sim900_800.o
GSMCloseIP                                        ./src/sim900_800.o
GSMConfigGPRS                                     ./src/sim900_800.o
GSMConfigGPRSState                                ./src/sim900_800.o
GSMConfigGPRSTimeOut                              ./src/sim900_800.o
GSMConfigGPRSflag                                 ./src/sim900_800.o
GSMConfigPDPGPRS                                  ./src/sim900_800.o
GSMConfigState                                    ./src/sim900_800.o
GSMConfigTime                                     ./src/sim900_800.o
GSMConfigTimeOut                                  ./src/sim900_800.o
GSMGeneralTimeOut                                 ./src/sim900_800.o
GSMIPadd                                          ./src/sim900_800.o
GSMPrestador                                      ./src/sim900_800.o
GSMProcess                                        ./src/sim900_800.o
                                                  ./src/funcs_gsm.o
GSMReadSMSState                                   ./src/sim900_800.o
GSMReadSMScommand                                 ./src/sim900_800.o
GSMReadSMSrepIn                                   ./src/sim900_800.o
GSMReceive                                        ./src/sim900_800.o
                                                  ./src/funcs_gsm.o
GSMSendCommand                                    ./src/sim900_800.o
                                                  ./src/funcs_gsm.o
GSMSendCommandFlag                                ./src/sim900_800.o
GSMSendCommandIntento                             ./src/sim900_800.o
GSMSendCommandState                               ./src/sim900_800.o
GSMSendCommandTimeOut                             ./src/sim900_800.o
GSMSendIP                                         ./src/sim900_800.o
GSMSendIPFlag                                     ./src/sim900_800.o
GSMSendIPState                                    ./src/sim900_800.o
GSMSendIPTimeOut                                  ./src/sim900_800.o
GSMSendIPbuffAux                                  ./src/sim900_800.o
GSMSendSMS                                        ./src/sim900_800.o
                                                  ./src/funcs_gsm.o
GSMSendSMSFlag                                    ./src/sim900_800.o
GSMSendSMSState                                   ./src/sim900_800.o
GSMSendSMSTimeOut                                 ./src/sim900_800.o
GSMSendSMSbuffAux                                 ./src/sim900_800.o
GSMStartState                                     ./src/sim900_800.o
GSMStartTime                                      ./src/sim900_800.o
GSMTimeoutCounters                                ./src/sim900_800.o
                                                  ./src/main.o
GSM_CMGF                                          ./src/sim900_800.o
GSM_Config                                        ./src/sim900_800.o
GSM_Delay                                         ./src/sim900_800.o
                                                  ./src/funcs_gsm.o
GSM_ERR                                           ./src/sim900_800.o
GSM_IPCONNCLOSE                                   ./src/sim900_800.o
GSM_IPCONNECTING                                  ./src/sim900_800.o
GSM_IPCONNFAIL                                    ./src/sim900_800.o
GSM_IPCONNOK                                      ./src/sim900_800.o
GSM_IPGPRSACT                                     ./src/sim900_800.o
GSM_IPINITIAL                                     ./src/sim900_800.o
GSM_IPSTART                                       ./src/sim900_800.o
GSM_IPSTATE                                       ./src/sim900_800.o
GSM_IPSTATUS                                      ./src/sim900_800.o
GSM_OK                                            ./src/sim900_800.o
GSM_RTA                                           ./src/sim900_800.o
GSM_SENDOK                                        ./src/sim900_800.o
GSM_SIM1                                          ./src/sim900_800.o
GSM_SIM2                                          ./src/sim900_800.o
GSM_SetSIM                                        ./src/sim900_800.o
GSM_Start                                         ./src/sim900_800.o
                                                  ./src/funcs_gsm.o
GSM_Start_Stop_ResetSM                            ./src/sim900_800.o
                                                  ./src/funcs_gsm.o
GSM_Stop                                          ./src/sim900_800.o
                                                  ./src/funcs_gsm.o
GSMbuffGPRSCommand                                ./src/sim900_800.o
GSMbuffRtaCommand                                 ./src/sim900_800.o
GSMbuffStatus                                     ./src/sim900_800.o
GSMnumSMS                                         ./src/sim900_800.o
GSMrxSMS                                          ./src/sim900_800.o
GSMrxSMSState                                     ./src/sim900_800.o
GetHysteresis                                     ./src/hard.o
GetIGrid                                          ./src/hard.o
                                                  ./src/main.o
GetNew1to10                                       ./src/hard.o
GetPhoto                                          ./src/adc.o
GetVGrid                                          ./src/hard.o
                                                  ./src/main.o
GetValue                                          ./src/tcp_transceiver.o
HardFault_Handler                                 ./src/stm32f0xx_it.o
I2C1_IRQHandler                                   ./cmsis_boot/startup/startup_stm32f0xx.o
I2C2_IRQHandler                                   ./cmsis_boot/startup/startup_stm32f0xx.o
I2S_Cmd                                           ../STM32F0xx_StdPeriph_Lib_V1.3.1/Libraries/STM32F0xx_StdPeriph_Driver/src/stm32f0xx_spi.o
I2S_Init                                          ../STM32F0xx_StdPeriph_Lib_V1.3.1/Libraries/STM32F0xx_StdPeriph_Driver/src/stm32f0xx_spi.o
I2S_StructInit                                    ../STM32F0xx_StdPeriph_Lib_V1.3.1/Libraries/STM32F0xx_StdPeriph_Driver/src/stm32f0xx_spi.o
IpIsValid                                         ./src/tcp_transceiver.o
MAFilter32                                        ./src/dsp.o
MAFilter32Circular                                ./src/dsp.o
MAFilter8                                         ./src/dsp.o
                                                  ./src/hard.o
MAFilterFast                                      ./src/dsp.o
MQTTDeserialize_ack                               ./paho.mqtt.embedded-c/MQTTPacket/src/MQTTDeserializePublish.o
                                                  ./paho.mqtt.embedded-c/MQTTPacket/src/MQTTUnsubscribeClient.o
                                                  ./paho.mqtt.embedded-c/MQTTPacket/src/MQTTFormat.o
MQTTDeserialize_connack                           ./paho.mqtt.embedded-c/MQTTPacket/src/MQTTConnectClient.o
                                                  ./paho.mqtt.embedded-c/MQTTPacket/src/MQTTFormat.o
MQTTDeserialize_connect                           ./paho.mqtt.embedded-c/MQTTPacket/src/MQTTConnectServer.o
                                                  ./paho.mqtt.embedded-c/MQTTPacket/src/MQTTFormat.o
MQTTDeserialize_publish                           ./paho.mqtt.embedded-c/MQTTPacket/src/MQTTDeserializePublish.o
                                                  ./paho.mqtt.embedded-c/MQTTPacket/src/MQTTFormat.o
MQTTDeserialize_suback                            ./paho.mqtt.embedded-c/MQTTPacket/src/MQTTSubscribeClient.o
                                                  ./paho.mqtt.embedded-c/MQTTPacket/src/MQTTFormat.o
MQTTDeserialize_subscribe                         ./paho.mqtt.embedded-c/MQTTPacket/src/MQTTSubscribeServer.o
                                                  ./paho.mqtt.embedded-c/MQTTPacket/src/MQTTFormat.o
MQTTDeserialize_unsuback                          ./paho.mqtt.embedded-c/MQTTPacket/src/MQTTUnsubscribeClient.o
                                                  ./paho.mqtt.embedded-c/MQTTPacket/src/MQTTFormat.o
MQTTDeserialize_unsubscribe                       ./paho.mqtt.embedded-c/MQTTPacket/src/MQTTUnsubscribeServer.o
                                                  ./paho.mqtt.embedded-c/MQTTPacket/src/MQTTFormat.o
MQTTFormat_toClientString                         ./paho.mqtt.embedded-c/MQTTPacket/src/MQTTFormat.o
MQTTFormat_toServerString                         ./paho.mqtt.embedded-c/MQTTPacket/src/MQTTFormat.o
MQTTPacket_checkVersion                           ./paho.mqtt.embedded-c/MQTTPacket/src/MQTTConnectServer.o
MQTTPacket_decode                                 ./paho.mqtt.embedded-c/MQTTPacket/src/MQTTPacket.o
MQTTPacket_decodeBuf                              ./paho.mqtt.embedded-c/MQTTPacket/src/MQTTPacket.o
                                                  ./paho.mqtt.embedded-c/MQTTPacket/src/MQTTUnsubscribeServer.o
                                                  ./paho.mqtt.embedded-c/MQTTPacket/src/MQTTSubscribeServer.o
                                                  ./paho.mqtt.embedded-c/MQTTPacket/src/MQTTSubscribeClient.o
                                                  ./paho.mqtt.embedded-c/MQTTPacket/src/MQTTFormat.o
                                                  ./paho.mqtt.embedded-c/MQTTPacket/src/MQTTDeserializePublish.o
                                                  ./paho.mqtt.embedded-c/MQTTPacket/src/MQTTConnectServer.o
                                                  ./paho.mqtt.embedded-c/MQTTPacket/src/MQTTConnectClient.o
MQTTPacket_encode                                 ./paho.mqtt.embedded-c/MQTTPacket/src/MQTTPacket.o
                                                  ./paho.mqtt.embedded-c/MQTTPacket/src/MQTTUnsubscribeServer.o
                                                  ./paho.mqtt.embedded-c/MQTTPacket/src/MQTTUnsubscribeClient.o
                                                  ./paho.mqtt.embedded-c/MQTTPacket/src/MQTTSubscribeServer.o
                                                  ./paho.mqtt.embedded-c/MQTTPacket/src/MQTTSubscribeClient.o
                                                  ./paho.mqtt.embedded-c/MQTTPacket/src/MQTTSerializePublish.o
                                                  ./paho.mqtt.embedded-c/MQTTPacket/src/MQTTConnectServer.o
                                                  ./paho.mqtt.embedded-c/MQTTPacket/src/MQTTConnectClient.o
MQTTPacket_equals                                 ./paho.mqtt.embedded-c/MQTTPacket/src/MQTTPacket.o
MQTTPacket_getName                                ./paho.mqtt.embedded-c/MQTTPacket/src/MQTTFormat.o
MQTTPacket_len                                    ./paho.mqtt.embedded-c/MQTTPacket/src/MQTTPacket.o
                                                  ./paho.mqtt.embedded-c/MQTTPacket/src/MQTTUnsubscribeClient.o
                                                  ./paho.mqtt.embedded-c/MQTTPacket/src/MQTTSubscribeClient.o
                                                  ./paho.mqtt.embedded-c/MQTTPacket/src/MQTTSerializePublish.o
                                                  ./paho.mqtt.embedded-c/MQTTPacket/src/MQTTConnectClient.o
MQTTPacket_names                                  ./paho.mqtt.embedded-c/MQTTPacket/src/MQTTFormat.o
MQTTPacket_read                                   ./paho.mqtt.embedded-c/MQTTPacket/src/MQTTPacket.o
MQTTPacket_readnb                                 ./paho.mqtt.embedded-c/MQTTPacket/src/MQTTPacket.o
MQTTSerialize_ack                                 ./paho.mqtt.embedded-c/MQTTPacket/src/MQTTSerializePublish.o
MQTTSerialize_connack                             ./paho.mqtt.embedded-c/MQTTPacket/src/MQTTConnectServer.o
MQTTSerialize_connect                             ./paho.mqtt.embedded-c/MQTTPacket/src/MQTTConnectClient.o
MQTTSerialize_connectLength                       ./paho.mqtt.embedded-c/MQTTPacket/src/MQTTConnectClient.o
MQTTSerialize_disconnect                          ./paho.mqtt.embedded-c/MQTTPacket/src/MQTTConnectClient.o
MQTTSerialize_pingreq                             ./paho.mqtt.embedded-c/MQTTPacket/src/MQTTConnectClient.o
MQTTSerialize_puback                              ./paho.mqtt.embedded-c/MQTTPacket/src/MQTTSerializePublish.o
MQTTSerialize_pubcomp                             ./paho.mqtt.embedded-c/MQTTPacket/src/MQTTSerializePublish.o
MQTTSerialize_publish                             ./paho.mqtt.embedded-c/MQTTPacket/src/MQTTSerializePublish.o
MQTTSerialize_publishLength                       ./paho.mqtt.embedded-c/MQTTPacket/src/MQTTSerializePublish.o
MQTTSerialize_pubrel                              ./paho.mqtt.embedded-c/MQTTPacket/src/MQTTSerializePublish.o
MQTTSerialize_suback                              ./paho.mqtt.embedded-c/MQTTPacket/src/MQTTSubscribeServer.o
MQTTSerialize_subscribe                           ./paho.mqtt.embedded-c/MQTTPacket/src/MQTTSubscribeClient.o
MQTTSerialize_subscribeLength                     ./paho.mqtt.embedded-c/MQTTPacket/src/MQTTSubscribeClient.o
MQTTSerialize_unsuback                            ./paho.mqtt.embedded-c/MQTTPacket/src/MQTTUnsubscribeServer.o
MQTTSerialize_unsubscribe                         ./paho.mqtt.embedded-c/MQTTPacket/src/MQTTUnsubscribeClient.o
MQTTSerialize_unsubscribeLength                   ./paho.mqtt.embedded-c/MQTTPacket/src/MQTTUnsubscribeClient.o
MQTTSerialize_zero                                ./paho.mqtt.embedded-c/MQTTPacket/src/MQTTConnectClient.o
MQTTStringFormat_ack                              ./paho.mqtt.embedded-c/MQTTPacket/src/MQTTFormat.o
MQTTStringFormat_connack                          ./paho.mqtt.embedded-c/MQTTPacket/src/MQTTFormat.o
MQTTStringFormat_connect                          ./paho.mqtt.embedded-c/MQTTPacket/src/MQTTFormat.o
MQTTStringFormat_publish                          ./paho.mqtt.embedded-c/MQTTPacket/src/MQTTFormat.o
MQTTStringFormat_suback                           ./paho.mqtt.embedded-c/MQTTPacket/src/MQTTFormat.o
MQTTStringFormat_subscribe                        ./paho.mqtt.embedded-c/MQTTPacket/src/MQTTFormat.o
MQTTStringFormat_unsubscribe                      ./paho.mqtt.embedded-c/MQTTPacket/src/MQTTFormat.o
MQTTstrlen                                        ./paho.mqtt.embedded-c/MQTTPacket/src/MQTTPacket.o
                                                  ./paho.mqtt.embedded-c/MQTTPacket/src/MQTTUnsubscribeClient.o
                                                  ./paho.mqtt.embedded-c/MQTTPacket/src/MQTTSubscribeClient.o
                                                  ./paho.mqtt.embedded-c/MQTTPacket/src/MQTTSerializePublish.o
                                                  ./paho.mqtt.embedded-c/MQTTPacket/src/MQTTConnectClient.o
NMI_Handler                                       ./src/stm32f0xx_it.o
NVIC_Init                                         ../STM32F0xx_StdPeriph_Lib_V1.3.1/Libraries/STM32F0xx_StdPeriph_Driver/src/stm32f0xx_misc.o
NVIC_SystemLPConfig                               ../STM32F0xx_StdPeriph_Lib_V1.3.1/Libraries/STM32F0xx_StdPeriph_Driver/src/stm32f0xx_misc.o
OctetIsValid                                      ./src/tcp_transceiver.o
OneShootTIM16                                     ./src/tim.o
PVD_IRQHandler                                    ./cmsis_boot/startup/startup_stm32f0xx.o
PacketReadyUARTGSM                                ./src/sim900_800.o
PendSV_Handler                                    ./src/stm32f0xx_it.o
PowerCalc                                         ./src/hard.o
                                                  ./src/main.o
PowerCalcMean8                                    ./src/hard.o
                                                  ./src/main.o
RCC_ADCCLKConfig                                  ../STM32F0xx_StdPeriph_Lib_V1.3.1/Libraries/STM32F0xx_StdPeriph_Driver/src/stm32f0xx_rcc.o
RCC_AHBPeriphClockCmd                             ../STM32F0xx_StdPeriph_Lib_V1.3.1/Libraries/STM32F0xx_StdPeriph_Driver/src/stm32f0xx_rcc.o
RCC_AHBPeriphResetCmd                             ../STM32F0xx_StdPeriph_Lib_V1.3.1/Libraries/STM32F0xx_StdPeriph_Driver/src/stm32f0xx_rcc.o
                                                  ../STM32F0xx_StdPeriph_Lib_V1.3.1/Libraries/STM32F0xx_StdPeriph_Driver/src/stm32f0xx_gpio.o
RCC_APB1PeriphClockCmd                            ../STM32F0xx_StdPeriph_Lib_V1.3.1/Libraries/STM32F0xx_StdPeriph_Driver/src/stm32f0xx_rcc.o
RCC_APB1PeriphResetCmd                            ../STM32F0xx_StdPeriph_Lib_V1.3.1/Libraries/STM32F0xx_StdPeriph_Driver/src/stm32f0xx_rcc.o
                                                  ../STM32F0xx_StdPeriph_Lib_V1.3.1/Libraries/STM32F0xx_StdPeriph_Driver/src/stm32f0xx_usart.o
                                                  ../STM32F0xx_StdPeriph_Lib_V1.3.1/Libraries/STM32F0xx_StdPeriph_Driver/src/stm32f0xx_spi.o
RCC_APB2PeriphClockCmd                            ../STM32F0xx_StdPeriph_Lib_V1.3.1/Libraries/STM32F0xx_StdPeriph_Driver/src/stm32f0xx_rcc.o
RCC_APB2PeriphResetCmd                            ../STM32F0xx_StdPeriph_Lib_V1.3.1/Libraries/STM32F0xx_StdPeriph_Driver/src/stm32f0xx_rcc.o
                                                  ../STM32F0xx_StdPeriph_Lib_V1.3.1/Libraries/STM32F0xx_StdPeriph_Driver/src/stm32f0xx_usart.o
                                                  ../STM32F0xx_StdPeriph_Lib_V1.3.1/Libraries/STM32F0xx_StdPeriph_Driver/src/stm32f0xx_spi.o
RCC_AdjustHSI14CalibrationValue                   ../STM32F0xx_StdPeriph_Lib_V1.3.1/Libraries/STM32F0xx_StdPeriph_Driver/src/stm32f0xx_rcc.o
RCC_AdjustHSICalibrationValue                     ../STM32F0xx_StdPeriph_Lib_V1.3.1/Libraries/STM32F0xx_StdPeriph_Driver/src/stm32f0xx_rcc.o
RCC_BackupResetCmd                                ../STM32F0xx_StdPeriph_Lib_V1.3.1/Libraries/STM32F0xx_StdPeriph_Driver/src/stm32f0xx_rcc.o
RCC_CECCLKConfig                                  ../STM32F0xx_StdPeriph_Lib_V1.3.1/Libraries/STM32F0xx_StdPeriph_Driver/src/stm32f0xx_rcc.o
RCC_ClearFlag                                     ../STM32F0xx_StdPeriph_Lib_V1.3.1/Libraries/STM32F0xx_StdPeriph_Driver/src/stm32f0xx_rcc.o
RCC_ClearITPendingBit                             ../STM32F0xx_StdPeriph_Lib_V1.3.1/Libraries/STM32F0xx_StdPeriph_Driver/src/stm32f0xx_rcc.o
RCC_ClockSecuritySystemCmd                        ../STM32F0xx_StdPeriph_Lib_V1.3.1/Libraries/STM32F0xx_StdPeriph_Driver/src/stm32f0xx_rcc.o
RCC_DeInit                                        ../STM32F0xx_StdPeriph_Lib_V1.3.1/Libraries/STM32F0xx_StdPeriph_Driver/src/stm32f0xx_rcc.o
RCC_GetClocksFreq                                 ../STM32F0xx_StdPeriph_Lib_V1.3.1/Libraries/STM32F0xx_StdPeriph_Driver/src/stm32f0xx_rcc.o
                                                  ../STM32F0xx_StdPeriph_Lib_V1.3.1/Libraries/STM32F0xx_StdPeriph_Driver/src/stm32f0xx_usart.o
                                                  ../STM32F0xx_StdPeriph_Lib_V1.3.1/Libraries/STM32F0xx_StdPeriph_Driver/src/stm32f0xx_spi.o
RCC_GetFlagStatus                                 ../STM32F0xx_StdPeriph_Lib_V1.3.1/Libraries/STM32F0xx_StdPeriph_Driver/src/stm32f0xx_rcc.o
RCC_GetITStatus                                   ../STM32F0xx_StdPeriph_Lib_V1.3.1/Libraries/STM32F0xx_StdPeriph_Driver/src/stm32f0xx_rcc.o
RCC_GetSYSCLKSource                               ../STM32F0xx_StdPeriph_Lib_V1.3.1/Libraries/STM32F0xx_StdPeriph_Driver/src/stm32f0xx_rcc.o
RCC_HCLKConfig                                    ../STM32F0xx_StdPeriph_Lib_V1.3.1/Libraries/STM32F0xx_StdPeriph_Driver/src/stm32f0xx_rcc.o
RCC_HSEConfig                                     ../STM32F0xx_StdPeriph_Lib_V1.3.1/Libraries/STM32F0xx_StdPeriph_Driver/src/stm32f0xx_rcc.o
RCC_HSI14ADCRequestCmd                            ../STM32F0xx_StdPeriph_Lib_V1.3.1/Libraries/STM32F0xx_StdPeriph_Driver/src/stm32f0xx_rcc.o
RCC_HSI14Cmd                                      ../STM32F0xx_StdPeriph_Lib_V1.3.1/Libraries/STM32F0xx_StdPeriph_Driver/src/stm32f0xx_rcc.o
RCC_HSI48Cmd                                      ../STM32F0xx_StdPeriph_Lib_V1.3.1/Libraries/STM32F0xx_StdPeriph_Driver/src/stm32f0xx_rcc.o
RCC_HSICmd                                        ../STM32F0xx_StdPeriph_Lib_V1.3.1/Libraries/STM32F0xx_StdPeriph_Driver/src/stm32f0xx_rcc.o
RCC_I2CCLKConfig                                  ../STM32F0xx_StdPeriph_Lib_V1.3.1/Libraries/STM32F0xx_StdPeriph_Driver/src/stm32f0xx_rcc.o
RCC_IRQHandler                                    ./cmsis_boot/startup/startup_stm32f0xx.o
RCC_ITConfig                                      ../STM32F0xx_StdPeriph_Lib_V1.3.1/Libraries/STM32F0xx_StdPeriph_Driver/src/stm32f0xx_rcc.o
RCC_LSEConfig                                     ../STM32F0xx_StdPeriph_Lib_V1.3.1/Libraries/STM32F0xx_StdPeriph_Driver/src/stm32f0xx_rcc.o
RCC_LSEDriveConfig                                ../STM32F0xx_StdPeriph_Lib_V1.3.1/Libraries/STM32F0xx_StdPeriph_Driver/src/stm32f0xx_rcc.o
RCC_LSICmd                                        ../STM32F0xx_StdPeriph_Lib_V1.3.1/Libraries/STM32F0xx_StdPeriph_Driver/src/stm32f0xx_rcc.o
RCC_MCOConfig                                     ../STM32F0xx_StdPeriph_Lib_V1.3.1/Libraries/STM32F0xx_StdPeriph_Driver/src/stm32f0xx_rcc.o
RCC_PCLKConfig                                    ../STM32F0xx_StdPeriph_Lib_V1.3.1/Libraries/STM32F0xx_StdPeriph_Driver/src/stm32f0xx_rcc.o
RCC_PLLCmd                                        ../STM32F0xx_StdPeriph_Lib_V1.3.1/Libraries/STM32F0xx_StdPeriph_Driver/src/stm32f0xx_rcc.o
RCC_PLLConfig                                     ../STM32F0xx_StdPeriph_Lib_V1.3.1/Libraries/STM32F0xx_StdPeriph_Driver/src/stm32f0xx_rcc.o
RCC_PREDIV1Config                                 ../STM32F0xx_StdPeriph_Lib_V1.3.1/Libraries/STM32F0xx_StdPeriph_Driver/src/stm32f0xx_rcc.o
RCC_RTCCLKCmd                                     ../STM32F0xx_StdPeriph_Lib_V1.3.1/Libraries/STM32F0xx_StdPeriph_Driver/src/stm32f0xx_rcc.o
RCC_RTCCLKConfig                                  ../STM32F0xx_StdPeriph_Lib_V1.3.1/Libraries/STM32F0xx_StdPeriph_Driver/src/stm32f0xx_rcc.o
RCC_SYSCLKConfig                                  ../STM32F0xx_StdPeriph_Lib_V1.3.1/Libraries/STM32F0xx_StdPeriph_Driver/src/stm32f0xx_rcc.o
RCC_USARTCLKConfig                                ../STM32F0xx_StdPeriph_Lib_V1.3.1/Libraries/STM32F0xx_StdPeriph_Driver/src/stm32f0xx_rcc.o
RCC_USBCLKConfig                                  ../STM32F0xx_StdPeriph_Lib_V1.3.1/Libraries/STM32F0xx_StdPeriph_Driver/src/stm32f0xx_rcc.o
RCC_WaitForHSEStartUp                             ../STM32F0xx_StdPeriph_Lib_V1.3.1/Libraries/STM32F0xx_StdPeriph_Driver/src/stm32f0xx_rcc.o
RTC_IRQHandler                                    ./cmsis_boot/startup/startup_stm32f0xx.o
RandomGen                                         ./src/dsp.o
ReadADC1Check                                     ./src/adc.o
ReadADC1_SameSampleTime                           ./src/adc.o
ReadMem                                           ./src/flash_program.o
ReadPcktR                                         ./src/tcp_transceiver.o
ReadPcktS                                         ./src/tcp_transceiver.o
ReadUsart1Buffer                                  ./src/uart.o
                                                  ./src/sim900_800.o
                                                  ./src/gps_vktel.o
ReadUsart2Buffer                                  ./src/uart.o
RelayIsOff                                        ./src/hard.o
RelayIsOn                                         ./src/hard.o
RelayOff                                          ./src/hard.o
RelayOn                                           ./src/hard.o
Reset_Handler                                     ./cmsis_boot/startup/startup_stm32f0xx.o
SIM900APNSIM1                                     ./src/sim900_800.o
SIM900APNSIM2                                     ./src/sim900_800.o
SIM900CLAVESIM1                                   ./src/sim900_800.o
SIM900CLAVESIM2                                   ./src/sim900_800.o
SIM900IPREMOTE                                    ./src/sim900_800.o
SIM900PORTREMOTE                                  ./src/sim900_800.o
SIM900USUARIOSIM1                                 ./src/sim900_800.o
SIM900USUARIOSIM2                                 ./src/sim900_800.o
SPI1_IRQHandler                                   ./cmsis_boot/startup/startup_stm32f0xx.o
SPI2_IRQHandler                                   ./cmsis_boot/startup/startup_stm32f0xx.o
SPI_BiDirectionalLineConfig                       ../STM32F0xx_StdPeriph_Lib_V1.3.1/Libraries/STM32F0xx_StdPeriph_Driver/src/stm32f0xx_spi.o
SPI_CRCLengthConfig                               ../STM32F0xx_StdPeriph_Lib_V1.3.1/Libraries/STM32F0xx_StdPeriph_Driver/src/stm32f0xx_spi.o
SPI_CalculateCRC                                  ../STM32F0xx_StdPeriph_Lib_V1.3.1/Libraries/STM32F0xx_StdPeriph_Driver/src/stm32f0xx_spi.o
SPI_Cmd                                           ../STM32F0xx_StdPeriph_Lib_V1.3.1/Libraries/STM32F0xx_StdPeriph_Driver/src/stm32f0xx_spi.o
SPI_DataSizeConfig                                ../STM32F0xx_StdPeriph_Lib_V1.3.1/Libraries/STM32F0xx_StdPeriph_Driver/src/stm32f0xx_spi.o
SPI_GetCRC                                        ../STM32F0xx_StdPeriph_Lib_V1.3.1/Libraries/STM32F0xx_StdPeriph_Driver/src/stm32f0xx_spi.o
SPI_GetCRCPolynomial                              ../STM32F0xx_StdPeriph_Lib_V1.3.1/Libraries/STM32F0xx_StdPeriph_Driver/src/stm32f0xx_spi.o
SPI_GetReceptionFIFOStatus                        ../STM32F0xx_StdPeriph_Lib_V1.3.1/Libraries/STM32F0xx_StdPeriph_Driver/src/stm32f0xx_spi.o
SPI_GetTransmissionFIFOStatus                     ../STM32F0xx_StdPeriph_Lib_V1.3.1/Libraries/STM32F0xx_StdPeriph_Driver/src/stm32f0xx_spi.o
SPI_I2S_ClearFlag                                 ../STM32F0xx_StdPeriph_Lib_V1.3.1/Libraries/STM32F0xx_StdPeriph_Driver/src/stm32f0xx_spi.o
SPI_I2S_DMACmd                                    ../STM32F0xx_StdPeriph_Lib_V1.3.1/Libraries/STM32F0xx_StdPeriph_Driver/src/stm32f0xx_spi.o
SPI_I2S_DeInit                                    ../STM32F0xx_StdPeriph_Lib_V1.3.1/Libraries/STM32F0xx_StdPeriph_Driver/src/stm32f0xx_spi.o
SPI_I2S_GetFlagStatus                             ../STM32F0xx_StdPeriph_Lib_V1.3.1/Libraries/STM32F0xx_StdPeriph_Driver/src/stm32f0xx_spi.o
SPI_I2S_GetITStatus                               ../STM32F0xx_StdPeriph_Lib_V1.3.1/Libraries/STM32F0xx_StdPeriph_Driver/src/stm32f0xx_spi.o
SPI_I2S_ITConfig                                  ../STM32F0xx_StdPeriph_Lib_V1.3.1/Libraries/STM32F0xx_StdPeriph_Driver/src/stm32f0xx_spi.o
SPI_I2S_ReceiveData16                             ../STM32F0xx_StdPeriph_Lib_V1.3.1/Libraries/STM32F0xx_StdPeriph_Driver/src/stm32f0xx_spi.o
SPI_I2S_SendData16                                ../STM32F0xx_StdPeriph_Lib_V1.3.1/Libraries/STM32F0xx_StdPeriph_Driver/src/stm32f0xx_spi.o
SPI_Init                                          ../STM32F0xx_StdPeriph_Lib_V1.3.1/Libraries/STM32F0xx_StdPeriph_Driver/src/stm32f0xx_spi.o
SPI_LastDMATransferCmd                            ../STM32F0xx_StdPeriph_Lib_V1.3.1/Libraries/STM32F0xx_StdPeriph_Driver/src/stm32f0xx_spi.o
SPI_NSSInternalSoftwareConfig                     ../STM32F0xx_StdPeriph_Lib_V1.3.1/Libraries/STM32F0xx_StdPeriph_Driver/src/stm32f0xx_spi.o
SPI_NSSPulseModeCmd                               ../STM32F0xx_StdPeriph_Lib_V1.3.1/Libraries/STM32F0xx_StdPeriph_Driver/src/stm32f0xx_spi.o
SPI_ReceiveData8                                  ../STM32F0xx_StdPeriph_Lib_V1.3.1/Libraries/STM32F0xx_StdPeriph_Driver/src/stm32f0xx_spi.o
SPI_RxFIFOThresholdConfig                         ../STM32F0xx_StdPeriph_Lib_V1.3.1/Libraries/STM32F0xx_StdPeriph_Driver/src/stm32f0xx_spi.o
SPI_SSOutputCmd                                   ../STM32F0xx_StdPeriph_Lib_V1.3.1/Libraries/STM32F0xx_StdPeriph_Driver/src/stm32f0xx_spi.o