Archive member included to satisfy reference by file (symbol)

/usr/local/sbin/gcc-arm-none-eabi-5_2-2015q4/bin/../lib/gcc/arm-none-eabi/5.2.1/armv6-m/libgcc.a(_udivsi3.o)
                              ./src/main.o (__aeabi_uidiv)
/usr/local/sbin/gcc-arm-none-eabi-5_2-2015q4/bin/../lib/gcc/arm-none-eabi/5.2.1/armv6-m/libgcc.a(_dvmd_tls.o)
                              /usr/local/sbin/gcc-arm-none-eabi-5_2-2015q4/bin/../lib/gcc/arm-none-eabi/5.2.1/armv6-m/libgcc.a(_udivsi3.o) (__aeabi_idiv0)
/usr/local/sbin/gcc-arm-none-eabi-5_2-2015q4/bin/../lib/gcc/arm-none-eabi/5.2.1/armv6-m/libgcc.a(_fixunssfsi.o)
                              ./src/hard.o (__aeabi_f2uiz)
/usr/local/sbin/gcc-arm-none-eabi-5_2-2015q4/bin/../lib/gcc/arm-none-eabi/5.2.1/armv6-m/libgcc.a(mulsf3.o)
                              ./src/hard.o (__aeabi_fmul)
/usr/local/sbin/gcc-arm-none-eabi-5_2-2015q4/bin/../lib/gcc/arm-none-eabi/5.2.1/armv6-m/libgcc.a(subsf3.o)
                              ./src/hard.o (__aeabi_fsub)
/usr/local/sbin/gcc-arm-none-eabi-5_2-2015q4/bin/../lib/gcc/arm-none-eabi/5.2.1/armv6-m/libgcc.a(fixsfsi.o)
                              /usr/local/sbin/gcc-arm-none-eabi-5_2-2015q4/bin/../lib/gcc/arm-none-eabi/5.2.1/armv6-m/libgcc.a(_fixunssfsi.o) (__aeabi_f2iz)
/usr/local/sbin/gcc-arm-none-eabi-5_2-2015q4/bin/../lib/gcc/arm-none-eabi/5.2.1/armv6-m/libgcc.a(floatsisf.o)
                              ./src/hard.o (__aeabi_i2f)
/usr/local/sbin/gcc-arm-none-eabi-5_2-2015q4/bin/../lib/gcc/arm-none-eabi/5.2.1/armv6-m/libgcc.a(muldf3.o)
                              ./src/hard.o (__aeabi_dmul)
/usr/local/sbin/gcc-arm-none-eabi-5_2-2015q4/bin/../lib/gcc/arm-none-eabi/5.2.1/armv6-m/libgcc.a(floatsidf.o)
                              ./src/hard.o (__aeabi_i2d)
/usr/local/sbin/gcc-arm-none-eabi-5_2-2015q4/bin/../lib/gcc/arm-none-eabi/5.2.1/armv6-m/libgcc.a(floatunsidf.o)
                              ./src/hard.o (__aeabi_ui2d)
/usr/local/sbin/gcc-arm-none-eabi-5_2-2015q4/bin/../lib/gcc/arm-none-eabi/5.2.1/armv6-m/libgcc.a(truncdfsf2.o)
                              ./src/hard.o (__aeabi_d2f)
/usr/local/sbin/gcc-arm-none-eabi-5_2-2015q4/bin/../lib/gcc/arm-none-eabi/5.2.1/armv6-m/libgcc.a(_arm_cmpsf2.o)
                              /usr/local/sbin/gcc-arm-none-eabi-5_2-2015q4/bin/../lib/gcc/arm-none-eabi/5.2.1/armv6-m/libgcc.a(_fixunssfsi.o) (__aeabi_fcmpge)
/usr/local/sbin/gcc-arm-none-eabi-5_2-2015q4/bin/../lib/gcc/arm-none-eabi/5.2.1/armv6-m/libgcc.a(_clzsi2.o)
                              /usr/local/sbin/gcc-arm-none-eabi-5_2-2015q4/bin/../lib/gcc/arm-none-eabi/5.2.1/armv6-m/libgcc.a(mulsf3.o) (__clzsi2)
/usr/local/sbin/gcc-arm-none-eabi-5_2-2015q4/bin/../lib/gcc/arm-none-eabi/5.2.1/armv6-m/libgcc.a(eqsf2.o)
                              /usr/local/sbin/gcc-arm-none-eabi-5_2-2015q4/bin/../lib/gcc/arm-none-eabi/5.2.1/armv6-m/libgcc.a(_arm_cmpsf2.o) (__eqsf2)
/usr/local/sbin/gcc-arm-none-eabi-5_2-2015q4/bin/../lib/gcc/arm-none-eabi/5.2.1/armv6-m/libgcc.a(gesf2.o)
                              /usr/local/sbin/gcc-arm-none-eabi-5_2-2015q4/bin/../lib/gcc/arm-none-eabi/5.2.1/armv6-m/libgcc.a(_arm_cmpsf2.o) (__gesf2)
/usr/local/sbin/gcc-arm-none-eabi-5_2-2015q4/bin/../lib/gcc/arm-none-eabi/5.2.1/armv6-m/libgcc.a(lesf2.o)
                              /usr/local/sbin/gcc-arm-none-eabi-5_2-2015q4/bin/../lib/gcc/arm-none-eabi/5.2.1/armv6-m/libgcc.a(_arm_cmpsf2.o) (__lesf2)
/usr/local/sbin/gcc-arm-none-eabi-5_2-2015q4/bin/../lib/gcc/arm-none-eabi/5.2.1/../../../../arm-none-eabi/lib/armv6-m/libc_nano.a(lib_a-atoi.o)
                              ./src/tcp_transceiver.o (atoi)
/usr/local/sbin/gcc-arm-none-eabi-5_2-2015q4/bin/../lib/gcc/arm-none-eabi/5.2.1/../../../../arm-none-eabi/lib/armv6-m/libc_nano.a(lib_a-memcmp.o)
                              ./paho.mqtt.embedded-c/MQTTPacket/src/MQTTConnectServer.o (memcmp)
/usr/local/sbin/gcc-arm-none-eabi-5_2-2015q4/bin/../lib/gcc/arm-none-eabi/5.2.1/../../../../arm-none-eabi/lib/armv6-m/libc_nano.a(lib_a-memcpy-stub.o)
                              ./src/main.o (memcpy)
/usr/local/sbin/gcc-arm-none-eabi-5_2-2015q4/bin/../lib/gcc/arm-none-eabi/5.2.1/../../../../arm-none-eabi/lib/armv6-m/libc_nano.a(lib_a-memset.o)
                              ./src/tcp_transceiver.o (memset)
/usr/local/sbin/gcc-arm-none-eabi-5_2-2015q4/bin/../lib/gcc/arm-none-eabi/5.2.1/../../../../arm-none-eabi/lib/armv6-m/libc_nano.a(lib_a-rand.o)
                              ./src/dsp.o (srand)
/usr/local/sbin/gcc-arm-none-eabi-5_2-2015q4/bin/../lib/gcc/arm-none-eabi/5.2.1/../../../../arm-none-eabi/lib/armv6-m/libc_nano.a(lib_a-snprintf.o)
                              ./paho.mqtt.embedded-c/MQTTPacket/src/MQTTFormat.o (snprintf)
/usr/local/sbin/gcc-arm-none-eabi-5_2-2015q4/bin/../lib/gcc/arm-none-eabi/5.2.1/../../../../arm-none-eabi/lib/armv6-m/libc_nano.a(lib_a-sprintf.o)
                              ./src/main.o (sprintf)
[...]
Memory Configuration

Name             Origin             Length             Attributes
FLASH            0x08000000         0x00010000         xr
RAM              0x20000000         0x00002000         xrw
*default*        0x00000000         0xffffffff

Linker script and memory map

LOAD ./src/main.o
LOAD ./cmsis_boot/system_stm32f0xx.o
LOAD ./cmsis_boot/syscalls/syscalls.o
LOAD ./src/stm32f0xx_it.o
LOAD ./src/gpio.o
LOAD ./src/tim.o
LOAD ./src/adc.o
LOAD ./src/uart.o
LOAD ./src/flash_program.o
LOAD ./src/dsp.o
LOAD ./src/hard.o
LOAD ./src/tcp_transceiver.o
LOAD ./cmsis_core/core_cm0.o
LOAD ./paho.mqtt.embedded-c/MQTTPacket/src/MQTTConnectClient.o
LOAD ./paho.mqtt.embedded-c/MQTTPacket/src/MQTTConnectServer.o
LOAD ./paho.mqtt.embedded-c/MQTTPacket/src/MQTTDeserializePublish.o
LOAD ./paho.mqtt.embedded-c/MQTTPacket/src/MQTTFormat.o
LOAD ./paho.mqtt.embedded-c/MQTTPacket/src/MQTTPacket.o
LOAD ./paho.mqtt.embedded-c/MQTTPacket/src/MQTTSerializePublish.o
LOAD ./paho.mqtt.embedded-c/MQTTPacket/src/MQTTSubscribeClient.o
LOAD ./paho.mqtt.embedded-c/MQTTPacket/src/MQTTSubscribeServer.o
LOAD ./paho.mqtt.embedded-c/MQTTPacket/src/MQTTUnsubscribeClient.o
LOAD ./paho.mqtt.embedded-c/MQTTPacket/src/MQTTUnsubscribeServer.o
LOAD ./src/gps_vktel.o
LOAD ./src/ESP8266.o
LOAD ./src/sim900_800.o
LOAD ./src/funcs_gsm.o
LOAD ./cmsis_boot/startup/startup_stm32f0xx.o
START GROUP
LOAD /usr/local/sbin/gcc-arm-none-eabi-5_2-2015q4/bin/../lib/gcc/arm-none-eabi/5.2.1/armv6-m/libgcc.a
LOAD /usr/local/sbin/gcc-arm-none-eabi-5_2-2015q4/bin/../lib/gcc/arm-none-eabi/5.2.1/../../../../arm-none-eabi/lib/armv6-m/libc_nano.a
END GROUP
START GROUP
LOAD /usr/local/sbin/gcc-arm-none-eabi-5_2-2015q4/bin/../lib/gcc/arm-none-eabi/5.2.1/armv6-m/libgcc.a
LOAD /usr/local/sbin/gcc-arm-none-eabi-5_2-2015q4/bin/../lib/gcc/arm-none-eabi/5.2.1/../../../../arm-none-eabi/lib/armv6-m/libc_nano.a
END GROUP
                0x20001fff                _estack = 0x20001fff
                0x00000000                _Min_Heap_Size = 0x0
                0x00000400                _Min_Stack_Size = 0x400

.isr_vector     0x08000000       0xc4
                0x08000000                . = ALIGN (0x4)
 *(.isr_vector)
 .isr_vector    0x08000000       0xc4 ./cmsis_boot/startup/startup_stm32f0xx.o
                0x08000000                g_pfnVectors
                0x080000c4                . = ALIGN (0x4)

.text           0x080000c4     0x4868
                0x080000c4                . = ALIGN (0x4)
 *(.text)
 .text          0x080000c4      0x114 /usr/local/sbin/gcc-arm-none-eabi-5_2-2015q4/bin/../lib/gcc/arm-none-eabi/5.2.1/armv6-m/libgcc.a(_udivsi3.o)
                0x080000c4                __udivsi3
                0x080000c4                __aeabi_uidiv
                0x080001d0                __aeabi_uidivmod
 .text          0x080001d8        0x4 /usr/local/sbin/gcc-arm-none-eabi-5_2-2015q4/bin/../lib/gcc/arm-none-eabi/5.2.1/armv6-m/libgcc.a(_dvmd_tls.o)
                0x080001d8                __aeabi_ldiv0
                0x080001d8                __aeabi_idiv0
 .text          0x080001dc       0x30 /usr/local/sbin/gcc-arm-none-eabi-5_2-2015q4/bin/../lib/gcc/arm-none-eabi/5.2.1/armv6-m/libgcc.a(_fixunssfsi.o)
                0x080001dc                __aeabi_f2uiz
                0x080001dc                __fixunssfsi
 .text          0x0800020c      0x228 /usr/local/sbin/gcc-arm-none-eabi-5_2-2015q4/bin/../lib/gcc/arm-none-eabi/5.2.1/armv6-m/libgcc.a(mulsf3.o)
                0x0800020c                __aeabi_fmul
 .text          0x08000434      0x30c /usr/local/sbin/gcc-arm-none-eabi-5_2-2015q4/bin/../lib/gcc/arm-none-eabi/5.2.1/armv6-m/libgcc.a(subsf3.o)
                0x08000434                __aeabi_fsub
 .text          0x08000740       0x44 /usr/local/sbin/gcc-arm-none-eabi-5_2-2015q4/bin/../lib/gcc/arm-none-eabi/5.2.1/armv6-m/libgcc.a(fixsfsi.o)
                0x08000740                __aeabi_f2iz
 .text          0x08000784       0x90 /usr/local/sbin/gcc-arm-none-eabi-5_2-2015q4/bin/../lib/gcc/arm-none-eabi/5.2.1/armv6-m/libgcc.a(floatsisf.o)
                0x08000784                __aeabi_i2f
 .text          0x08000814      0x4f4 /usr/local/sbin/gcc-arm-none-eabi-5_2-2015q4/bin/../lib/gcc/arm-none-eabi/5.2.1/armv6-m/libgcc.a(muldf3.o)
                0x08000814                __aeabi_dmul
 .text          0x08000d08       0x84 /usr/local/sbin/gcc-arm-none-eabi-5_2-2015q4/bin/../lib/gcc/arm-none-eabi/5.2.1/armv6-m/libgcc.a(floatsidf.o)
                0x08000d08                __aeabi_i2d
 .text          0x08000d8c       0x70 /usr/local/sbin/gcc-arm-none-eabi-5_2-2015q4/bin/../lib/gcc/arm-none-eabi/5.2.1/armv6-m/libgcc.a(floatunsidf.o)
                0x08000d8c                __aeabi_ui2d
 .text          0x08000dfc      0x118 /usr/local/sbin/gcc-arm-none-eabi-5_2-2015q4/bin/../lib/gcc/arm-none-eabi/5.2.1/armv6-m/libgcc.a(truncdfsf2.o)
                0x08000dfc                __aeabi_d2f
 .text          0x08000f14       0x74 /usr/local/sbin/gcc-arm-none-eabi-5_2-2015q4/bin/../lib/gcc/arm-none-eabi/5.2.1/armv6-m/libgcc.a(_arm_cmpsf2.o)
                0x08000f14                __aeabi_cfrcmple
                0x08000f1c                __aeabi_cfcmple
                0x08000f1c                __aeabi_cfcmpeq
                0x08000f2c                __aeabi_fcmpeq
                0x08000f38                __aeabi_fcmplt
                0x08000f4c                __aeabi_fcmple
                0x08000f60                __aeabi_fcmpgt
                0x08000f74                __aeabi_fcmpge
 .text          0x08000f88       0x3c /usr/local/sbin/gcc-arm-none-eabi-5_2-2015q4/bin/../lib/gcc/arm-none-eabi/5.2.1/armv6-m/libgcc.a(_clzsi2.o)
                0x08000f88                __clzsi2
 .text          0x08000fc4       0x50 /usr/local/sbin/gcc-arm-none-eabi-5_2-2015q4/bin/../lib/gcc/arm-none-eabi/5.2.1/armv6-m/libgcc.a(eqsf2.o)
                0x08000fc4                __nesf2
                0x08000fc4                __eqsf2
 .text          0x08001014       0x88 /usr/local/sbin/gcc-arm-none-eabi-5_2-2015q4/bin/../lib/gcc/arm-none-eabi/5.2.1/armv6-m/libgcc.a(gesf2.o)
                0x08001014                __gtsf2
                0x08001014                __gesf2
 .text          0x0800109c       0x88 /usr/local/sbin/gcc-arm-none-eabi-5_2-2015q4/bin/../lib/gcc/arm-none-eabi/5.2.1/armv6-m/libgcc.a(lesf2.o)
                0x0800109c                __lesf2
                0x0800109c                __ltsf2
 .text          0x08001124        0xe /usr/local/sbin/gcc-arm-none-eabi-5_2-2015q4/bin/../lib/gcc/arm-none-eabi/5.2.1/../../../../arm-none-eabi/lib/armv6-m/libc_nano.a(lib_a-strlen.o)
                0x08001124                strlen
 *(.text*)
 *fill*         0x08001132        0x2 
 .text.NVIC_SetPriority
                0x08001134       0xec ./src/main.o
 .text.SysTick_Config
                0x08001220       0x48 ./src/main.o
 .text.main     0x08001268      0x790 ./src/main.o
                0x08001268                main
 .text.TimingDelay_Decrement
                0x080019f8       0xec ./src/main.o
                0x080019f8                TimingDelay_Decrement
 .text.SystemInit
                0x08001ae4       0x88 ./cmsis_boot/system_stm32f0xx.o
                0x08001ae4                SystemInit
 .text.SetSysClockInternalRC
                0x08001b6c       0xac ./cmsis_boot/system_stm32f0xx.o
                0x08001b6c                SetSysClockInternalRC
 .text._sbrk    0x08001c18       0x34 ./cmsis_boot/syscalls/syscalls.o
                0x08001c18                _sbrk
 .text.NMI_Handler
                0x08001c4c        0x4 ./src/stm32f0xx_it.o
                0x08001c4c                NMI_Handler
 .text.HardFault_Handler
                0x08001c50        0x4 ./src/stm32f0xx_it.o
                0x08001c50                HardFault_Handler
 .text.SVC_Handler
                0x08001c54        0x4 ./src/stm32f0xx_it.o
                0x08001c54                SVC_Handler
 .text.PendSV_Handler
                0x08001c58        0x4 ./src/stm32f0xx_it.o
                0x08001c58                PendSV_Handler
 .text.SysTick_Handler
                0x08001c5c        0xc ./src/stm32f0xx_it.o
                0x08001c5c                SysTick_Handler
 .text.GPIO_Config
                0x08001c68      0x118 ./src/gpio.o
                0x08001c68                GPIO_Config
 .text.EXTIOff  0x08001d80       0x18 ./src/gpio.o
                0x08001d80                EXTIOff
 .text.Update_TIM3_CH1
                0x08001d98       0x20 ./src/tim.o
                0x08001d98                Update_TIM3_CH1
 .text.Wait_ms  0x08001db8       0x2c ./src/tim.o
                0x08001db8                Wait_ms
 .text.TIM3_IRQHandler
                0x08001de4       0x1c ./src/tim.o
                0x08001de4                TIM3_IRQHandler
 .text.TIM_3_Init
                0x08001e00       0xa0 ./src/tim.o
                0x08001e00                TIM_3_Init
 .text.TIM14_IRQHandler
                0x08001ea0       0x1c ./src/tim.o
                0x08001ea0                TIM14_IRQHandler
 .text.TIM16_IRQHandler
                0x08001ebc       0x1c ./src/tim.o
                0x08001ebc                TIM16_IRQHandler
 .text.TIM_16_Init
                0x08001ed8       0x48 ./src/tim.o
                0x08001ed8                TIM_16_Init
 .text.TIM16Enable
                0x08001f20       0x18 ./src/tim.o
                0x08001f20                TIM16Enable
 .text.TIM17_IRQHandler
                0x08001f38       0x1c ./src/tim.o
                0x08001f38                TIM17_IRQHandler
 .text.NVIC_EnableIRQ
                0x08001f54       0x2c ./src/adc.o
 .text.NVIC_SetPriority
                0x08001f80       0xec ./src/adc.o
 .text.AdcConfig
                0x0800206c       0xc0 ./src/adc.o
                0x0800206c                AdcConfig
 .text.ADC1_COMP_IRQHandler
                0x0800212c       0x78 ./src/adc.o
                0x0800212c                ADC1_COMP_IRQHandler
 .text.ADCGetCalibrationFactor
                0x080021a4       0x5c ./src/adc.o
                0x080021a4                ADCGetCalibrationFactor
 .text.UpdatePhotoTransistor
                0x08002200       0x60 ./src/adc.o
                0x08002200                UpdatePhotoTransistor
 .text.GetPhoto
                0x08002260       0x6c ./src/adc.o
                0x08002260                GetPhoto
 .text.NVIC_EnableIRQ
                0x080022cc       0x2c ./src/uart.o
 .text.NVIC_SetPriority
                0x080022f8       0xec ./src/uart.o
 .text.Usart1Mode
                0x080023e4      0x10c ./src/uart.o
                0x080023e4                Usart1Mode
 .text.ReadUsart1Buffer
                0x080024f0       0x78 ./src/uart.o
                0x080024f0                ReadUsart1Buffer
 .text.USART1_IRQHandler
                0x08002568      0x118 ./src/uart.o
                0x08002568                USART1_IRQHandler
 .text.USART2_IRQHandler
                0x08002680       0xc4 ./src/uart.o
                0x08002680                USART2_IRQHandler
 .text.Usart2Send
                0x08002744       0x2c ./src/uart.o
                0x08002744                Usart2Send
 .text.Usart2SendUnsigned
                0x08002770       0x60 ./src/uart.o
                0x08002770                Usart2SendUnsigned
 .text.Usart1Send
                0x080027d0       0x2c ./src/uart.o
                0x080027d0                Usart1Send
 .text.Usart1SendUnsigned
                0x080027fc       0x60 ./src/uart.o
                0x080027fc                Usart1SendUnsigned
 .text.USART2Config
                0x0800285c       0x98 ./src/uart.o
                0x0800285c                USART2Config
 .text.USART1Config
                0x080028f4       0x6c ./src/uart.o
                0x080028f4                USART1Config
 .text.MAFilter8
                0x08002960       0x98 ./src/dsp.o
                0x08002960                MAFilter8
 .text.RelayOn  0x080029f8       0x24 ./src/hard.o
                0x080029f8                RelayOn
 .text.RelayOff
                0x08002a1c       0x24 ./src/hard.o
                0x08002a1c                RelayOff
 .text.RelayIsOn
                0x08002a40       0x28 ./src/hard.o
                0x08002a40                RelayIsOn
 .text.RelayIsOff
                0x08002a68       0x28 ./src/hard.o
                0x08002a68                RelayIsOff
 .text.UpdateRelay
                0x08002a90      0x170 ./src/hard.o
                0x08002a90                UpdateRelay
 .text.GetHysteresis
                0x08002c00       0x50 ./src/hard.o
                0x08002c00                GetHysteresis
 .text.GetNew1to10
                0x08002c50       0x68 ./src/hard.o
                0x08002c50                GetNew1to10
 .text.UpdateVGrid
                0x08002cb8       0x70 ./src/hard.o
                0x08002cb8                UpdateVGrid
 .text.UpdateIGrid
                0x08002d28       0x90 ./src/hard.o
                0x08002d28                UpdateIGrid
 .text.GetVGrid
                0x08002db8       0x28 ./src/hard.o
                0x08002db8                GetVGrid
 .text.GetIGrid
                0x08002de0       0x28 ./src/hard.o
                0x08002de0                GetIGrid
 .text.PowerCalc
                0x08002e08       0x30 ./src/hard.o
                0x08002e08                PowerCalc
 .text.PowerCalcMean8
                0x08002e38      0x170 ./src/hard.o
                0x08002e38                PowerCalcMean8
 .text.ShowPower
                0x08002fa8      0x12c ./src/hard.o
                0x08002fa8                ShowPower
 .text.ESPPreParser2
                0x080030d4       0x5c ./src/ESP8266.o
                0x080030d4                ESPPreParser2
 .text.GSMProcess
                0x08003130       0x5c ./src/sim900_800.o
                0x08003130                GSMProcess
 .text.GSM_Start
                0x0800318c       0xfc ./src/sim900_800.o
                0x0800318c                GSM_Start
 .text.GSM_Start_Stop_ResetSM
                0x08003288       0x10 ./src/sim900_800.o
                0x08003288                GSM_Start_Stop_ResetSM
 .text.GSM_Stop
                0x08003298       0xbc ./src/sim900_800.o
                0x08003298                GSM_Stop
 .text.GSM_Delay
                0x08003354       0x70 ./src/sim900_800.o
                0x08003354                GSM_Delay
 .text.GSMReceive
                0x080033c4      0x290 ./src/sim900_800.o
                0x080033c4                GSMReceive
 .text.GSMSendCommand
                0x08003654      0x10c ./src/sim900_800.o
                0x08003654                GSMSendCommand
 .text.GSMSendSMS
                0x08003760      0x18c ./src/sim900_800.o
                0x08003760                GSMSendSMS
 .text.GSMTimeoutCounters
                0x080038ec       0xf8 ./src/sim900_800.o
                0x080038ec                GSMTimeoutCounters
 .text.GSMReceivSMS
                0x080039e4      0x274 ./src/sim900_800.o
                0x080039e4                GSMReceivSMS
 .text.FuncsGSM
                0x08003c58      0x30c ./src/funcs_gsm.o
                0x08003c58                FuncsGSM
 .text.FuncsGSMReset
                0x08003f64       0x14 ./src/funcs_gsm.o
                0x08003f64                FuncsGSMReset
 .text.FuncsGSMSendSMS
                0x08003f78       0x38 ./src/funcs_gsm.o
                0x08003f78                FuncsGSMSendSMS
 .text.FuncsGSMStateAsk
                0x08003fb0        0xc ./src/funcs_gsm.o
                0x08003fb0                FuncsGSMStateAsk
 .text.FuncsGSMMessageFlags
                0x08003fbc       0x48 ./src/funcs_gsm.o
                0x08003fbc                FuncsGSMMessageFlags
 .text.FuncsGSMCommandAnswer
                0x08004004       0x38 ./src/funcs_gsm.o
                0x08004004                FuncsGSMCommandAnswer
 .text.Reset_Handler
                0x0800403c       0x44 ./cmsis_boot/startup/startup_stm32f0xx.o
                0x0800403c                Reset_Handler
 .text.Default_Handler
                0x08004080        0x2 ./cmsis_boot/startup/startup_stm32f0xx.o
                0x08004080                TIM1_CC_IRQHandler
                0x08004080                PVD_IRQHandler
                0x08004080                I2C1_IRQHandler
                0x08004080                SPI1_IRQHandler
                0x08004080                TIM6_DAC_IRQHandler
                0x08004080                EXTI2_3_IRQHandler
                0x08004080                I2C2_IRQHandler
                0x08004080                RTC_IRQHandler
                0x08004080                EXTI4_15_IRQHandler
                0x08004080                RCC_IRQHandler
                0x08004080                DMA1_Channel1_IRQHandler
                0x08004080                Default_Handler
                0x08004080                CEC_IRQHandler
                0x08004080                DMA1_Channel4_5_IRQHandler
                0x08004080                TIM15_IRQHandler
                0x08004080                EXTI0_1_IRQHandler
                0x08004080                SPI2_IRQHandler
                0x08004080                TS_IRQHandler
                0x08004080                WWDG_IRQHandler
                0x08004080                TIM2_IRQHandler
                0x08004080                DMA1_Channel2_3_IRQHandler
                0x08004080                FLASH_IRQHandler
                0x08004080                TIM1_BRK_UP_TRG_COM_IRQHandler
 .text.memcpy   0x08004082       0x12 /usr/local/sbin/gcc-arm-none-eabi-5_2-2015q4/bin/../lib/gcc/arm-none-eabi/5.2.1/../../../../arm-none-eabi/lib/armv6-m/libc_nano.a(lib_a-memcpy-stub.o)
                0x08004082                memcpy
 .text.sprintf  0x08004094       0x44 /usr/local/sbin/gcc-arm-none-eabi-5_2-2015q4/bin/../lib/gcc/arm-none-eabi/5.2.1/../../../../arm-none-eabi/lib/armv6-m/libc_nano.a(lib_a-sprintf.o)
                0x08004094                sprintf
                0x08004094                siprintf
 .text.strcat   0x080040d8       0x1a /usr/local/sbin/gcc-arm-none-eabi-5_2-2015q4/bin/../lib/gcc/arm-none-eabi/5.2.1/../../../../arm-none-eabi/lib/armv6-m/libc_nano.a(lib_a-strcat.o)
                0x080040d8                strcat
 .text.strcpy   0x080040f2       0x10 /usr/local/sbin/gcc-arm-none-eabi-5_2-2015q4/bin/../lib/gcc/arm-none-eabi/5.2.1/../../../../arm-none-eabi/lib/armv6-m/libc_nano.a(lib_a-strcpy.o)
                0x080040f2                strcpy
 .text.strncmp  0x08004102       0x24 /usr/local/sbin/gcc-arm-none-eabi-5_2-2015q4/bin/../lib/gcc/arm-none-eabi/5.2.1/../../../../arm-none-eabi/lib/armv6-m/libc_nano.a(lib_a-strncmp.o)
                0x08004102                strncmp
 .text.strncpy  0x08004126       0x26 /usr/local/sbin/gcc-arm-none-eabi-5_2-2015q4/bin/../lib/gcc/arm-none-eabi/5.2.1/../../../../arm-none-eabi/lib/armv6-m/libc_nano.a(lib_a-strncpy.o)
                0x08004126                strncpy
 .text._free_r  0x0800414c       0x8c /usr/local/sbin/gcc-arm-none-eabi-5_2-2015q4/bin/../lib/gcc/arm-none-eabi/5.2.1/../../../../arm-none-eabi/lib/armv6-m/libc_nano.a(lib_a-nano-freer.o)
                0x0800414c                _free_r
 .text._malloc_r
                0x080041d8       0xac /usr/local/sbin/gcc-arm-none-eabi-5_2-2015q4/bin/../lib/gcc/arm-none-eabi/5.2.1/../../../../arm-none-eabi/lib/armv6-m/libc_nano.a(lib_a-nano-mallocr.o)
                0x080041d8                _malloc_r
 .text.__ssputs_r
                0x08004284       0xc4 /usr/local/sbin/gcc-arm-none-eabi-5_2-2015q4/bin/../lib/gcc/arm-none-eabi/5.2.1/../../../../arm-none-eabi/lib/armv6-m/libc_nano.a(lib_a-nano-svfprintf.o)
                0x08004284                __ssputs_r
 .text._svfprintf_r
                0x08004348      0x1fc /usr/local/sbin/gcc-arm-none-eabi-5_2-2015q4/bin/../lib/gcc/arm-none-eabi/5.2.1/../../../../arm-none-eabi/lib/armv6-m/libc_nano.a(lib_a-nano-svfprintf.o)
                0x08004348                _svfprintf_r
                0x08004348                _svfiprintf_r
 .text._printf_common
                0x08004544       0xdc /usr/local/sbin/gcc-arm-none-eabi-5_2-2015q4/bin/../lib/gcc/arm-none-eabi/5.2.1/../../../../arm-none-eabi/lib/armv6-m/libc_nano.a(lib_a-nano-vfprintf_i.o)
                0x08004544                _printf_common
 .text._printf_i
                0x08004620      0x244 /usr/local/sbin/gcc-arm-none-eabi-5_2-2015q4/bin/../lib/gcc/arm-none-eabi/5.2.1/../../../../arm-none-eabi/lib/armv6-m/libc_nano.a(lib_a-nano-vfprintf_i.o)
                0x08004620                _printf_i
 .text._sbrk_r  0x08004864       0x24 /usr/local/sbin/gcc-arm-none-eabi-5_2-2015q4/bin/../lib/gcc/arm-none-eabi/5.2.1/../../../../arm-none-eabi/lib/armv6-m/libc_nano.a(lib_a-sbrkr.o)
                0x08004864                _sbrk_r
 .text.memchr   0x08004888       0x16 /usr/local/sbin/gcc-arm-none-eabi-5_2-2015q4/bin/../lib/gcc/arm-none-eabi/5.2.1/../../../../arm-none-eabi/lib/armv6-m/libc_nano.a(lib_a-memchr-stub.o)
                0x08004888                memchr
 .text.memmove  0x0800489e       0x2a /usr/local/sbin/gcc-arm-none-eabi-5_2-2015q4/bin/../lib/gcc/arm-none-eabi/5.2.1/../../../../arm-none-eabi/lib/armv6-m/libc_nano.a(lib_a-memmove.o)
                0x0800489e                memmove
 .text._realloc_r
                0x080048c8       0x4c /usr/local/sbin/gcc-arm-none-eabi-5_2-2015q4/bin/../lib/gcc/arm-none-eabi/5.2.1/../../../../arm-none-eabi/lib/armv6-m/libc_nano.a(lib_a-nano-reallocr.o)
                0x080048c8                _realloc_r
 .text._malloc_usable_size_r
                0x08004914       0x16 /usr/local/sbin/gcc-arm-none-eabi-5_2-2015q4/bin/../lib/gcc/arm-none-eabi/5.2.1/../../../../arm-none-eabi/lib/armv6-m/libc_nano.a(lib_a-nano-msizer.o)
                0x08004914                _malloc_usable_size_r
 *(.glue_7)
 .glue_7        0x0800492a        0x0 linker stubs
 *(.glue_7t)
 .glue_7t       0x0800492a        0x0 linker stubs
 *(.eh_frame)
 *(.init)
 *(.fini)
                0x0800492c                . = ALIGN (0x4)
 *fill*         0x0800492a        0x2 
                0x0800492c                _etext = .

.vfp11_veneer   0x0800492c        0x0
 .vfp11_veneer  0x0800492c        0x0 linker stubs

.v4_bx          0x0800492c        0x0
 .v4_bx         0x0800492c        0x0 linker stubs

.iplt           0x0800492c        0x0
 .iplt          0x0800492c        0x0 ./src/main.o

.rodata         0x0800492c      0x5e8
                0x0800492c                . = ALIGN (0x4)
 *(.rodata)
 .rodata        0x0800492c      0x18f ./src/main.o
 *fill*         0x08004abb        0x1 
 .rodata        0x08004abc       0x1b ./src/hard.o
 *fill*         0x08004ad7        0x1 
 .rodata        0x08004ad8      0x272 ./src/sim900_800.o
 *fill*         0x08004d4a        0x2 
 .rodata        0x08004d4c       0x6c ./src/funcs_gsm.o
 .rodata        0x08004db8       0x40 /usr/local/sbin/gcc-arm-none-eabi-5_2-2015q4/bin/../lib/gcc/arm-none-eabi/5.2.1/armv6-m/libgcc.a(mulsf3.o)
 .rodata        0x08004df8       0x40 /usr/local/sbin/gcc-arm-none-eabi-5_2-2015q4/bin/../lib/gcc/arm-none-eabi/5.2.1/armv6-m/libgcc.a(muldf3.o)
 *(.rodata*)
 .rodata.main   0x08004e38       0x40 ./src/main.o
 .rodata.UpdateRelay
                0x08004e78       0x18 ./src/hard.o
 .rodata.GSM_IPSTATE
                0x08004e90        0x7 ./src/sim900_800.o
                0x08004e90                GSM_IPSTATE
 *fill*         0x08004e97        0x1 
 .rodata.GSM_SENDOK
                0x08004e98        0x8 ./src/sim900_800.o
                0x08004e98                GSM_SENDOK
 .rodata.FuncsGSM
                0x08004ea0       0x3c ./src/funcs_gsm.o
 .rodata.str1.1
                0x08004edc        0x2 /usr/local/sbin/gcc-arm-none-eabi-5_2-2015q4/bin/../lib/gcc/arm-none-eabi/5.2.1/../../../../arm-none-eabi/lib/armv6-m/libc_nano.a(lib_a-impure.o)
 .rodata.str1.1
                0x08004ede       0x11 /usr/local/sbin/gcc-arm-none-eabi-5_2-2015q4/bin/../lib/gcc/arm-none-eabi/5.2.1/../../../../arm-none-eabi/lib/armv6-m/libc_nano.a(lib_a-nano-svfprintf.o)
 .rodata.str1.1
                0x08004eef       0x22 /usr/local/sbin/gcc-arm-none-eabi-5_2-2015q4/bin/../lib/gcc/arm-none-eabi/5.2.1/../../../../arm-none-eabi/lib/armv6-m/libc_nano.a(lib_a-nano-vfprintf_i.o)
                0x08004f14                . = ALIGN (0x4)
 *fill*         0x08004f11        0x3 

.rel.dyn        0x08004f14        0x0
 .rel.iplt      0x08004f14        0x0 ./src/main.o

.ARM.extab
 *(.ARM.extab* .gnu.linkonce.armextab.*)

.ARM            0x08004f14        0x0
                0x08004f14                __exidx_start = .
 *(.ARM.exidx*)
                0x08004f14                __exidx_end = .

.memParams      0x08007c00        0x0
                0x08007c00                . = ALIGN (0x4)
 *(memParams)
 *(memParams1)
                0x08007c00                . = ALIGN (0x4)

.preinit_array  0x08004f14        0x0
                [!provide]                PROVIDE (__preinit_array_start, .)
 *(.preinit_array*)
                [!provide]                PROVIDE (__preinit_array_end, .)

.init_array     0x08004f14        0x0
                [!provide]                PROVIDE (__init_array_start, .)
 *(SORT(.init_array.*))
 *(.init_array*)
                [!provide]                PROVIDE (__init_array_end, .)

.fini_array     0x08004f14        0x0
                [!provide]                PROVIDE (__fini_array_start, .)
 *(SORT(.fini_array.*))
 *(.fini_array*)
                [!provide]                PROVIDE (__fini_array_end, .)
                0x08004f14                _sidata = LOADADDR (.data)

.data           0x20000000       0x68 load address 0x08004f14
                0x20000000                . = ALIGN (0x4)
                0x20000000                _sdata = .
 *(.data)
 *(.data*)
 .data.usart_mode
                0x20000000        0x1 ./src/uart.o
                0x20000000                usart_mode
 .data.prestadorSimTime
                0x20000001        0x1 ./src/sim900_800.o
                0x20000001                prestadorSimTime
 *fill*         0x20000002        0x2 
 .data.impure_data
                0x20000004       0x60 /usr/local/sbin/gcc-arm-none-eabi-5_2-2015q4/bin/../lib/gcc/arm-none-eabi/5.2.1/../../../../arm-none-eabi/lib/armv6-m/libc_nano.a(lib_a-impure.o)
 .data._impure_ptr
                0x20000064        0x4 /usr/local/sbin/gcc-arm-none-eabi-5_2-2015q4/bin/../lib/gcc/arm-none-eabi/5.2.1/../../../../arm-none-eabi/lib/armv6-m/libc_nano.a(lib_a-impure.o)
                0x20000064                _impure_ptr
                0x20000068                . = ALIGN (0x4)
                0x20000068                _edata = .

.igot.plt       0x20000068        0x0 load address 0x08004f7c
 .igot.plt      0x20000068        0x0 ./src/main.o
                0x20000068                . = ALIGN (0x4)

.bss            0x20000068      0x958 load address 0x08004f7c
                0x20000068                _sbss = .
                0x20000068                __bss_start__ = _sbss
 *(.bss)
 *(.bss*)
 .bss.take_temp_sample
                0x20000068        0x2 ./src/main.o
                0x20000068                take_temp_sample
 .bss.timer_rep
                0x2000006a        0x2 ./src/main.o
                0x2000006a                timer_rep
 .bss.timer_relay
                0x2000006c        0x2 ./src/main.o
                0x2000006c                timer_relay
 .bss.send_energy
                0x2000006e        0x1 ./src/main.o
                0x2000006e                send_energy
 .bss.seq_ready
                0x2000006f        0x1 ./src/main.o
                0x2000006f                seq_ready
 .bss.show_power_index
                0x20000070        0x2 ./src/main.o
                0x20000070                show_power_index
 .bss.wait_ms_var
                0x20000072        0x2 ./src/main.o
                0x20000072                wait_ms_var
 .bss.hours     0x20000074        0x1 ./src/main.o
                0x20000074                hours
 *fill*         0x20000075        0x3 
 .bss.heap.5298
                0x20000078        0x4 ./cmsis_boot/syscalls/syscalls.o
 .bss.photo_index
                0x2000007c        0x1 ./src/adc.o
                0x2000007c                photo_index
 *fill*         0x2000007d        0x1 
 .bss.last_photo
                0x2000007e        0x2 ./src/adc.o
                0x2000007e                last_photo
 .bss.new_photo_sample
                0x20000080        0x1 ./src/adc.o
                0x20000080                new_photo_sample
 .bss.relay_state
                0x20000081        0x1 ./src/hard.o
                0x20000081                relay_state
 .bss.GSMStartState
                0x20000082        0x1 ./src/sim900_800.o
                0x20000082                GSMStartState
 .bss.GSMSendCommandState
                0x20000083        0x1 ./src/sim900_800.o
                0x20000083                GSMSendCommandState
 .bss.GSMSendCommandFlag
                0x20000084        0x1 ./src/sim900_800.o
                0x20000084                GSMSendCommandFlag
 .bss.GSMSendSMSState
                0x20000085        0x1 ./src/sim900_800.o
                0x20000085                GSMSendSMSState
 .bss.GSMSendSMSFlag
                0x20000086        0x1 ./src/sim900_800.o
                0x20000086                GSMSendSMSFlag
 .bss.GSMConfigGPRSflag
                0x20000087        0x1 ./src/sim900_800.o
                0x20000087                GSMConfigGPRSflag
 .bss.GSMCantSMS
                0x20000088        0x1 ./src/sim900_800.o
                0x20000088                GSMCantSMS
 .bss.GSMReadSMSState
                0x20000089        0x1 ./src/sim900_800.o
                0x20000089                GSMReadSMSState
 .bss.flagCloseIP
                0x2000008a        0x1 ./src/sim900_800.o
                0x2000008a                flagCloseIP
 .bss.gsm_state
                0x2000008b        0x1 ./src/funcs_gsm.o
                0x2000008b                gsm_state
 .bss.gsm_sms_error_counter
                0x2000008c        0x1 ./src/funcs_gsm.o
                0x2000008c                gsm_sms_error_counter
 .bss.gsm_error_counter
                0x2000008d        0x1 ./src/funcs_gsm.o
                0x2000008d                gsm_error_counter
 .bss.GSMFlags  0x2000008e        0x2 ./src/funcs_gsm.o
                0x2000008e                GSMFlags
 .bss.__malloc_sbrk_start
                0x20000090        0x4 /usr/local/sbin/gcc-arm-none-eabi-5_2-2015q4/bin/../lib/gcc/arm-none-eabi/5.2.1/../../../../arm-none-eabi/lib/armv6-m/libc_nano.a(lib_a-nano-mallocr.o)
                0x20000090                __malloc_sbrk_start
 .bss.__malloc_free_list
                0x20000094        0x4 /usr/local/sbin/gcc-arm-none-eabi-5_2-2015q4/bin/../lib/gcc/arm-none-eabi/5.2.1/../../../../arm-none-eabi/lib/armv6-m/libc_nano.a(lib_a-nano-mallocr.o)
                0x20000094                __malloc_free_list
 *(COMMON)
 COMMON         0x20000098      0x59a ./src/main.o
                0x20000098                saved_mode
                0x2000009a                tcp_kalive_timer
                0x2000009c                vpote
                0x200000c0                param_struct
                0x20000114                usart2_mini_timeout
                0x20000115                usart2_pckt_ready
                0x20000116                timer_meas
                0x20000118                gsmNUM
                0x2000012c                tt_take_photo_sample
                0x2000012e                usart2_pckt_bytes
                0x20000130                power_vect
                0x20000144                usart1_pckt_bytes
                0x20000148                adc_ch
                0x20000150                rx2buff
                0x20000250                usart1_mini_timeout
                0x20000251                usart2_have_data
                0x20000252                usart1_have_data
                0x20000253                usart1_pckt_ready
                0x20000254                tx1buff
                0x20000354                tx2buff
                0x20000454                vtemp
                0x20000478                gsmMSG
                0x2000052c                zero_current
                0x2000052e                timer_standby
                0x20000530                rx1buff
                0x20000630                tt_relay_on_off
 *fill*         0x20000632        0x2 
 COMMON         0x20000634       0x44 ./src/adc.o
                0x20000634                p_channel
                0x20000638                VoltagePhoto
 COMMON         0x20000678       0x18 ./src/uart.o
                0x20000678                ptx2_pckt_index
                0x2000067c                ptx2
                0x20000680                ptx1
                0x20000684                prx2
                0x20000688                ptx1_pckt_index
                0x2000068c                prx1
 COMMON         0x20000690       0x16 ./src/hard.o
                0x20000690                last_edge
                0x20000692                max_igrid
                0x20000694                min_igrid
                0x20000696                min_igrid_last
                0x20000698                min_vgrid
                0x2000069a                min_vgrid_last
                0x2000069c                vgrid_update_samples
                0x2000069e                max_vgrid
                0x200006a0                igrid_update_samples
                0x200006a2                max_igrid_last
                0x200006a4                max_vgrid_last
 *fill*         0x200006a6        0x2 
 COMMON         0x200006a8      0x304 ./src/sim900_800.o
                0x200006a8                GSMSendIPTimeOut
                0x200006aa                GSMSendCommandTimeOut
                0x200006ac                GSMbuffRtaCommand
                0x200007ac                GSMIPadd
                0x200007bc                buffUARTGSMrx2
                0x200008bc                GSMStartTime
                0x200008be                PacketReadyUARTGSM
                0x200008c0                GSMGeneralTimeOut
                0x200008c2                GSMConfigGPRSTimeOut
                0x200008c4                GSMConfigTime
                0x200008c8                GSMSendSMSbuffAux
                0x200008e8                GSMbuffGPRSCommand
                0x20000928                GSMSendIPbuffAux
                0x20000948                GSMSendSMSTimeOut
                0x2000094a                GSMConfigTimeOut
                0x2000094c                GSMbuffStatus
                0x2000096c                GSMReadSMSrepIn
                0x2000098c                GSMReadSMScommand
 COMMON         0x200009ac       0x10 ./src/funcs_gsm.o
                0x200009ac                p_MSG
                0x200009b0                p_NUM
                0x200009b4                p_CMD
                0x200009b8                p_RESP
 COMMON         0x200009bc        0x4 /usr/local/sbin/gcc-arm-none-eabi-5_2-2015q4/bin/../lib/gcc/arm-none-eabi/5.2.1/../../../../arm-none-eabi/lib/armv6-m/libc_nano.a(lib_a-reent.o)
                0x200009bc                errno
                0x200009c0                . = ALIGN (0x4)
                0x200009c0                _ebss = .
                0x200009c0                __bss_end__ = _ebss

._user_heap_stack
                0x200009c0      0x400 load address 0x08004f7c
                0x200009c0                . = ALIGN (0x4)
                [!provide]                PROVIDE (end, .)
                0x200009c0                PROVIDE (_end, .)
                0x200009c0                . = (. + _Min_Heap_Size)
                0x20000dc0                . = (. + _Min_Stack_Size)
 *fill*         0x200009c0      0x400 
                0x20000dc0                . = ALIGN (0x4)

/DISCARD/
 libc.a(*)
 libm.a(*)
 libgcc.a(*)

.ARM.attributes
                0x00000000       0x2f
 *(.ARM.attributes)
 .ARM.attributes
                0x00000000       0x31 ./src/main.o
 .ARM.attributes
                0x00000031       0x31 ./cmsis_boot/system_stm32f0xx.o
 .ARM.attributes
                0x00000062       0x31 ./cmsis_boot/syscalls/syscalls.o
 .ARM.attributes
                0x00000093       0x31 ./src/stm32f0xx_it.o
 .ARM.attributes
                0x000000c4       0x31 ./src/gpio.o
 .ARM.attributes
                0x000000f5       0x31 ./src/tim.o
 .ARM.attributes
                0x00000126       0x31 ./src/adc.o
 .ARM.attributes
                0x00000157       0x31 ./src/uart.o
 .ARM.attributes
                0x00000188       0x31 ./src/dsp.o
 .ARM.attributes
                0x000001b9       0x31 ./src/hard.o
 .ARM.attributes
                0x000001ea       0x31 ./src/ESP8266.o
 .ARM.attributes
                0x0000021b       0x31 ./src/sim900_800.o
 .ARM.attributes
                0x0000024c       0x31 ./src/funcs_gsm.o
 .ARM.attributes
                0x0000027d       0x21 ./cmsis_boot/startup/startup_stm32f0xx.o
 .ARM.attributes
                0x0000029e       0x1e /usr/local/sbin/gcc-arm-none-eabi-5_2-2015q4/bin/../lib/gcc/arm-none-eabi/5.2.1/armv6-m/libgcc.a(_udivsi3.o)
 .ARM.attributes
                0x000002bc       0x1e /usr/local/sbin/gcc-arm-none-eabi-5_2-2015q4/bin/../lib/gcc/arm-none-eabi/5.2.1/armv6-m/libgcc.a(_dvmd_tls.o)
 .ARM.attributes
                0x000002da       0x2c /usr/local/sbin/gcc-arm-none-eabi-5_2-2015q4/bin/../lib/gcc/arm-none-eabi/5.2.1/armv6-m/libgcc.a(_fixunssfsi.o)
 .ARM.attributes
                0x00000306       0x2c /usr/local/sbin/gcc-arm-none-eabi-5_2-2015q4/bin/../lib/gcc/arm-none-eabi/5.2.1/armv6-m/libgcc.a(mulsf3.o)
 .ARM.attributes
                0x00000332       0x2c /usr/local/sbin/gcc-arm-none-eabi-5_2-2015q4/bin/../lib/gcc/arm-none-eabi/5.2.1/armv6-m/libgcc.a(subsf3.o)
 .ARM.attributes
                0x0000035e       0x2c /usr/local/sbin/gcc-arm-none-eabi-5_2-2015q4/bin/../lib/gcc/arm-none-eabi/5.2.1/armv6-m/libgcc.a(fixsfsi.o)
 .ARM.attributes
                0x0000038a       0x2c /usr/local/sbin/gcc-arm-none-eabi-5_2-2015q4/bin/../lib/gcc/arm-none-eabi/5.2.1/armv6-m/libgcc.a(floatsisf.o)
 .ARM.attributes
                0x000003b6       0x2c /usr/local/sbin/gcc-arm-none-eabi-5_2-2015q4/bin/../lib/gcc/arm-none-eabi/5.2.1/armv6-m/libgcc.a(muldf3.o)
 .ARM.attributes
                0x000003e2       0x2c /usr/local/sbin/gcc-arm-none-eabi-5_2-2015q4/bin/../lib/gcc/arm-none-eabi/5.2.1/armv6-m/libgcc.a(floatsidf.o)
 .ARM.attributes
                0x0000040e       0x2c /usr/local/sbin/gcc-arm-none-eabi-5_2-2015q4/bin/../lib/gcc/arm-none-eabi/5.2.1/armv6-m/libgcc.a(floatunsidf.o)
 .ARM.attributes
                0x0000043a       0x2c /usr/local/sbin/gcc-arm-none-eabi-5_2-2015q4/bin/../lib/gcc/arm-none-eabi/5.2.1/armv6-m/libgcc.a(truncdfsf2.o)
 .ARM.attributes
                0x00000466       0x1e /usr/local/sbin/gcc-arm-none-eabi-5_2-2015q4/bin/../lib/gcc/arm-none-eabi/5.2.1/armv6-m/libgcc.a(_arm_cmpsf2.o)
 .ARM.attributes
                0x00000484       0x1e /usr/local/sbin/gcc-arm-none-eabi-5_2-2015q4/bin/../lib/gcc/arm-none-eabi/5.2.1/armv6-m/libgcc.a(_clzsi2.o)
 .ARM.attributes
                0x000004a2       0x2c /usr/local/sbin/gcc-arm-none-eabi-5_2-2015q4/bin/../lib/gcc/arm-none-eabi/5.2.1/armv6-m/libgcc.a(eqsf2.o)
 .ARM.attributes
                0x000004ce       0x2c /usr/local/sbin/gcc-arm-none-eabi-5_2-2015q4/bin/../lib/gcc/arm-none-eabi/5.2.1/armv6-m/libgcc.a(gesf2.o)
 .ARM.attributes
                0x000004fa       0x2c /usr/local/sbin/gcc-arm-none-eabi-5_2-2015q4/bin/../lib/gcc/arm-none-eabi/5.2.1/armv6-m/libgcc.a(lesf2.o)
 .ARM.attributes
                0x00000526       0x2c /usr/local/sbin/gcc-arm-none-eabi-5_2-2015q4/bin/../lib/gcc/arm-none-eabi/5.2.1/../../../../arm-none-eabi/lib/armv6-m/libc_nano.a(lib_a-memcpy-stub.o)
 .ARM.attributes
                0x00000552       0x2c /usr/local/sbin/gcc-arm-none-eabi-5_2-2015q4/bin/../lib/gcc/arm-none-eabi/5.2.1/../../../../arm-none-eabi/lib/armv6-m/libc_nano.a(lib_a-sprintf.o)
 .ARM.attributes
                0x0000057e       0x2c /usr/local/sbin/gcc-arm-none-eabi-5_2-2015q4/bin/../lib/gcc/arm-none-eabi/5.2.1/../../../../arm-none-eabi/lib/armv6-m/libc_nano.a(lib_a-strcat.o)
 .ARM.attributes
                0x000005aa       0x2c /usr/local/sbin/gcc-arm-none-eabi-5_2-2015q4/bin/../lib/gcc/arm-none-eabi/5.2.1/../../../../arm-none-eabi/lib/armv6-m/libc_nano.a(lib_a-strcpy.o)
 .ARM.attributes
                0x000005d6       0x1c /usr/local/sbin/gcc-arm-none-eabi-5_2-2015q4/bin/../lib/gcc/arm-none-eabi/5.2.1/../../../../arm-none-eabi/lib/armv6-m/libc_nano.a(lib_a-strlen.o)
 .ARM.attributes
                0x000005f2       0x2c /usr/local/sbin/gcc-arm-none-eabi-5_2-2015q4/bin/../lib/gcc/arm-none-eabi/5.2.1/../../../../arm-none-eabi/lib/armv6-m/libc_nano.a(lib_a-strncmp.o)
 .ARM.attributes
                0x0000061e       0x2c /usr/local/sbin/gcc-arm-none-eabi-5_2-2015q4/bin/../lib/gcc/arm-none-eabi/5.2.1/../../../../arm-none-eabi/lib/armv6-m/libc_nano.a(lib_a-strncpy.o)
 .ARM.attributes
                0x0000064a       0x2c /usr/local/sbin/gcc-arm-none-eabi-5_2-2015q4/bin/../lib/gcc/arm-none-eabi/5.2.1/../../../../arm-none-eabi/lib/armv6-m/libc_nano.a(lib_a-impure.o)
 .ARM.attributes
                0x00000676       0x2c /usr/local/sbin/gcc-arm-none-eabi-5_2-2015q4/bin/../lib/gcc/arm-none-eabi/5.2.1/../../../../arm-none-eabi/lib/armv6-m/libc_nano.a(lib_a-nano-freer.o)
 .ARM.attributes
                0x000006a2       0x2c /usr/local/sbin/gcc-arm-none-eabi-5_2-2015q4/bin/../lib/gcc/arm-none-eabi/5.2.1/../../../../arm-none-eabi/lib/armv6-m/libc_nano.a(lib_a-nano-mallocr.o)
 .ARM.attributes
                0x000006ce       0x2c /usr/local/sbin/gcc-arm-none-eabi-5_2-2015q4/bin/../lib/gcc/arm-none-eabi/5.2.1/../../../../arm-none-eabi/lib/armv6-m/libc_nano.a(lib_a-nano-svfprintf.o)
 .ARM.attributes
                0x000006fa       0x2c /usr/local/sbin/gcc-arm-none-eabi-5_2-2015q4/bin/../lib/gcc/arm-none-eabi/5.2.1/../../../../arm-none-eabi/lib/armv6-m/libc_nano.a(lib_a-nano-vfprintf_i.o)
 .ARM.attributes
                0x00000726       0x2c /usr/local/sbin/gcc-arm-none-eabi-5_2-2015q4/bin/../lib/gcc/arm-none-eabi/5.2.1/../../../../arm-none-eabi/lib/armv6-m/libc_nano.a(lib_a-sbrkr.o)
 .ARM.attributes
                0x00000752       0x2c /usr/local/sbin/gcc-arm-none-eabi-5_2-2015q4/bin/../lib/gcc/arm-none-eabi/5.2.1/../../../../arm-none-eabi/lib/armv6-m/libc_nano.a(lib_a-memchr-stub.o)
 .ARM.attributes
                0x0000077e       0x2c /usr/local/sbin/gcc-arm-none-eabi-5_2-2015q4/bin/../lib/gcc/arm-none-eabi/5.2.1/../../../../arm-none-eabi/lib/armv6-m/libc_nano.a(lib_a-memmove.o)
 .ARM.attributes
                0x000007aa       0x2c /usr/local/sbin/gcc-arm-none-eabi-5_2-2015q4/bin/../lib/gcc/arm-none-eabi/5.2.1/../../../../arm-none-eabi/lib/armv6-m/libc_nano.a(lib_a-nano-reallocr.o)
 .ARM.attributes
                0x000007d6       0x2c /usr/local/sbin/gcc-arm-none-eabi-5_2-2015q4/bin/../lib/gcc/arm-none-eabi/5.2.1/../../../../arm-none-eabi/lib/armv6-m/libc_nano.a(lib_a-reent.o)
 .ARM.attributes
                0x00000802       0x2c /usr/local/sbin/gcc-arm-none-eabi-5_2-2015q4/bin/../lib/gcc/arm-none-eabi/5.2.1/../../../../arm-none-eabi/lib/armv6-m/libc_nano.a(lib_a-nano-msizer.o)
OUTPUT(Template_F050_rom.elf elf32-littlearm)

.debug_info     0x00000000     0x5757
 .debug_info    0x00000000      0xd30 ./src/main.o
 .debug_info    0x00000d30      0x34f ./cmsis_boot/system_stm32f0xx.o
 .debug_info    0x0000107f      0x44a ./cmsis_boot/syscalls/syscalls.o
 .debug_info    0x000014c9       0xe1 ./src/stm32f0xx_it.o
 .debug_info    0x000015aa      0x353 ./src/gpio.o
 .debug_info    0x000018fd      0x9e8 ./src/tim.o
 .debug_info    0x000022e5      0x7d4 ./src/adc.o
 .debug_info    0x00002ab9      0xa7c ./src/uart.o
 .debug_info    0x00003535      0x220 ./src/dsp.o
 .debug_info    0x00003755      0x808 ./src/hard.o
 .debug_info    0x00003f5d      0x73c ./src/ESP8266.o
 .debug_info    0x00004699      0xd18 ./src/sim900_800.o
 .debug_info    0x000053b1      0x325 ./src/funcs_gsm.o
 .debug_info    0x000056d6       0x81 ./cmsis_boot/startup/startup_stm32f0xx.o

.debug_abbrev   0x00000000     0x132c
 .debug_abbrev  0x00000000      0x21f ./src/main.o
 .debug_abbrev  0x0000021f      0x152 ./cmsis_boot/system_stm32f0xx.o
 .debug_abbrev  0x00000371       0xe7 ./cmsis_boot/syscalls/syscalls.o
 .debug_abbrev  0x00000458       0x5c ./src/stm32f0xx_it.o
 .debug_abbrev  0x000004b4       0xcb ./src/gpio.o
 .debug_abbrev  0x0000057f      0x1ac ./src/tim.o
 .debug_abbrev  0x0000072b      0x24b ./src/adc.o
 .debug_abbrev  0x00000976      0x223 ./src/uart.o
 .debug_abbrev  0x00000b99       0x8b ./src/dsp.o
 .debug_abbrev  0x00000c24      0x232 ./src/hard.o
 .debug_abbrev  0x00000e56      0x1d0 ./src/ESP8266.o
 .debug_abbrev  0x00001026      0x1ca ./src/sim900_800.o
 .debug_abbrev  0x000011f0      0x12a ./src/funcs_gsm.o
 .debug_abbrev  0x0000131a       0x12 ./cmsis_boot/startup/startup_stm32f0xx.o

.debug_loc      0x00000000      0xe7b
 .debug_loc     0x00000000       0xd2 ./src/main.o
 .debug_loc     0x000000d2       0x6c ./cmsis_boot/system_stm32f0xx.o
 .debug_loc     0x0000013e      0x100 ./cmsis_boot/syscalls/syscalls.o
 .debug_loc     0x0000023e       0x20 ./src/stm32f0xx_it.o
 .debug_loc     0x0000025e       0x20 ./src/gpio.o
 .debug_loc     0x0000027e      0x14c ./src/tim.o
 .debug_loc     0x000003ca      0x12c ./src/adc.o
 .debug_loc     0x000004f6      0x258 ./src/uart.o
 .debug_loc     0x0000074e       0xac ./src/dsp.o
 .debug_loc     0x000007fa      0x118 ./src/hard.o
 .debug_loc     0x00000912      0x265 ./src/ESP8266.o
 .debug_loc     0x00000b77      0x238 ./src/sim900_800.o
 .debug_loc     0x00000daf       0xcc ./src/funcs_gsm.o

.debug_aranges  0x00000000      0x5a8
 .debug_aranges
                0x00000000       0x40 ./src/main.o
 .debug_aranges
                0x00000040       0x38 ./cmsis_boot/system_stm32f0xx.o
 .debug_aranges
                0x00000078       0x60 ./cmsis_boot/syscalls/syscalls.o
 .debug_aranges
                0x000000d8       0x40 ./src/stm32f0xx_it.o
 .debug_aranges
                0x00000118       0x30 ./src/gpio.o
 .debug_aranges
                0x00000148       0xb0 ./src/tim.o
 .debug_aranges
                0x000001f8       0x70 ./src/adc.o
 .debug_aranges
                0x00000268       0x90 ./src/uart.o
 .debug_aranges
                0x000002f8       0x40 ./src/dsp.o
 .debug_aranges
                0x00000338       0x88 ./src/hard.o
 .debug_aranges
                0x000003c0       0xc0 ./src/ESP8266.o
 .debug_aranges
                0x00000480       0xa0 ./src/sim900_800.o
 .debug_aranges
                0x00000520       0x60 ./src/funcs_gsm.o
 .debug_aranges
                0x00000580       0x28 ./cmsis_boot/startup/startup_stm32f0xx.o

.debug_ranges   0x00000000      0x4d0
 .debug_ranges  0x00000000       0x30 ./src/main.o
 .debug_ranges  0x00000030       0x28 ./cmsis_boot/system_stm32f0xx.o
 .debug_ranges  0x00000058       0x50 ./cmsis_boot/syscalls/syscalls.o
 .debug_ranges  0x000000a8       0x30 ./src/stm32f0xx_it.o
 .debug_ranges  0x000000d8       0x20 ./src/gpio.o
 .debug_ranges  0x000000f8       0xa0 ./src/tim.o
 .debug_ranges  0x00000198       0x60 ./src/adc.o
 .debug_ranges  0x000001f8       0x80 ./src/uart.o
 .debug_ranges  0x00000278       0x30 ./src/dsp.o
 .debug_ranges  0x000002a8       0x78 ./src/hard.o
 .debug_ranges  0x00000320       0xb0 ./src/ESP8266.o
 .debug_ranges  0x000003d0       0x90 ./src/sim900_800.o
 .debug_ranges  0x00000460       0x50 ./src/funcs_gsm.o
 .debug_ranges  0x000004b0       0x20 ./cmsis_boot/startup/startup_stm32f0xx.o

.debug_line     0x00000000     0x2037
 .debug_line    0x00000000      0x2e8 ./src/main.o
 .debug_line    0x000002e8      0x1df ./cmsis_boot/system_stm32f0xx.o
 .debug_line    0x000004c7      0x158 ./cmsis_boot/syscalls/syscalls.o
 .debug_line    0x0000061f       0x8c ./src/stm32f0xx_it.o
 .debug_line    0x000006ab      0x150 ./src/gpio.o
 .debug_line    0x000007fb      0x2c9 ./src/tim.o
 .debug_line    0x00000ac4      0x285 ./src/adc.o
 .debug_line    0x00000d49      0x2dc ./src/uart.o
 .debug_line    0x00001025       0xc5 ./src/dsp.o
 .debug_line    0x000010ea      0x2d5 ./src/hard.o
 .debug_line    0x000013bf      0x40a ./src/ESP8266.o
 .debug_line    0x000017c9      0x684 ./src/sim900_800.o
 .debug_line    0x00001e4d      0x165 ./src/funcs_gsm.o
 .debug_line    0x00001fb2       0x85 ./cmsis_boot/startup/startup_stm32f0xx.o

.debug_str      0x00000000     0x1fe3
 .debug_str     0x00000000      0x9ea ./src/main.o
                                0xa75 (size before relaxing)
 .debug_str     0x000009ea      0x12f ./cmsis_boot/system_stm32f0xx.o
                                0x2e1 (size before relaxing)
 .debug_str     0x00000b19      0x13b ./cmsis_boot/syscalls/syscalls.o
                                0x2eb (size before relaxing)
 .debug_str     0x00000c54       0x5c ./src/stm32f0xx_it.o
                                0x1c9 (size before relaxing)
 .debug_str     0x00000cb0       0x43 ./src/gpio.o
                                0x28a (size before relaxing)
 .debug_str     0x00000cf3      0x1bf ./src/tim.o
                                0x656 (size before relaxing)
 .debug_str     0x00000eb2      0x11a ./src/adc.o
                                0x5b8 (size before relaxing)
 .debug_str     0x00000fcc      0x16a ./src/uart.o
                                0x65d (size before relaxing)
 .debug_str     0x00001136       0x8e ./src/dsp.o
                                0x21f (size before relaxing)
 .debug_str     0x000011c4      0x204 ./src/hard.o
                                0x500 (size before relaxing)
 .debug_str     0x000013c8      0x4ca ./src/ESP8266.o
                                0x661 (size before relaxing)
 .debug_str     0x00001892      0x5f5 ./src/sim900_800.o
                                0x8ea (size before relaxing)
 .debug_str     0x00001e87      0x15c ./src/funcs_gsm.o
                                0x431 (size before relaxing)

.comment        0x00000000       0x6e
 .comment       0x00000000       0x6e ./src/main.o
                                 0x6f (size before relaxing)
 .comment       0x0000006e       0x6f ./cmsis_boot/system_stm32f0xx.o
 .comment       0x0000006e       0x6f ./cmsis_boot/syscalls/syscalls.o
 .comment       0x0000006e       0x6f ./src/stm32f0xx_it.o
 .comment       0x0000006e       0x6f ./src/gpio.o
 .comment       0x0000006e       0x6f ./src/tim.o
 .comment       0x0000006e       0x6f ./src/adc.o
 .comment       0x0000006e       0x6f ./src/uart.o
 .comment       0x0000006e       0x6f ./src/dsp.o
 .comment       0x0000006e       0x6f ./src/hard.o
 .comment       0x0000006e       0x6f ./src/ESP8266.o
 .comment       0x0000006e       0x6f ./src/sim900_800.o
 .comment       0x0000006e       0x6f ./src/funcs_gsm.o

.debug_frame    0x00000000     0x1244
 .debug_frame   0x00000000       0xa4 ./src/main.o
 .debug_frame   0x000000a4       0x6c ./cmsis_boot/system_stm32f0xx.o
 .debug_frame   0x00000110       0xc0 ./cmsis_boot/syscalls/syscalls.o
 .debug_frame   0x000001d0       0x6c ./src/stm32f0xx_it.o
 .debug_frame   0x0000023c       0x44 ./src/gpio.o
 .debug_frame   0x00000280      0x17c ./src/tim.o
 .debug_frame   0x000003fc       0xf8 ./src/adc.o
 .debug_frame   0x000004f4      0x198 ./src/uart.o
 .debug_frame   0x0000068c       0x7c ./src/dsp.o
 .debug_frame   0x00000708      0x134 ./src/hard.o
 .debug_frame   0x0000083c      0x1f4 ./src/ESP8266.o
 .debug_frame   0x00000a30      0x1b8 ./src/sim900_800.o
 .debug_frame   0x00000be8       0xd0 ./src/funcs_gsm.o
 .debug_frame   0x00000cb8       0x20 /usr/local/sbin/gcc-arm-none-eabi-5_2-2015q4/bin/../lib/gcc/arm-none-eabi/5.2.1/armv6-m/libgcc.a(_udivsi3.o)
 .debug_frame   0x00000cd8       0x28 /usr/local/sbin/gcc-arm-none-eabi-5_2-2015q4/bin/../lib/gcc/arm-none-eabi/5.2.1/armv6-m/libgcc.a(_fixunssfsi.o)
 .debug_frame   0x00000d00       0x38 /usr/local/sbin/gcc-arm-none-eabi-5_2-2015q4/bin/../lib/gcc/arm-none-eabi/5.2.1/armv6-m/libgcc.a(mulsf3.o)
 .debug_frame   0x00000d38       0x30 /usr/local/sbin/gcc-arm-none-eabi-5_2-2015q4/bin/../lib/gcc/arm-none-eabi/5.2.1/armv6-m/libgcc.a(subsf3.o)
 .debug_frame   0x00000d68       0x20 /usr/local/sbin/gcc-arm-none-eabi-5_2-2015q4/bin/../lib/gcc/arm-none-eabi/5.2.1/armv6-m/libgcc.a(fixsfsi.o)
 .debug_frame   0x00000d88       0x2c /usr/local/sbin/gcc-arm-none-eabi-5_2-2015q4/bin/../lib/gcc/arm-none-eabi/5.2.1/armv6-m/libgcc.a(floatsisf.o)
 .debug_frame   0x00000db4       0x3c /usr/local/sbin/gcc-arm-none-eabi-5_2-2015q4/bin/../lib/gcc/arm-none-eabi/5.2.1/armv6-m/libgcc.a(muldf3.o)
 .debug_frame   0x00000df0       0x2c /usr/local/sbin/gcc-arm-none-eabi-5_2-2015q4/bin/../lib/gcc/arm-none-eabi/5.2.1/armv6-m/libgcc.a(floatsidf.o)
 .debug_frame   0x00000e1c       0x2c /usr/local/sbin/gcc-arm-none-eabi-5_2-2015q4/bin/../lib/gcc/arm-none-eabi/5.2.1/armv6-m/libgcc.a(floatunsidf.o)
 .debug_frame   0x00000e48       0x2c /usr/local/sbin/gcc-arm-none-eabi-5_2-2015q4/bin/../lib/gcc/arm-none-eabi/5.2.1/armv6-m/libgcc.a(truncdfsf2.o)
 .debug_frame   0x00000e74       0x2c /usr/local/sbin/gcc-arm-none-eabi-5_2-2015q4/bin/../lib/gcc/arm-none-eabi/5.2.1/armv6-m/libgcc.a(eqsf2.o)
 .debug_frame   0x00000ea0       0x30 /usr/local/sbin/gcc-arm-none-eabi-5_2-2015q4/bin/../lib/gcc/arm-none-eabi/5.2.1/armv6-m/libgcc.a(gesf2.o)
 .debug_frame   0x00000ed0       0x30 /usr/local/sbin/gcc-arm-none-eabi-5_2-2015q4/bin/../lib/gcc/arm-none-eabi/5.2.1/armv6-m/libgcc.a(lesf2.o)
 .debug_frame   0x00000f00       0x28 /usr/local/sbin/gcc-arm-none-eabi-5_2-2015q4/bin/../lib/gcc/arm-none-eabi/5.2.1/../../../../arm-none-eabi/lib/armv6-m/libc_nano.a(lib_a-memcpy-stub.o)
 .debug_frame   0x00000f28       0x50 /usr/local/sbin/gcc-arm-none-eabi-5_2-2015q4/bin/../lib/gcc/arm-none-eabi/5.2.1/../../../../arm-none-eabi/lib/armv6-m/libc_nano.a(lib_a-sprintf.o)
 .debug_frame   0x00000f78       0x28 /usr/local/sbin/gcc-arm-none-eabi-5_2-2015q4/bin/../lib/gcc/arm-none-eabi/5.2.1/../../../../arm-none-eabi/lib/armv6-m/libc_nano.a(lib_a-strcat.o)
 .debug_frame   0x00000fa0       0x20 /usr/local/sbin/gcc-arm-none-eabi-5_2-2015q4/bin/../lib/gcc/arm-none-eabi/5.2.1/../../../../arm-none-eabi/lib/armv6-m/libc_nano.a(lib_a-strcpy.o)
 .debug_frame   0x00000fc0       0x2c /usr/local/sbin/gcc-arm-none-eabi-5_2-2015q4/bin/../lib/gcc/arm-none-eabi/5.2.1/../../../../arm-none-eabi/lib/armv6-m/libc_nano.a(lib_a-strncmp.o)
 .debug_frame   0x00000fec       0x2c /usr/local/sbin/gcc-arm-none-eabi-5_2-2015q4/bin/../lib/gcc/arm-none-eabi/5.2.1/../../../../arm-none-eabi/lib/armv6-m/libc_nano.a(lib_a-strncpy.o)
 .debug_frame   0x00001018       0x2c /usr/local/sbin/gcc-arm-none-eabi-5_2-2015q4/bin/../lib/gcc/arm-none-eabi/5.2.1/../../../../arm-none-eabi/lib/armv6-m/libc_nano.a(lib_a-nano-freer.o)
 .debug_frame   0x00001044       0x2c /usr/local/sbin/gcc-arm-none-eabi-5_2-2015q4/bin/../lib/gcc/arm-none-eabi/5.2.1/../../../../arm-none-eabi/lib/armv6-m/libc_nano.a(lib_a-nano-mallocr.o)
 .debug_frame   0x00001070       0x74 /usr/local/sbin/gcc-arm-none-eabi-5_2-2015q4/bin/../lib/gcc/arm-none-eabi/5.2.1/../../../../arm-none-eabi/lib/armv6-m/libc_nano.a(lib_a-nano-svfprintf.o)
 .debug_frame   0x000010e4       0x54 /usr/local/sbin/gcc-arm-none-eabi-5_2-2015q4/bin/../lib/gcc/arm-none-eabi/5.2.1/../../../../arm-none-eabi/lib/armv6-m/libc_nano.a(lib_a-nano-vfprintf_i.o)
 .debug_frame   0x00001138       0x2c /usr/local/sbin/gcc-arm-none-eabi-5_2-2015q4/bin/../lib/gcc/arm-none-eabi/5.2.1/../../../../arm-none-eabi/lib/armv6-m/libc_nano.a(lib_a-sbrkr.o)
 .debug_frame   0x00001164       0x20 /usr/local/sbin/gcc-arm-none-eabi-5_2-2015q4/bin/../lib/gcc/arm-none-eabi/5.2.1/../../../../arm-none-eabi/lib/armv6-m/libc_nano.a(lib_a-memchr-stub.o)
 .debug_frame   0x00001184       0x28 /usr/local/sbin/gcc-arm-none-eabi-5_2-2015q4/bin/../lib/gcc/arm-none-eabi/5.2.1/../../../../arm-none-eabi/lib/armv6-m/libc_nano.a(lib_a-memmove.o)
 .debug_frame   0x000011ac       0x30 /usr/local/sbin/gcc-arm-none-eabi-5_2-2015q4/bin/../lib/gcc/arm-none-eabi/5.2.1/../../../../arm-none-eabi/lib/armv6-m/libc_nano.a(lib_a-nano-reallocr.o)
 .debug_frame   0x000011dc       0x48 /usr/local/sbin/gcc-arm-none-eabi-5_2-2015q4/bin/../lib/gcc/arm-none-eabi/5.2.1/../../../../arm-none-eabi/lib/armv6-m/libc_nano.a(lib_a-reent.o)
 .debug_frame   0x00001224       0x20 /usr/local/sbin/gcc-arm-none-eabi-5_2-2015q4/bin/../lib/gcc/arm-none-eabi/5.2.1/../../../../arm-none-eabi/lib/armv6-m/libc_nano.a(lib_a-nano-msizer.o)

Cross Reference Table

Symbol                                            File
ADC1_COMP_IRQHandler                              ./src/adc.o
ADCGetCalibrationFactor                           ./src/adc.o
AHBPrescTable                                     ./cmsis_boot/system_stm32f0xx.o
AdcConfig                                         ./src/adc.o
                                                  ./src/main.o
BackupPage                                        ./src/flash_program.o
CEC_IRQHandler                                    ./cmsis_boot/startup/startup_stm32f0xx.o
CheckTCPMessage                                   ./src/tcp_transceiver.o
CheckVersion                                      ./src/ESP8266.o
DMA1_Channel1_IRQHandler                          ./cmsis_boot/startup/startup_stm32f0xx.o
DMA1_Channel2_3_IRQHandler                        ./cmsis_boot/startup/startup_stm32f0xx.o
DMA1_Channel4_5_IRQHandler                        ./cmsis_boot/startup/startup_stm32f0xx.o
Default_Handler                                   ./cmsis_boot/startup/startup_stm32f0xx.o
ESPPreParser                                      ./src/ESP8266.o
ESPPreParser2                                     ./src/ESP8266.o
                                                  ./src/sim900_800.o
ESPToATMode                                       ./src/ESP8266.o
ESPVerifyVersion                                  ./src/ESP8266.o
ESP_ATModeRx                                      ./src/ESP8266.o
ESP_ATProcess                                     ./src/ESP8266.o
ESP_AskMode                                       ./src/ESP8266.o
ESP_EnableNewConn                                 ./src/ESP8266.o
ESP_GetIP                                         ./src/ESP8266.o
ESP_OpenSocket                                    ./src/ESP8266.o
ESP_OpenSocketResetSM                             ./src/ESP8266.o
ESP_SendConfigAP                                  ./src/ESP8266.o
ESP_SendConfigClient                              ./src/ESP8266.o
ESP_SendConfigResetSM                             ./src/ESP8266.o
ESP_SendData                                      ./src/ESP8266.o
                                                  ./src/tcp_transceiver.o
ESP_SendDataResetSM                               ./src/ESP8266.o
                                                  ./src/tcp_transceiver.o
ESP_SetMode                                       ./src/ESP8266.o
EXTI0_1_IRQHandler                                ./cmsis_boot/startup/startup_stm32f0xx.o
EXTI2_3_IRQHandler                                ./cmsis_boot/startup/startup_stm32f0xx.o
EXTI4_15_IRQHandler                               ./cmsis_boot/startup/startup_stm32f0xx.o
EXTIOff                                           ./src/gpio.o
                                                  ./src/main.o
EXTIOn                                            ./src/gpio.o
EraseAllMemory_FLASH                              ./src/flash_program.o
ErasePage                                         ./src/flash_program.o
FLASH_ErasePage                                   ./src/flash_program.o
FLASH_GetStatus                                   ./src/flash_program.o
FLASH_IRQHandler                                  ./cmsis_boot/startup/startup_stm32f0xx.o
FLASH_Lock                                        ./src/flash_program.o
FLASH_ProgramWord                                 ./src/flash_program.o
FLASH_Unlock                                      ./src/flash_program.o
FLASH_WaitForLastOperation                        ./src/flash_program.o
FillPhotoBuffer                                   ./src/adc.o
FuncsGSM                                          ./src/funcs_gsm.o
                                                  ./src/main.o
FuncsGSMCommandAnswer                             ./src/funcs_gsm.o
                                                  ./src/main.o
FuncsGSMMessageFlags                              ./src/funcs_gsm.o
                                                  ./src/sim900_800.o
FuncsGSMMessageFlagsAsk                           ./src/funcs_gsm.o
FuncsGSMReady                                     ./src/funcs_gsm.o
FuncsGSMReset                                     ./src/funcs_gsm.o
                                                  ./src/main.o
FuncsGSMSendSMS                                   ./src/funcs_gsm.o
                                                  ./src/main.o
FuncsGSMShutdown                                  ./src/funcs_gsm.o
FuncsGSMStateAsk                                  ./src/funcs_gsm.o
                                                  ./src/main.o
GPIO_Config                                       ./src/gpio.o
                                                  ./src/main.o
GPRSrssi                                          ./src/sim900_800.o
GPSConfig                                         ./src/gps_vktel.o
GPSConfigResetSM                                  ./src/gps_vktel.o
GPSProcess                                        ./src/gps_vktel.o
GPSResetFactory                                   ./src/gps_vktel.o
GPSStart                                          ./src/gps_vktel.o
GPSTimeoutCounters                                ./src/gps_vktel.o
GSMCantSMS                                        ./src/sim900_800.o
GSMCantSMS2                                       ./src/sim900_800.o
GSMCloseIP                                        ./src/sim900_800.o
GSMConfigGPRS                                     ./src/sim900_800.o
GSMConfigGPRSState                                ./src/sim900_800.o
GSMConfigGPRSTimeOut                              ./src/sim900_800.o
GSMConfigGPRSflag                                 ./src/sim900_800.o
GSMConfigPDPGPRS                                  ./src/sim900_800.o
GSMConfigState                                    ./src/sim900_800.o
GSMConfigTime                                     ./src/sim900_800.o
GSMConfigTimeOut                                  ./src/sim900_800.o
GSMFlags                                          ./src/funcs_gsm.o
GSMGeneralTimeOut                                 ./src/sim900_800.o
GSMIPadd                                          ./src/sim900_800.o
GSMPrestador                                      ./src/sim900_800.o
GSMProcess                                        ./src/sim900_800.o
                                                  ./src/funcs_gsm.o
GSMReadSMSState                                   ./src/sim900_800.o
GSMReadSMScommand                                 ./src/sim900_800.o
GSMReadSMSrepIn                                   ./src/sim900_800.o
GSMReceivSMS                                      ./src/sim900_800.o
                                                  ./src/funcs_gsm.o
GSMReceive                                        ./src/sim900_800.o
                                                  ./src/funcs_gsm.o
GSMSendCommand                                    ./src/sim900_800.o
                                                  ./src/funcs_gsm.o
GSMSendCommandFlag                                ./src/sim900_800.o
GSMSendCommandState                               ./src/sim900_800.o
GSMSendCommandTimeOut                             ./src/sim900_800.o
GSMSendIP                                         ./src/sim900_800.o
GSMSendIPFlag                                     ./src/sim900_800.o
GSMSendIPState                                    ./src/sim900_800.o
GSMSendIPTimeOut                                  ./src/sim900_800.o
GSMSendIPbuffAux                                  ./src/sim900_800.o
GSMSendSMS                                        ./src/sim900_800.o
                                                  ./src/funcs_gsm.o
GSMSendSMSFlag                                    ./src/sim900_800.o
GSMSendSMSState                                   ./src/sim900_800.o
GSMSendSMSTimeOut                                 ./src/sim900_800.o
GSMSendSMSbuffAux                                 ./src/sim900_800.o
GSMStartState                                     ./src/sim900_800.o
GSMStartTime                                      ./src/sim900_800.o
GSMTimeoutCounters                                ./src/sim900_800.o
                                                  ./src/main.o
GSM_CMGF                                          ./src/sim900_800.o
GSM_Config                                        ./src/sim900_800.o
GSM_Delay                                         ./src/sim900_800.o
                                                  ./src/funcs_gsm.o
GSM_ERR                                           ./src/sim900_800.o
GSM_IPCONNCLOSE                                   ./src/sim900_800.o
GSM_IPCONNECTING                                  ./src/sim900_800.o
GSM_IPCONNFAIL                                    ./src/sim900_800.o
GSM_IPCONNOK                                      ./src/sim900_800.o
GSM_IPGPRSACT                                     ./src/sim900_800.o
GSM_IPINITIAL                                     ./src/sim900_800.o
GSM_IPSTART                                       ./src/sim900_800.o
GSM_IPSTATE                                       ./src/sim900_800.o
GSM_IPSTATUS                                      ./src/sim900_800.o
GSM_OK                                            ./src/sim900_800.o
GSM_SENDOK                                        ./src/sim900_800.o
GSM_SIM1                                          ./src/sim900_800.o
GSM_SIM2                                          ./src/sim900_800.o
GSM_SetSIM                                        ./src/sim900_800.o
GSM_Start                                         ./src/sim900_800.o
                                                  ./src/funcs_gsm.o
GSM_Start_Stop_ResetSM                            ./src/sim900_800.o
                                                  ./src/funcs_gsm.o
GSM_Stop                                          ./src/sim900_800.o
                                                  ./src/funcs_gsm.o
GSMbuffGPRSCommand                                ./src/sim900_800.o
GSMbuffRtaCommand                                 ./src/sim900_800.o
GSMbuffStatus                                     ./src/sim900_800.o
GSMnumSMS                                         ./src/sim900_800.o
GetHysteresis                                     ./src/hard.o
                                                  ./src/main.o
GetIGrid                                          ./src/hard.o
                                                  ./src/main.o
GetNew1to10                                       ./src/hard.o
                                                  ./src/main.o
GetPhoto                                          ./src/adc.o
                                                  ./src/main.o
GetVGrid                                          ./src/hard.o
                                                  ./src/main.o
GetValue                                          ./src/tcp_transceiver.o
HardFault_Handler                                 ./src/stm32f0xx_it.o
I2C1_IRQHandler                                   ./cmsis_boot/startup/startup_stm32f0xx.o
I2C2_IRQHandler                                   ./cmsis_boot/startup/startup_stm32f0xx.o
IpIsValid                                         ./src/tcp_transceiver.o
MAFilter32                                        ./src/dsp.o
MAFilter32Circular                                ./src/dsp.o
MAFilter8                                         ./src/dsp.o
                                                  ./src/hard.o
MAFilterFast                                      ./src/dsp.o
MQTTDeserialize_ack                               ./paho.mqtt.embedded-c/MQTTPacket/src/MQTTDeserializePublish.o
                                                  ./paho.mqtt.embedded-c/MQTTPacket/src/MQTTUnsubscribeClient.o
                                                  ./paho.mqtt.embedded-c/MQTTPacket/src/MQTTFormat.o
MQTTDeserialize_connack                           ./paho.mqtt.embedded-c/MQTTPacket/src/MQTTConnectClient.o
                                                  ./paho.mqtt.embedded-c/MQTTPacket/src/MQTTFormat.o
MQTTDeserialize_connect                           ./paho.mqtt.embedded-c/MQTTPacket/src/MQTTConnectServer.o
                                                  ./paho.mqtt.embedded-c/MQTTPacket/src/MQTTFormat.o
MQTTDeserialize_publish                           ./paho.mqtt.embedded-c/MQTTPacket/src/MQTTDeserializePublish.o
                                                  ./paho.mqtt.embedded-c/MQTTPacket/src/MQTTFormat.o
MQTTDeserialize_suback                            ./paho.mqtt.embedded-c/MQTTPacket/src/MQTTSubscribeClient.o
                                                  ./paho.mqtt.embedded-c/MQTTPacket/src/MQTTFormat.o
MQTTDeserialize_subscribe                         ./paho.mqtt.embedded-c/MQTTPacket/src/MQTTSubscribeServer.o
                                                  ./paho.mqtt.embedded-c/MQTTPacket/src/MQTTFormat.o
MQTTDeserialize_unsuback                          ./paho.mqtt.embedded-c/MQTTPacket/src/MQTTUnsubscribeClient.o
                                                  ./paho.mqtt.embedded-c/MQTTPacket/src/MQTTFormat.o
MQTTDeserialize_unsubscribe                       ./paho.mqtt.embedded-c/MQTTPacket/src/MQTTUnsubscribeServer.o
                                                  ./paho.mqtt.embedded-c/MQTTPacket/src/MQTTFormat.o
MQTTFormat_toClientString                         ./paho.mqtt.embedded-c/MQTTPacket/src/MQTTFormat.o
MQTTFormat_toServerString                         ./paho.mqtt.embedded-c/MQTTPacket/src/MQTTFormat.o
MQTTPacket_checkVersion                           ./paho.mqtt.embedded-c/MQTTPacket/src/MQTTConnectServer.o
MQTTPacket_decode                                 ./paho.mqtt.embedded-c/MQTTPacket/src/MQTTPacket.o
MQTTPacket_decodeBuf                              ./paho.mqtt.embedded-c/MQTTPacket/src/MQTTPacket.o
                                                  ./paho.mqtt.embedded-c/MQTTPacket/src/MQTTUnsubscribeServer.o
                                                  ./paho.mqtt.embedded-c/MQTTPacket/src/MQTTSubscribeServer.o
                                                  ./paho.mqtt.embedded-c/MQTTPacket/src/MQTTSubscribeClient.o
                                                  ./paho.mqtt.embedded-c/MQTTPacket/src/MQTTFormat.o
                                                  ./paho.mqtt.embedded-c/MQTTPacket/src/MQTTDeserializePublish.o
                                                  ./paho.mqtt.embedded-c/MQTTPacket/src/MQTTConnectServer.o
                                                  ./paho.mqtt.embedded-c/MQTTPacket/src/MQTTConnectClient.o
MQTTPacket_encode                                 ./paho.mqtt.embedded-c/MQTTPacket/src/MQTTPacket.o
                                                  ./paho.mqtt.embedded-c/MQTTPacket/src/MQTTUnsubscribeServer.o
                                                  ./paho.mqtt.embedded-c/MQTTPacket/src/MQTTUnsubscribeClient.o
                                                  ./paho.mqtt.embedded-c/MQTTPacket/src/MQTTSubscribeServer.o
                                                  ./paho.mqtt.embedded-c/MQTTPacket/src/MQTTSubscribeClient.o
                                                  ./paho.mqtt.embedded-c/MQTTPacket/src/MQTTSerializePublish.o
                                                  ./paho.mqtt.embedded-c/MQTTPacket/src/MQTTConnectServer.o
                                                  ./paho.mqtt.embedded-c/MQTTPacket/src/MQTTConnectClient.o
MQTTPacket_equals                                 ./paho.mqtt.embedded-c/MQTTPacket/src/MQTTPacket.o
MQTTPacket_getName                                ./paho.mqtt.embedded-c/MQTTPacket/src/MQTTFormat.o
MQTTPacket_len                                    ./paho.mqtt.embedded-c/MQTTPacket/src/MQTTPacket.o
                                                  ./paho.mqtt.embedded-c/MQTTPacket/src/MQTTUnsubscribeClient.o
                                                  ./paho.mqtt.embedded-c/MQTTPacket/src/MQTTSubscribeClient.o
                                                  ./paho.mqtt.embedded-c/MQTTPacket/src/MQTTSerializePublish.o
                                                  ./paho.mqtt.embedded-c/MQTTPacket/src/MQTTConnectClient.o
MQTTPacket_names                                  ./paho.mqtt.embedded-c/MQTTPacket/src/MQTTFormat.o
MQTTPacket_read                                   ./paho.mqtt.embedded-c/MQTTPacket/src/MQTTPacket.o
MQTTPacket_readnb                                 ./paho.mqtt.embedded-c/MQTTPacket/src/MQTTPacket.o
MQTTSerialize_ack                                 ./paho.mqtt.embedded-c/MQTTPacket/src/MQTTSerializePublish.o
MQTTSerialize_connack                             ./paho.mqtt.embedded-c/MQTTPacket/src/MQTTConnectServer.o
MQTTSerialize_connect                             ./paho.mqtt.embedded-c/MQTTPacket/src/MQTTConnectClient.o
MQTTSerialize_connectLength                       ./paho.mqtt.embedded-c/MQTTPacket/src/MQTTConnectClient.o
MQTTSerialize_disconnect                          ./paho.mqtt.embedded-c/MQTTPacket/src/MQTTConnectClient.o
MQTTSerialize_pingreq                             ./paho.mqtt.embedded-c/MQTTPacket/src/MQTTConnectClient.o
MQTTSerialize_puback                              ./paho.mqtt.embedded-c/MQTTPacket/src/MQTTSerializePublish.o
MQTTSerialize_pubcomp                             ./paho.mqtt.embedded-c/MQTTPacket/src/MQTTSerializePublish.o
MQTTSerialize_publish                             ./paho.mqtt.embedded-c/MQTTPacket/src/MQTTSerializePublish.o
MQTTSerialize_publishLength                       ./paho.mqtt.embedded-c/MQTTPacket/src/MQTTSerializePublish.o
MQTTSerialize_pubrel                              ./paho.mqtt.embedded-c/MQTTPacket/src/MQTTSerializePublish.o
MQTTSerialize_suback                              ./paho.mqtt.embedded-c/MQTTPacket/src/MQTTSubscribeServer.o
MQTTSerialize_subscribe                           ./paho.mqtt.embedded-c/MQTTPacket/src/MQTTSubscribeClient.o
MQTTSerialize_subscribeLength                     ./paho.mqtt.embedded-c/MQTTPacket/src/MQTTSubscribeClient.o
MQTTSerialize_unsuback                            ./paho.mqtt.embedded-c/MQTTPacket/src/MQTTUnsubscribeServer.o
MQTTSerialize_unsubscribe                         ./paho.mqtt.embedded-c/MQTTPacket/src/MQTTUnsubscribeClient.o
MQTTSerialize_unsubscribeLength                   ./paho.mqtt.embedded-c/MQTTPacket/src/MQTTUnsubscribeClient.o
MQTTSerialize_zero                                ./paho.mqtt.embedded-c/MQTTPacket/src/MQTTConnectClient.o
MQTTStringFormat_ack                              ./paho.mqtt.embedded-c/MQTTPacket/src/MQTTFormat.o
MQTTStringFormat_connack                          ./paho.mqtt.embedded-c/MQTTPacket/src/MQTTFormat.o
MQTTStringFormat_connect                          ./paho.mqtt.embedded-c/MQTTPacket/src/MQTTFormat.o
MQTTStringFormat_publish                          ./paho.mqtt.embedded-c/MQTTPacket/src/MQTTFormat.o
MQTTStringFormat_suback                           ./paho.mqtt.embedded-c/MQTTPacket/src/MQTTFormat.o
MQTTStringFormat_subscribe                        ./paho.mqtt.embedded-c/MQTTPacket/src/MQTTFormat.o
MQTTStringFormat_unsubscribe                      ./paho.mqtt.embedded-c/MQTTPacket/src/MQTTFormat.o
MQTTstrlen                                        ./paho.mqtt.embedded-c/MQTTPacket/src/MQTTPacket.o
                                                  ./paho.mqtt.embedded-c/MQTTPacket/src/MQTTUnsubscribeClient.o
                                                  ./paho.mqtt.embedded-c/MQTTPacket/src/MQTTSubscribeClient.o
                                                  ./paho.mqtt.embedded-c/MQTTPacket/src/MQTTSerializePublish.o
                                                  ./paho.mqtt.embedded-c/MQTTPacket/src/MQTTConnectClient.o
NMI_Handler                                       ./src/stm32f0xx_it.o
OctetIsValid                                      ./src/tcp_transceiver.o
OneShootTIM16                                     ./src/tim.o
PVD_IRQHandler                                    ./cmsis_boot/startup/startup_stm32f0xx.o
PacketReadyUARTGSM                                ./src/sim900_800.o
PendSV_Handler                                    ./src/stm32f0xx_it.o
PowerCalc                                         ./src/hard.o
                                                  ./src/main.o
PowerCalcMean8                                    ./src/hard.o
                                                  ./src/main.o
RCC_IRQHandler                                    ./cmsis_boot/startup/startup_stm32f0xx.o
RTC_IRQHandler                                    ./cmsis_boot/startup/startup_stm32f0xx.o
RandomGen                                         ./src/dsp.o
ReadADC1Check                                     ./src/adc.o
ReadADC1_SameSampleTime                           ./src/adc.o
ReadPcktR                                         ./src/tcp_transceiver.o
ReadPcktS                                         ./src/tcp_transceiver.o
ReadUsart1Buffer                                  ./src/uart.o
                                                  ./src/sim900_800.o
                                                  ./src/gps_vktel.o
ReadUsart2Buffer                                  ./src/uart.o
RelayIsOff                                        ./src/hard.o
RelayIsOn                                         ./src/hard.o
RelayOff                                          ./src/hard.o
                                                  ./src/main.o
RelayOn                                           ./src/hard.o
                                                  ./src/main.o
Reset_Handler                                     ./cmsis_boot/startup/startup_stm32f0xx.o
SIM900APNSIM1                                     ./src/sim900_800.o
SIM900APNSIM2                                     ./src/sim900_800.o
SIM900CLAVESIM1                                   ./src/sim900_800.o
SIM900CLAVESIM2                                   ./src/sim900_800.o
SIM900IPREMOTE                                    ./src/sim900_800.o
SIM900PORTREMOTE                                  ./src/sim900_800.o
SIM900USUARIOSIM1                                 ./src/sim900_800.o
SIM900USUARIOSIM2                                 ./src/sim900_800.o
SPI1_IRQHandler                                   ./cmsis_boot/startup/startup_stm32f0xx.o
SPI2_IRQHandler                                   ./cmsis_boot/startup/startup_stm32f0xx.o
SVC_Handler                                       ./src/stm32f0xx_it.o
SendCommandWaitAnswer                             ./src/ESP8266.o
SendCommandWaitAnswerResetSM                      ./src/ESP8266.o
SendCommandWithAnswer                             ./src/ESP8266.o
SetADC1_SampleTime                                ./src/adc.o
SetSysClockInternalRC                             ./cmsis_boot/system_stm32f0xx.o
ShowPower                                         ./src/hard.o
                                                  ./src/main.o
SysTick_Handler                                   ./src/stm32f0xx_it.o
SystemCoreClock                                   ./cmsis_boot/system_stm32f0xx.o
SystemCoreClockUpdate                             ./cmsis_boot/system_stm32f0xx.o
SystemInit                                        ./cmsis_boot/system_stm32f0xx.o
                                                  ./cmsis_boot/startup/startup_stm32f0xx.o
TCPPreProcess                                     ./src/tcp_transceiver.o
TCPProcess                                        ./src/tcp_transceiver.o
TCPProcessInit                                    ./src/tcp_transceiver.o
TCPSendData                                       ./src/tcp_transceiver.o
TCPSendDataSocket                                 ./src/tcp_transceiver.o
TIM14_IRQHandler                                  ./src/tim.o
TIM15_IRQHandler                                  ./cmsis_boot/startup/startup_stm32f0xx.o
TIM16Disable                                      ./src/tim.o
TIM16Enable                                       ./src/tim.o
                                                  ./src/main.o
TIM16_IRQHandler                                  ./src/tim.o
TIM17_IRQHandler                                  ./src/tim.o
TIM1_BRK_UP_TRG_COM_IRQHandler                    ./cmsis_boot/startup/startup_stm32f0xx.o
TIM1_CC_IRQHandler                                ./cmsis_boot/startup/startup_stm32f0xx.o
TIM2_IRQHandler                                   ./cmsis_boot/startup/startup_stm32f0xx.o
TIM3_IRQHandler                                   ./src/tim.o
TIM6_DAC_IRQHandler                               ./cmsis_boot/startup/startup_stm32f0xx.o
TIM_14_Init                                       ./src/tim.o
TIM_16_Init                                       ./src/tim.o
                                                  ./src/main.o
TIM_17_Init                                       ./src/tim.o
TIM_3_Init                                        ./src/tim.o
                                                  ./src/main.o
TIM_6_Init                                        ./src/tim.o
TS_IRQHandler                                     ./cmsis_boot/startup/startup_stm32f0xx.o
TimingDelay_Decrement                             ./src/main.o
                                                  ./src/stm32f0xx_it.o
USART1Config                                      ./src/uart.o
                                                  ./src/main.o
USART1_IRQHandler                                 ./src/uart.o
USART2Config                                      ./src/uart.o
                                                  ./src/main.o
USART2_IRQHandler                                 ./src/uart.o
UpdateIGrid                                       ./src/hard.o
                                                  ./src/main.o
UpdatePhotoTransistor                             ./src/adc.o
                                                  ./src/main.o
UpdateRelay                                       ./src/hard.o
                                                  ./src/main.o
UpdateVGrid                                       ./src/hard.o
                                                  ./src/main.o
Update_TIM3_CH1                                   ./src/tim.o
                                                  ./src/main.o
Update_TIM3_CH2                                   ./src/tim.o
Update_TIM3_CH3                                   ./src/tim.o
Update_TIM3_CH4                                   ./src/tim.o
Usart1Mode                                        ./src/uart.o
                                                  ./src/main.o
Usart1Send                                        ./src/uart.o
                                                  ./src/sim900_800.o
Usart1SendSingle                                  ./src/uart.o
                                                  ./src/gps_vktel.o
Usart1SendUnsigned                                ./src/uart.o
                                                  ./src/gps_vktel.o
Usart2Send                                        ./src/uart.o
                                                  ./src/funcs_gsm.o
                                                  ./src/ESP8266.o
                                                  ./src/main.o
Usart2SendSingle                                  ./src/uart.o
Usart2SendUnsigned                                ./src/uart.o
VoltagePhoto                                      ./src/adc.o
WWDG_IRQHandler                                   ./cmsis_boot/startup/startup_stm32f0xx.o
Wait_ms                                           ./src/tim.o
                                                  ./src/main.o
WriteConfigurations                               ./src/flash_program.o
WriteFlash                                        ./src/flash_program.o
WritePage                                         ./src/flash_program.o
__REV                                             ./cmsis_core/core_cm0.o
__REV16                                           ./cmsis_core/core_cm0.o
__REVSH                                           ./cmsis_core/core_cm0.o
__aeabi_cfcmpeq                                   /usr/local/sbin/gcc-arm-none-eabi-5_2-2015q4/bin/../lib/gcc/arm-none-eabi/5.2.1/armv6-m/libgcc.a(_arm_cmpsf2.o)
__aeabi_cfcmple                                   /usr/local/sbin/gcc-arm-none-eabi-5_2-2015q4/bin/../lib/gcc/arm-none-eabi/5.2.1/armv6-m/libgcc.a(_arm_cmpsf2.o)
__aeabi_cfrcmple                                  /usr/local/sbin/gcc-arm-none-eabi-5_2-2015q4/bin/../lib/gcc/arm-none-eabi/5.2.1/armv6-m/libgcc.a(_arm_cmpsf2.o)
__aeabi_d2f                                       /usr/local/sbin/gcc-arm-none-eabi-5_2-2015q4/bin/../lib/gcc/arm-none-eabi/5.2.1/armv6-m/libgcc.a(truncdfsf2.o)
                                                  ./src/hard.o
__aeabi_dmul                                      /usr/local/sbin/gcc-arm-none-eabi-5_2-2015q4/bin/../lib/gcc/arm-none-eabi/5.2.1/armv6-m/libgcc.a(muldf3.o)
                                                  ./src/hard.o
__aeabi_f2iz                                      /usr/local/sbin/gcc-arm-none-eabi-5_2-2015q4/bin/../lib/gcc/arm-none-eabi/5.2.1/armv6-m/libgcc.a(fixsfsi.o)
                                                  /usr/local/sbin/gcc-arm-none-eabi-5_2-2015q4/bin/../lib/gcc/arm-none-eabi/5.2.1/armv6-m/libgcc.a(_fixunssfsi.o)
__aeabi_f2uiz                                     /usr/local/sbin/gcc-arm-none-eabi-5_2-2015q4/bin/../lib/gcc/arm-none-eabi/5.2.1/armv6-m/libgcc.a(_fixunssfsi.o)
                                                  ./src/hard.o
__aeabi_fcmpeq                                    /usr/local/sbin/gcc-arm-none-eabi-5_2-2015q4/bin/../lib/gcc/arm-none-eabi/5.2.1/armv6-m/libgcc.a(_arm_cmpsf2.o)
__aeabi_fcmpge                                    /usr/local/sbin/gcc-arm-none-eabi-5_2-2015q4/bin/../lib/gcc/arm-none-eabi/5.2.1/armv6-m/libgcc.a(_arm_cmpsf2.o)
                                                  /usr/local/sbin/gcc-arm-none-eabi-5_2-2015q4/bin/../lib/gcc/arm-none-eabi/5.2.1/armv6-m/libgcc.a(_fixunssfsi.o)
__aeabi_fcmpgt                                    /usr/local/sbin/gcc-arm-none-eabi-5_2-2015q4/bin/../lib/gcc/arm-none-eabi/5.2.1/armv6-m/libgcc.a(_arm_cmpsf2.o)
__aeabi_fcmple                                    /usr/local/sbin/gcc-arm-none-eabi-5_2-2015q4/bin/../lib/gcc/arm-none-eabi/5.2.1/armv6-m/libgcc.a(_arm_cmpsf2.o)
__aeabi_fcmplt                                    /usr/local/sbin/gcc-arm-none-eabi-5_2-2015q4/bin/../lib/gcc/arm-none-eabi/5.2.1/armv6-m/libgcc.a(_arm_cmpsf2.o)
__aeabi_fmul                                      /usr/local/sbin/gcc-arm-none-eabi-5_2-2015q4/bin/../lib/gcc/arm-none-eabi/5.2.1/armv6-m/libgcc.a(mulsf3.o)
                                                  ./src/hard.o
__aeabi_fsub                                      /usr/local/sbin/gcc-arm-none-eabi-5_2-2015q4/bin/../lib/gcc/arm-none-eabi/5.2.1/armv6-m/libgcc.a(subsf3.o)
                                                  /usr/local/sbin/gcc-arm-none-eabi-5_2-2015q4/bin/../lib/gcc/arm-none-eabi/5.2.1/armv6-m/libgcc.a(_fixunssfsi.o)
                                                  ./src/hard.o
__aeabi_i2d                                       /usr/local/sbin/gcc-arm-none-eabi-5_2-2015q4/bin/../lib/gcc/arm-none-eabi/5.2.1/armv6-m/libgcc.a(floatsidf.o)
                                                  ./src/hard.o
__aeabi_i2f                                       /usr/local/sbin/gcc-arm-none-eabi-5_2-2015q4/bin/../lib/gcc/arm-none-eabi/5.2.1/armv6-m/libgcc.a(floatsisf.o)
                                                  ./src/hard.o
__aeabi_idiv0                                     /usr/local/sbin/gcc-arm-none-eabi-5_2-2015q4/bin/../lib/gcc/arm-none-eabi/5.2.1/armv6-m/libgcc.a(_dvmd_tls.o)
                                                  /usr/local/sbin/gcc-arm-none-eabi-5_2-2015q4/bin/../lib/gcc/arm-none-eabi/5.2.1/armv6-m/libgcc.a(_udivsi3.o)
__aeabi_ldiv0                                     /usr/local/sbin/gcc-arm-none-eabi-5_2-2015q4/bin/../lib/gcc/arm-none-eabi/5.2.1/armv6-m/libgcc.a(_dvmd_tls.o)
__aeabi_lmul                                      /usr/local/sbin/gcc-arm-none-eabi-5_2-2015q4/bin/../lib/gcc/arm-none-eabi/5.2.1/armv6-m/libgcc.a(_muldi3.o)
                                                  /usr/local/sbin/gcc-arm-none-eabi-5_2-2015q4/bin/../lib/gcc/arm-none-eabi/5.2.1/../../../../arm-none-eabi/lib/armv6-m/libc_nano.a(lib_a-rand.o)
__aeabi_ui2d                                      /usr/local/sbin/gcc-arm-none-eabi-5_2-2015q4/bin/../lib/gcc/arm-none-eabi/5.2.1/armv6-m/libgcc.a(floatunsidf.o)
                                                  ./src/hard.o
__aeabi_uidiv                                     /usr/local/sbin/gcc-arm-none-eabi-5_2-2015q4/bin/../lib/gcc/arm-none-eabi/5.2.1/armv6-m/libgcc.a(_udivsi3.o)
                                                  /usr/local/sbin/gcc-arm-none-eabi-5_2-2015q4/bin/../lib/gcc/arm-none-eabi/5.2.1/../../../../arm-none-eabi/lib/armv6-m/libc_nano.a(lib_a-nano-vfprintf_i.o)
                                                  /usr/local/sbin/gcc-arm-none-eabi-5_2-2015q4/bin/../lib/gcc/arm-none-eabi/5.2.1/../../../../arm-none-eabi/lib/armv6-m/libc_nano.a(lib_a-strtol.o)
                                                  ./src/hard.o
                                                  ./cmsis_boot/system_stm32f0xx.o
                                                  ./src/main.o
__aeabi_uidivmod                                  /usr/local/sbin/gcc-arm-none-eabi-5_2-2015q4/bin/../lib/gcc/arm-none-eabi/5.2.1/armv6-m/libgcc.a(_udivsi3.o)
                                                  /usr/local/sbin/gcc-arm-none-eabi-5_2-2015q4/bin/../lib/gcc/arm-none-eabi/5.2.1/../../../../arm-none-eabi/lib/armv6-m/libc_nano.a(lib_a-nano-vfprintf_i.o)
                                                  /usr/local/sbin/gcc-arm-none-eabi-5_2-2015q4/bin/../lib/gcc/arm-none-eabi/5.2.1/../../../../arm-none-eabi/lib/armv6-m/libc_nano.a(lib_a-strtol.o)
__clzsi2                                          /usr/local/sbin/gcc-arm-none-eabi-5_2-2015q4/bin/../lib/gcc/arm-none-eabi/5.2.1/armv6-m/libgcc.a(_clzsi2.o)
                                                  /usr/local/sbin/gcc-arm-none-eabi-5_2-2015q4/bin/../lib/gcc/arm-none-eabi/5.2.1/armv6-m/libgcc.a(floatunsidf.o)
                                                  /usr/local/sbin/gcc-arm-none-eabi-5_2-2015q4/bin/../lib/gcc/arm-none-eabi/5.2.1/armv6-m/libgcc.a(floatsidf.o)
                                                  /usr/local/sbin/gcc-arm-none-eabi-5_2-2015q4/bin/../lib/gcc/arm-none-eabi/5.2.1/armv6-m/libgcc.a(muldf3.o)
                                                  /usr/local/sbin/gcc-arm-none-eabi-5_2-2015q4/bin/../lib/gcc/arm-none-eabi/5.2.1/armv6-m/libgcc.a(floatsisf.o)
                                                  /usr/local/sbin/gcc-arm-none-eabi-5_2-2015q4/bin/../lib/gcc/arm-none-eabi/5.2.1/armv6-m/libgcc.a(subsf3.o)
                                                  /usr/local/sbin/gcc-arm-none-eabi-5_2-2015q4/bin/../lib/gcc/arm-none-eabi/5.2.1/armv6-m/libgcc.a(mulsf3.o)
__ctype_ptr__                                     /usr/local/sbin/gcc-arm-none-eabi-5_2-2015q4/bin/../lib/gcc/arm-none-eabi/5.2.1/../../../../arm-none-eabi/lib/armv6-m/libc_nano.a(lib_a-ctype_.o)
                                                  /usr/local/sbin/gcc-arm-none-eabi-5_2-2015q4/bin/../lib/gcc/arm-none-eabi/5.2.1/../../../../arm-none-eabi/lib/armv6-m/libc_nano.a(lib_a-strtol.o)
__eqsf2                                           /usr/local/sbin/gcc-arm-none-eabi-5_2-2015q4/bin/../lib/gcc/arm-none-eabi/5.2.1/armv6-m/libgcc.a(eqsf2.o)
                                                  /usr/local/sbin/gcc-arm-none-eabi-5_2-2015q4/bin/../lib/gcc/arm-none-eabi/5.2.1/armv6-m/libgcc.a(_arm_cmpsf2.o)
__fixunssfsi                                      /usr/local/sbin/gcc-arm-none-eabi-5_2-2015q4/bin/../lib/gcc/arm-none-eabi/5.2.1/armv6-m/libgcc.a(_fixunssfsi.o)
__gesf2                                           /usr/local/sbin/gcc-arm-none-eabi-5_2-2015q4/bin/../lib/gcc/arm-none-eabi/5.2.1/armv6-m/libgcc.a(gesf2.o)
                                                  /usr/local/sbin/gcc-arm-none-eabi-5_2-2015q4/bin/../lib/gcc/arm-none-eabi/5.2.1/armv6-m/libgcc.a(_arm_cmpsf2.o)
__get_CONTROL                                     ./cmsis_core/core_cm0.o
__get_MSP                                         ./cmsis_core/core_cm0.o
__get_PRIMASK                                     ./cmsis_core/core_cm0.o
__get_PSP                                         ./cmsis_core/core_cm0.o
__gtsf2                                           /usr/local/sbin/gcc-arm-none-eabi-5_2-2015q4/bin/../lib/gcc/arm-none-eabi/5.2.1/armv6-m/libgcc.a(gesf2.o)
__lesf2                                           /usr/local/sbin/gcc-arm-none-eabi-5_2-2015q4/bin/../lib/gcc/arm-none-eabi/5.2.1/armv6-m/libgcc.a(lesf2.o)
                                                  /usr/local/sbin/gcc-arm-none-eabi-5_2-2015q4/bin/../lib/gcc/arm-none-eabi/5.2.1/armv6-m/libgcc.a(_arm_cmpsf2.o)
__ltsf2                                           /usr/local/sbin/gcc-arm-none-eabi-5_2-2015q4/bin/../lib/gcc/arm-none-eabi/5.2.1/armv6-m/libgcc.a(lesf2.o)
__malloc_free_list                                /usr/local/sbin/gcc-arm-none-eabi-5_2-2015q4/bin/../lib/gcc/arm-none-eabi/5.2.1/../../../../arm-none-eabi/lib/armv6-m/libc_nano.a(lib_a-nano-mallocr.o)
                                                  /usr/local/sbin/gcc-arm-none-eabi-5_2-2015q4/bin/../lib/gcc/arm-none-eabi/5.2.1/../../../../arm-none-eabi/lib/armv6-m/libc_nano.a(lib_a-nano-freer.o)
__malloc_sbrk_start                               /usr/local/sbin/gcc-arm-none-eabi-5_2-2015q4/bin/../lib/gcc/arm-none-eabi/5.2.1/../../../../arm-none-eabi/lib/armv6-m/libc_nano.a(lib_a-nano-mallocr.o)
__muldi3                                          /usr/local/sbin/gcc-arm-none-eabi-5_2-2015q4/bin/../lib/gcc/arm-none-eabi/5.2.1/armv6-m/libgcc.a(_muldi3.o)
__nesf2                                           /usr/local/sbin/gcc-arm-none-eabi-5_2-2015q4/bin/../lib/gcc/arm-none-eabi/5.2.1/armv6-m/libgcc.a(eqsf2.o)